07-29 10:34:55.648  3790  3790 W NotifCollection: Ranking update is missing ranking for 0|com.whatsapp|1|KDDWftjoWVLcW6ZewvcdvuiUqSavd5JFIYBuX3DzPJc=
07-29 10:34:55.648  3790  3790 W NotifCollection: Ranking update is missing ranking for 0|com.whatsapp|1|7RogJdyQxpg7encGHUrBKkMmDED31ZWjOaeBLJGvKW0=
07-29 10:34:55.648  3790  3790 W NotifCollection: Ranking update is missing ranking for 0|com.whatsapp|1|g1+MLWul+fwXuB6I3J9pjx6uH8ZN/MKz+69SyC4a/zk=
07-29 10:34:55.648  3790  3790 W NotifCollection: Ranking update is missing ranking for 0|com.whatsapp|1|EN550RdtZR6bXorPyfM9LWSiNDVQHK+X1YIZNstz0KA=
07-29 10:34:55.648  3790  3790 W NotifCollection: Ranking update is missing ranking for 0|com.whatsapp|1|x5MXP6nPBTZr3yKuZK2ViwWB1IvPCEzSKCaONMFp0EQ=
07-29 10:34:55.721  3790  3790 W NotifCollection: Ranking update is missing ranking for 0|com.whatsapp|1|KDDWftjoWVLcW6ZewvcdvuiUqSavd5JFIYBuX3DzPJc=
07-29 10:34:55.721  3790  3790 W NotifCollection: Ranking update is missing ranking for 0|com.whatsapp|1|7RogJdyQxpg7encGHUrBKkMmDED31ZWjOaeBLJGvKW0=
07-29 10:34:55.721  3790  3790 W NotifCollection: Ranking update is missing ranking for 0|com.whatsapp|1|g1+MLWul+fwXuB6I3J9pjx6uH8ZN/MKz+69SyC4a/zk=
07-29 10:34:55.721  3790  3790 W NotifCollection: Ranking update is missing ranking for 0|com.whatsapp|1|EN550RdtZR6bXorPyfM9LWSiNDVQHK+X1YIZNstz0KA=
07-29 10:34:55.721  3790  3790 W NotifCollection: Ranking update is missing ranking for 0|com.whatsapp|1|x5MXP6nPBTZr3yKuZK2ViwWB1IvPCEzSKCaONMFp0EQ=
07-29 10:34:55.891  3790  3790 W NotifCollection: Ranking update is missing ranking for 0|com.whatsapp|1|KDDWftjoWVLcW6ZewvcdvuiUqSavd5JFIYBuX3DzPJc=
07-29 10:34:55.891  3790  3790 W NotifCollection: Ranking update is missing ranking for 0|com.whatsapp|1|7RogJdyQxpg7encGHUrBKkMmDED31ZWjOaeBLJGvKW0=
07-29 10:34:55.891  3790  3790 W NotifCollection: Ranking update is missing ranking for 0|com.whatsapp|1|g1+MLWul+fwXuB6I3J9pjx6uH8ZN/MKz+69SyC4a/zk=
07-29 10:34:55.891  3790  3790 W NotifCollection: Ranking update is missing ranking for 0|com.whatsapp|1|EN550RdtZR6bXorPyfM9LWSiNDVQHK+X1YIZNstz0KA=
07-29 10:34:55.891  3790  3790 W NotifCollection: Ranking update is missing ranking for 0|com.whatsapp|1|x5MXP6nPBTZr3yKuZK2ViwWB1IvPCEzSKCaONMFp0EQ=
07-29 10:34:56.026  3790  3790 W NotifCollection: Ranking update is missing ranking for 0|com.whatsapp|1|KDDWftjoWVLcW6ZewvcdvuiUqSavd5JFIYBuX3DzPJc=
07-29 10:34:56.027  3790  3790 W NotifCollection: Ranking update is missing ranking for 0|com.whatsapp|1|7RogJdyQxpg7encGHUrBKkMmDED31ZWjOaeBLJGvKW0=
07-29 10:34:56.027  3790  3790 W NotifCollection: Ranking update is missing ranking for 0|com.whatsapp|1|g1+MLWul+fwXuB6I3J9pjx6uH8ZN/MKz+69SyC4a/zk=
07-29 10:34:56.027  3790  3790 W NotifCollection: Ranking update is missing ranking for 0|com.whatsapp|1|EN550RdtZR6bXorPyfM9LWSiNDVQHK+X1YIZNstz0KA=
07-29 10:34:56.027  3790  3790 W NotifCollection: Ranking update is missing ranking for 0|com.whatsapp|1|x5MXP6nPBTZr3yKuZK2ViwWB1IvPCEzSKCaONMFp0EQ=
07-29 10:34:56.030  3790  3790 W NotifCollection: Ranking update is missing ranking for 0|com.whatsapp|1|KDDWftjoWVLcW6ZewvcdvuiUqSavd5JFIYBuX3DzPJc=
07-29 10:34:56.030  3790  3790 W NotifCollection: Ranking update is missing ranking for 0|com.whatsapp|1|7RogJdyQxpg7encGHUrBKkMmDED31ZWjOaeBLJGvKW0=
07-29 10:34:56.030  3790  3790 W NotifCollection: Ranking update is missing ranking for 0|com.whatsapp|1|g1+MLWul+fwXuB6I3J9pjx6uH8ZN/MKz+69SyC4a/zk=
07-29 10:34:56.030  3790  3790 W NotifCollection: Ranking update is missing ranking for 0|com.whatsapp|1|EN550RdtZR6bXorPyfM9LWSiNDVQHK+X1YIZNstz0KA=
07-29 10:34:56.030  3790  3790 W NotifCollection: Ranking update is missing ranking for 0|com.whatsapp|1|x5MXP6nPBTZr3yKuZK2ViwWB1IvPCEzSKCaONMFp0EQ=
07-29 10:34:56.038  3790  3790 W NotifCollection: Ranking update is missing ranking for 0|com.whatsapp|1|KDDWftjoWVLcW6ZewvcdvuiUqSavd5JFIYBuX3DzPJc=
07-29 10:34:56.038  3790  3790 W NotifCollection: Ranking update is missing ranking for 0|com.whatsapp|1|7RogJdyQxpg7encGHUrBKkMmDED31ZWjOaeBLJGvKW0=
07-29 10:34:56.038  3790  3790 W NotifCollection: Ranking update is missing ranking for 0|com.whatsapp|1|g1+MLWul+fwXuB6I3J9pjx6uH8ZN/MKz+69SyC4a/zk=
07-29 10:34:56.038  3790  3790 W NotifCollection: Ranking update is missing ranking for 0|com.whatsapp|1|EN550RdtZR6bXorPyfM9LWSiNDVQHK+X1YIZNstz0KA=
07-29 10:34:56.038  3790  3790 W NotifCollection: Ranking update is missing ranking for 0|com.whatsapp|1|x5MXP6nPBTZr3yKuZK2ViwWB1IvPCEzSKCaONMFp0EQ=
07-29 10:34:56.041  3790  3790 W NotifCollection: Ranking update is missing ranking for 0|com.whatsapp|1|KDDWftjoWVLcW6ZewvcdvuiUqSavd5JFIYBuX3DzPJc=
07-29 10:34:56.041  3790  3790 W NotifCollection: Ranking update is missing ranking for 0|com.whatsapp|1|7RogJdyQxpg7encGHUrBKkMmDED31ZWjOaeBLJGvKW0=
07-29 10:34:56.041  3790  3790 W NotifCollection: Ranking update is missing ranking for 0|com.whatsapp|1|g1+MLWul+fwXuB6I3J9pjx6uH8ZN/MKz+69SyC4a/zk=
07-29 10:34:56.042  3790  3790 W NotifCollection: Ranking update is missing ranking for 0|com.whatsapp|1|EN550RdtZR6bXorPyfM9LWSiNDVQHK+X1YIZNstz0KA=
07-29 10:34:56.042  3790  3790 W NotifCollection: Ranking update is missing ranking for 0|com.whatsapp|1|x5MXP6nPBTZr3yKuZK2ViwWB1IvPCEzSKCaONMFp0EQ=
07-29 10:34:56.212  3790  3790 W NotifCollection: Ranking update is missing ranking for 0|com.whatsapp|1|KDDWftjoWVLcW6ZewvcdvuiUqSavd5JFIYBuX3DzPJc=
07-29 10:34:56.212  3790  3790 W NotifCollection: Ranking update is missing ranking for 0|com.whatsapp|1|7RogJdyQxpg7encGHUrBKkMmDED31ZWjOaeBLJGvKW0=
07-29 10:34:56.212  3790  3790 W NotifCollection: Ranking update is missing ranking for 0|com.whatsapp|1|g1+MLWul+fwXuB6I3J9pjx6uH8ZN/MKz+69SyC4a/zk=
07-29 10:34:56.213  3790  3790 W NotifCollection: Ranking update is missing ranking for 0|com.whatsapp|1|EN550RdtZR6bXorPyfM9LWSiNDVQHK+X1YIZNstz0KA=
07-29 10:34:56.213  3790  3790 W NotifCollection: Ranking update is missing ranking for 0|com.whatsapp|1|x5MXP6nPBTZr3yKuZK2ViwWB1IvPCEzSKCaONMFp0EQ=
07-29 10:34:56.344  3790  3790 W NotifCollection: Ranking update is missing ranking for 0|com.whatsapp|1|KDDWftjoWVLcW6ZewvcdvuiUqSavd5JFIYBuX3DzPJc=
07-29 10:34:56.344  3790  3790 W NotifCollection: Ranking update is missing ranking for 0|com.whatsapp|1|7RogJdyQxpg7encGHUrBKkMmDED31ZWjOaeBLJGvKW0=
07-29 10:34:56.344  3790  3790 W NotifCollection: Ranking update is missing ranking for 0|com.whatsapp|1|g1+MLWul+fwXuB6I3J9pjx6uH8ZN/MKz+69SyC4a/zk=
07-29 10:34:56.344  3790  3790 W NotifCollection: Ranking update is missing ranking for 0|com.whatsapp|1|EN550RdtZR6bXorPyfM9LWSiNDVQHK+X1YIZNstz0KA=
07-29 10:34:56.344  3790  3790 W NotifCollection: Ranking update is missing ranking for 0|com.whatsapp|1|x5MXP6nPBTZr3yKuZK2ViwWB1IvPCEzSKCaONMFp0EQ=
07-29 10:35:00.770  3790  3790 W NotifCollection: Ranking update is missing ranking for 0|com.whatsapp|1|KDDWftjoWVLcW6ZewvcdvuiUqSavd5JFIYBuX3DzPJc=
07-29 10:35:00.771  3790  3790 W NotifCollection: Ranking update is missing ranking for 0|com.whatsapp|1|7RogJdyQxpg7encGHUrBKkMmDED31ZWjOaeBLJGvKW0=
07-29 10:35:00.771  3790  3790 W NotifCollection: Ranking update is missing ranking for 0|com.whatsapp|1|g1+MLWul+fwXuB6I3J9pjx6uH8ZN/MKz+69SyC4a/zk=
07-29 10:35:00.771  3790  3790 W NotifCollection: Ranking update is missing ranking for 0|com.whatsapp|1|EN550RdtZR6bXorPyfM9LWSiNDVQHK+X1YIZNstz0KA=
07-29 10:35:00.771  3790  3790 W NotifCollection: Ranking update is missing ranking for 0|com.whatsapp|1|x5MXP6nPBTZr3yKuZK2ViwWB1IvPCEzSKCaONMFp0EQ=
07-29 10:35:00.878  3790  3790 W NotifCollection: Ranking update is missing ranking for 0|com.whatsapp|1|KDDWftjoWVLcW6ZewvcdvuiUqSavd5JFIYBuX3DzPJc=
07-29 10:35:00.879  3790  3790 W NotifCollection: Ranking update is missing ranking for 0|com.whatsapp|1|7RogJdyQxpg7encGHUrBKkMmDED31ZWjOaeBLJGvKW0=
07-29 10:35:00.879  3790  3790 W NotifCollection: Ranking update is missing ranking for 0|com.whatsapp|1|g1+MLWul+fwXuB6I3J9pjx6uH8ZN/MKz+69SyC4a/zk=
07-29 10:35:00.879  3790  3790 W NotifCollection: Ranking update is missing ranking for 0|com.whatsapp|1|EN550RdtZR6bXorPyfM9LWSiNDVQHK+X1YIZNstz0KA=
07-29 10:35:00.879  3790  3790 W NotifCollection: Ranking update is missing ranking for 0|com.whatsapp|1|x5MXP6nPBTZr3yKuZK2ViwWB1IvPCEzSKCaONMFp0EQ=
07-29 10:35:00.881  3790  3790 W NotifCollection: Ranking update is missing ranking for 0|com.whatsapp|1|KDDWftjoWVLcW6ZewvcdvuiUqSavd5JFIYBuX3DzPJc=
07-29 10:35:00.881  3790  3790 W NotifCollection: Ranking update is missing ranking for 0|com.whatsapp|1|7RogJdyQxpg7encGHUrBKkMmDED31ZWjOaeBLJGvKW0=
07-29 10:35:00.881  3790  3790 W NotifCollection: Ranking update is missing ranking for 0|com.whatsapp|1|g1+MLWul+fwXuB6I3J9pjx6uH8ZN/MKz+69SyC4a/zk=
07-29 10:35:00.881  3790  3790 W NotifCollection: Ranking update is missing ranking for 0|com.whatsapp|1|EN550RdtZR6bXorPyfM9LWSiNDVQHK+X1YIZNstz0KA=
07-29 10:35:00.881  3790  3790 W NotifCollection: Ranking update is missing ranking for 0|com.whatsapp|1|x5MXP6nPBTZr3yKuZK2ViwWB1IvPCEzSKCaONMFp0EQ=
07-29 10:35:00.881  3790  3790 W NotifCollection: Ranking update is missing ranking for 0|com.whatsapp|1|KDDWftjoWVLcW6ZewvcdvuiUqSavd5JFIYBuX3DzPJc=
07-29 10:35:00.882  3790  3790 W NotifCollection: Ranking update is missing ranking for 0|com.whatsapp|1|7RogJdyQxpg7encGHUrBKkMmDED31ZWjOaeBLJGvKW0=
07-29 10:35:00.882  3790  3790 W NotifCollection: Ranking update is missing ranking for 0|com.whatsapp|1|g1+MLWul+fwXuB6I3J9pjx6uH8ZN/MKz+69SyC4a/zk=
07-29 10:35:00.882  3790  3790 W NotifCollection: Ranking update is missing ranking for 0|com.whatsapp|1|EN550RdtZR6bXorPyfM9LWSiNDVQHK+X1YIZNstz0KA=
07-29 10:35:00.882  3790  3790 W NotifCollection: Ranking update is missing ranking for 0|com.whatsapp|1|x5MXP6nPBTZr3yKuZK2ViwWB1IvPCEzSKCaONMFp0EQ=
07-29 10:35:00.883  3790  3790 W NotifCollection: Ranking update is missing ranking for 0|com.whatsapp|1|KDDWftjoWVLcW6ZewvcdvuiUqSavd5JFIYBuX3DzPJc=
07-29 10:35:00.884  3790  3790 W NotifCollection: Ranking update is missing ranking for 0|com.whatsapp|1|7RogJdyQxpg7encGHUrBKkMmDED31ZWjOaeBLJGvKW0=
07-29 10:35:00.884  3790  3790 W NotifCollection: Ranking update is missing ranking for 0|com.whatsapp|1|g1+MLWul+fwXuB6I3J9pjx6uH8ZN/MKz+69SyC4a/zk=
07-29 10:35:00.884  3790  3790 W NotifCollection: Ranking update is missing ranking for 0|com.whatsapp|1|EN550RdtZR6bXorPyfM9LWSiNDVQHK+X1YIZNstz0KA=
07-29 10:35:00.884  3790  3790 W NotifCollection: Ranking update is missing ranking for 0|com.whatsapp|1|x5MXP6nPBTZr3yKuZK2ViwWB1IvPCEzSKCaONMFp0EQ=
07-29 10:35:00.886  3790  3790 W NotifCollection: Ranking update is missing ranking for 0|com.whatsapp|1|KDDWftjoWVLcW6ZewvcdvuiUqSavd5JFIYBuX3DzPJc=
07-29 10:35:00.886  3790  3790 W NotifCollection: Ranking update is missing ranking for 0|com.whatsapp|1|7RogJdyQxpg7encGHUrBKkMmDED31ZWjOaeBLJGvKW0=
07-29 10:35:00.886  3790  3790 W NotifCollection: Ranking update is missing ranking for 0|com.whatsapp|1|g1+MLWul+fwXuB6I3J9pjx6uH8ZN/MKz+69SyC4a/zk=
07-29 10:35:00.886  3790  3790 W NotifCollection: Ranking update is missing ranking for 0|com.whatsapp|1|EN550RdtZR6bXorPyfM9LWSiNDVQHK+X1YIZNstz0KA=
07-29 10:35:00.886  3790  3790 W NotifCollection: Ranking update is missing ranking for 0|com.whatsapp|1|x5MXP6nPBTZr3yKuZK2ViwWB1IvPCEzSKCaONMFp0EQ=
07-29 10:35:10.216  3790  3790 W NotifCollection: Ranking update is missing ranking for 0|com.whatsapp|1|KDDWftjoWVLcW6ZewvcdvuiUqSavd5JFIYBuX3DzPJc=
07-29 10:35:10.216  3790  3790 W NotifCollection: Ranking update is missing ranking for 0|com.whatsapp|1|7RogJdyQxpg7encGHUrBKkMmDED31ZWjOaeBLJGvKW0=
07-29 10:35:10.216  3790  3790 W NotifCollection: Ranking update is missing ranking for 0|com.whatsapp|1|g1+MLWul+fwXuB6I3J9pjx6uH8ZN/MKz+69SyC4a/zk=
07-29 10:35:10.216  3790  3790 W NotifCollection: Ranking update is missing ranking for 0|com.whatsapp|1|EN550RdtZR6bXorPyfM9LWSiNDVQHK+X1YIZNstz0KA=
07-29 10:35:10.217  3790  3790 W NotifCollection: Ranking update is missing ranking for 0|com.whatsapp|1|x5MXP6nPBTZr3yKuZK2ViwWB1IvPCEzSKCaONMFp0EQ=
07-29 10:35:27.625  3790  3790 W NotifCollection: Ranking update is missing ranking for 0|com.whatsapp|1|KDDWftjoWVLcW6ZewvcdvuiUqSavd5JFIYBuX3DzPJc=
07-29 10:35:27.626  3790  3790 W NotifCollection: Ranking update is missing ranking for 0|com.whatsapp|1|7RogJdyQxpg7encGHUrBKkMmDED31ZWjOaeBLJGvKW0=
07-29 10:35:27.626  3790  3790 W NotifCollection: Ranking update is missing ranking for 0|com.whatsapp|1|g1+MLWul+fwXuB6I3J9pjx6uH8ZN/MKz+69SyC4a/zk=
07-29 10:35:27.626  3790  3790 W NotifCollection: Ranking update is missing ranking for 0|com.whatsapp|1|EN550RdtZR6bXorPyfM9LWSiNDVQHK+X1YIZNstz0KA=
07-29 10:35:27.626  3790  3790 W NotifCollection: Ranking update is missing ranking for 0|com.whatsapp|1|x5MXP6nPBTZr3yKuZK2ViwWB1IvPCEzSKCaONMFp0EQ=
07-29 10:35:37.354  3790  3790 W NotifCollection: Ranking update is missing ranking for 0|com.whatsapp|1|KDDWftjoWVLcW6ZewvcdvuiUqSavd5JFIYBuX3DzPJc=
07-29 10:35:37.355  3790  3790 W NotifCollection: Ranking update is missing ranking for 0|com.whatsapp|1|7RogJdyQxpg7encGHUrBKkMmDED31ZWjOaeBLJGvKW0=
07-29 10:35:37.355  3790  3790 W NotifCollection: Ranking update is missing ranking for 0|com.whatsapp|1|g1+MLWul+fwXuB6I3J9pjx6uH8ZN/MKz+69SyC4a/zk=
07-29 10:35:37.356  3790  3790 W NotifCollection: Ranking update is missing ranking for 0|com.whatsapp|1|EN550RdtZR6bXorPyfM9LWSiNDVQHK+X1YIZNstz0KA=
07-29 10:35:37.356  3790  3790 W NotifCollection: Ranking update is missing ranking for 0|com.whatsapp|1|x5MXP6nPBTZr3yKuZK2ViwWB1IvPCEzSKCaONMFp0EQ=
07-29 10:35:38.146 18171 18294 I ContactsProvider_EventLog: cp_s: [CONTACT con(1571) dat(17471) acc({sim(3)=6, sim2(5)=5, core(11)=73, phone(2)=1, com.google.android.apps.tachyon(8)=532, google(4)=1559, com.whatsapp(7)=1217}) calls([logtype:100 cnt:464, logtype:300 cnt:500, logtype:500 cnt:7, logtype:1000 cnt:1529]) Iso(IN) uId(0) ]
07-29 10:36:38.289 18171 18294 I ContactsProvider_EventLog: cp_s: [CONTACT con(1571) dat(17471) acc({sim(3)=6, sim2(5)=5, core(11)=73, phone(2)=1, com.google.android.apps.tachyon(8)=532, google(4)=1559, com.whatsapp(7)=1217}) calls([logtype:100 cnt:464, logtype:300 cnt:500, logtype:500 cnt:7, logtype:1000 cnt:1529]) Iso(IN) uId(0) ]
07-29 10:36:38.878  3790  3790 W NotifCollection: Ranking update is missing ranking for 0|com.whatsapp|1|KDDWftjoWVLcW6ZewvcdvuiUqSavd5JFIYBuX3DzPJc=
07-29 10:36:38.878  3790  3790 W NotifCollection: Ranking update is missing ranking for 0|com.whatsapp|1|7RogJdyQxpg7encGHUrBKkMmDED31ZWjOaeBLJGvKW0=
07-29 10:36:38.878  3790  3790 W NotifCollection: Ranking update is missing ranking for 0|com.whatsapp|1|g1+MLWul+fwXuB6I3J9pjx6uH8ZN/MKz+69SyC4a/zk=
07-29 10:36:38.878  3790  3790 W NotifCollection: Ranking update is missing ranking for 0|com.whatsapp|1|EN550RdtZR6bXorPyfM9LWSiNDVQHK+X1YIZNstz0KA=
07-29 10:36:38.878  3790  3790 W NotifCollection: Ranking update is missing ranking for 0|com.whatsapp|1|x5MXP6nPBTZr3yKuZK2ViwWB1IvPCEzSKCaONMFp0EQ=
07-29 10:36:56.310  2932  2994 I RequestManager_FLP: onOpChanged, op=0 / packageName=com.whatsapp
07-29 10:36:56.348  3790  3824 D SecFgsManagerControllerImpl: onForegroundStateChanged: dialogShown:false, isForeground:true, packageName:com.whatsapp , token:android.os.BinderProxy@5f8198e, userId:0
07-29 10:36:56.349  3790  3824 D SecFgsManagerControllerImpl: updateUiControl[com.whatsapp]: -1
07-29 10:36:56.383 29569 29569 D WM-WorkerWrapper: Starting work for com.whatsapp.messaging.xmpp.XmppLifecycleWorker
07-29 10:36:56.398  1645  5379 D ConnectivityService: requestNetwork for uid/pid:10341/29569 activeRequest: null callbackRequest: 48627 [NetworkRequest [ REQUEST id=48628, [ Capabilities: INTERNET&NOT_RESTRICTED&TRUSTED&NOT_VCN_MANAGED Uid: 10341 RequestorUid: 10341 RequestorPkg: com.whatsapp UnderlyingNetworks: Null] ]] callback flags: 0 order: 2147483647 isUidTracked: false declaredMethods: AVAIL|LOST|NC
07-29 10:36:56.400  1645  2092 D ConnectivityService:    accepting network in place of null for NetworkRequest [ REQUEST id=48628, [ Capabilities: INTERNET&NOT_RESTRICTED&TRUSTED&NOT_VCN_MANAGED Uid: 10341 RequestorUid: 10341 RequestorPkg: com.whatsapp UnderlyingNetworks: Null] ]
07-29 10:36:56.408  1645  2077 D WifiNetworkFactory: got request NetworkRequest [ REQUEST id=48628, [ Capabilities: INTERNET&NOT_RESTRICTED&TRUSTED&NOT_VCN_MANAGED Uid: 10341 RequestorUid: 10341 RequestorPkg: com.whatsapp UnderlyingNetworks: Null] ]
07-29 10:36:56.410  1645  2077 D UntrustedWifiNetworkFactory: got request NetworkRequest [ REQUEST id=48628, [ Capabilities: INTERNET&NOT_RESTRICTED&TRUSTED&NOT_VCN_MANAGED Uid: 10341 RequestorUid: 10341 RequestorPkg: com.whatsapp UnderlyingNetworks: Null] ]
07-29 10:36:56.412  1645  2077 D OemPaidWifiNetworkFactory: got request NetworkRequest [ REQUEST id=48628, [ Capabilities: INTERNET&NOT_RESTRICTED&TRUSTED&NOT_VCN_MANAGED Uid: 10341 RequestorUid: 10341 RequestorPkg: com.whatsapp UnderlyingNetworks: Null] ]
07-29 10:36:56.413  1645  2077 D MultiInternetWifiNetworkFactory: got request NetworkRequest [ REQUEST id=48628, [ Capabilities: INTERNET&NOT_RESTRICTED&TRUSTED&NOT_VCN_MANAGED Uid: 10341 RequestorUid: 10341 RequestorPkg: com.whatsapp UnderlyingNetworks: Null] ]
07-29 10:36:57.190  1645  2371 D ApplicationPolicy: isStatusBarNotificationAllowedAsUser: packageName = com.whatsapp,userId = 0
07-29 10:36:57.192  1645  2371 D ApplicationPolicy: isStatusBarNotificationAllowedAsUser: packageName = com.whatsapp,userId = 0
07-29 10:36:57.282  1645  2371 D ApplicationPolicy: isStatusBarNotificationAllowedAsUser: packageName = com.whatsapp,userId = 0
07-29 10:36:57.284  1645  2371 D ApplicationPolicy: isStatusBarNotificationAllowedAsUser: packageName = com.whatsapp,userId = 0
07-29 10:36:57.348  1645  2371 D ApplicationPolicy: isStatusBarNotificationAllowedAsUser: packageName = com.whatsapp,userId = 0
07-29 10:36:57.349  1645  2371 D ApplicationPolicy: isStatusBarNotificationAllowedAsUser: packageName = com.whatsapp,userId = 0
07-29 10:36:57.473  1645  2371 D ApplicationPolicy: isStatusBarNotificationAllowedAsUser: packageName = com.whatsapp,userId = 0
07-29 10:36:57.474  1645  2371 D ApplicationPolicy: isStatusBarNotificationAllowedAsUser: packageName = com.whatsapp,userId = 0
07-29 10:36:57.503  1645  1645 D NotificationService: 0|com.whatsapp|1|KxyKsqYLufdQPksJZLE53PHAdLCF3NKwtJBXKbIh2xQ=
07-29 10:36:57.503  1645  1645 D NotificationService: |10341: granting content://com.whatsapp.provider.media/item/36210321-b0e5-4283-8c2c-b5f8aa7b07d9
07-29 10:36:57.505  1645  1645 D NotificationService: 0|com.whatsapp|1|KxyKsqYLufdQPksJZLE53PHAdLCF3NKwtJBXKbIh2xQ=
07-29 10:36:57.505  1645  1645 D NotificationService: 0|com.whatsapp|1|KxyKsqYLufdQPksJZLE53PHAdLCF3NKwtJBXKbIh2xQ=
07-29 10:36:57.505  1645  1645 D NotificationService: |10341: granting content://com.whatsapp.provider.media/item/36210321-b0e5-4283-8c2c-b5f8aa7b07d9
07-29 10:36:57.505  1645  1645 D NotificationService: 0|com.whatsapp|1|KxyKsqYLufdQPksJZLE53PHAdLCF3NKwtJBXKbIh2xQ=
07-29 10:36:57.506  1645  1645 D NotificationService: 0|com.whatsapp|1|KxyKsqYLufdQPksJZLE53PHAdLCF3NKwtJBXKbIh2xQ=
07-29 10:36:57.506  1645  1645 D NotificationService: |10341: granting content://com.whatsapp.provider.media/item/36210321-b0e5-4283-8c2c-b5f8aa7b07d9
07-29 10:36:57.506  1645  1645 D NotificationService: 0|com.whatsapp|1|KxyKsqYLufdQPksJZLE53PHAdLCF3NKwtJBXKbIh2xQ=
07-29 10:36:57.506  1645  1645 D NotificationService: 0|com.whatsapp|1|KxyKsqYLufdQPksJZLE53PHAdLCF3NKwtJBXKbIh2xQ=
07-29 10:36:57.506  1645  1645 D NotificationService: |10341: granting content://com.whatsapp.provider.media/item/36210321-b0e5-4283-8c2c-b5f8aa7b07d9
07-29 10:36:57.506  1645  1645 D NotificationService: 0|com.whatsapp|1|KxyKsqYLufdQPksJZLE53PHAdLCF3NKwtJBXKbIh2xQ=
07-29 10:36:57.506  1645  1645 D NotificationService: 0|com.whatsapp|1|KxyKsqYLufdQPksJZLE53PHAdLCF3NKwtJBXKbIh2xQ=
07-29 10:36:57.506  1645  1645 D NotificationService: |10341: granting content://com.whatsapp.provider.media/item/36210321-b0e5-4283-8c2c-b5f8aa7b07d9
07-29 10:36:57.506  1645  1645 D NotificationService: 0|com.whatsapp|1|KxyKsqYLufdQPksJZLE53PHAdLCF3NKwtJBXKbIh2xQ=
07-29 10:36:57.506  1645  1645 D NotificationService: 0|com.whatsapp|1|KxyKsqYLufdQPksJZLE53PHAdLCF3NKwtJBXKbIh2xQ=
07-29 10:36:57.506  1645  1645 D NotificationService: |10341: granting content://com.whatsapp.provider.media/item/36210321-b0e5-4283-8c2c-b5f8aa7b07d9
07-29 10:36:57.506  1645  1645 D NotificationService: 0|com.whatsapp|1|KxyKsqYLufdQPksJZLE53PHAdLCF3NKwtJBXKbIh2xQ=
07-29 10:36:57.507  1645  1645 D NotificationService: 0|com.whatsapp|1|KxyKsqYLufdQPksJZLE53PHAdLCF3NKwtJBXKbIh2xQ=
07-29 10:36:57.507  1645  1645 D NotificationService: |10341: granting content://com.whatsapp.provider.media/item/36210321-b0e5-4283-8c2c-b5f8aa7b07d9
07-29 10:36:57.507  1645  1645 D NotificationService: 0|com.whatsapp|1|KxyKsqYLufdQPksJZLE53PHAdLCF3NKwtJBXKbIh2xQ=
07-29 10:36:57.507  1645  1645 D NotificationService: 0|com.whatsapp|1|KxyKsqYLufdQPksJZLE53PHAdLCF3NKwtJBXKbIh2xQ=
07-29 10:36:57.507  1645  1645 D NotificationService: |10341: granting content://com.whatsapp.provider.media/item/36210321-b0e5-4283-8c2c-b5f8aa7b07d9
07-29 10:36:57.507  1645  1645 D NotificationService: 0|com.whatsapp|1|KxyKsqYLufdQPksJZLE53PHAdLCF3NKwtJBXKbIh2xQ=
07-29 10:36:57.510  1645  1645 D NotificationReminder: addNotificationRecord record com.whatsapp
07-29 10:36:57.512  1645  1645 D EdgeLightingManager: showForNotification : isInteractive=false, isHeadUp=true, color=0, canBypassDnd=false, sbn = StatusBarNotification(pkg=com.whatsapp user=UserHandle{0} id=1 tag=cJ1VAULgxMNlALYUOkCi9ISv0ZHeiESK8/apKWqAyRE=
07-29 10:36:57.512  1645  1645 D EdgeLightingManager:  key=0|com.whatsapp|1|cJ1VAULgxMNlALYUOkCi9ISv0ZHeiESK8/apKWqAyRE=
07-29 10:36:57.524  1645  1645 D EdgeLightingPolicyManager.NotificationGroup: group key = 0|com.whatsapp|g:group_key_messages ,value= summary : null , child : 2key = 0|com.whatsapp|1|KxyKsqYLufdQPksJZLE53PHAdLCF3NKwtJBXKbIh2xQ=
07-29 10:36:57.524  1645  1645 D EdgeLightingPolicyManager.NotificationGroup:  } ,key = 0|com.whatsapp|1|cJ1VAULgxMNlALYUOkCi9ISv0ZHeiESK8/apKWqAyRE=
07-29 10:36:57.572  1645  1645 D NotificationService: 0|com.whatsapp|1|cJ1VAULgxMNlALYUOkCi9ISv0ZHeiESK8/apKWqAyRE=
07-29 10:36:57.572  1645  1645 D NotificationService: |10341: granting content://com.whatsapp.provider.media/item/f5e950c6-22fb-42ce-bab8-d196ce9c0999
07-29 10:36:57.572  1645  1645 D NotificationService: 0|com.whatsapp|1|cJ1VAULgxMNlALYUOkCi9ISv0ZHeiESK8/apKWqAyRE=
07-29 10:36:57.572  1645  1645 D NotificationService: 0|com.whatsapp|1|cJ1VAULgxMNlALYUOkCi9ISv0ZHeiESK8/apKWqAyRE=
07-29 10:36:57.572  1645  1645 D NotificationService: |10341: granting content://com.whatsapp.provider.media/item/f5e950c6-22fb-42ce-bab8-d196ce9c0999
07-29 10:36:57.572  1645  1645 D NotificationService: 0|com.whatsapp|1|cJ1VAULgxMNlALYUOkCi9ISv0ZHeiESK8/apKWqAyRE=
07-29 10:36:57.573  1645  1645 D NotificationService: 0|com.whatsapp|1|cJ1VAULgxMNlALYUOkCi9ISv0ZHeiESK8/apKWqAyRE=
07-29 10:36:57.573  1645  1645 D NotificationService: |10341: granting content://com.whatsapp.provider.media/item/f5e950c6-22fb-42ce-bab8-d196ce9c0999
07-29 10:36:57.573  1645  1645 D NotificationService: 0|com.whatsapp|1|cJ1VAULgxMNlALYUOkCi9ISv0ZHeiESK8/apKWqAyRE=
07-29 10:36:57.573  1645  1645 D NotificationService: 0|com.whatsapp|1|cJ1VAULgxMNlALYUOkCi9ISv0ZHeiESK8/apKWqAyRE=
07-29 10:36:57.573  1645  1645 D NotificationService: |10341: granting content://com.whatsapp.provider.media/item/f5e950c6-22fb-42ce-bab8-d196ce9c0999
07-29 10:36:57.573  1645  1645 D NotificationService: 0|com.whatsapp|1|cJ1VAULgxMNlALYUOkCi9ISv0ZHeiESK8/apKWqAyRE=
07-29 10:36:57.573  1645  1645 D NotificationService: 0|com.whatsapp|1|cJ1VAULgxMNlALYUOkCi9ISv0ZHeiESK8/apKWqAyRE=
07-29 10:36:57.573  1645  1645 D NotificationService: |10341: granting content://com.whatsapp.provider.media/item/f5e950c6-22fb-42ce-bab8-d196ce9c0999
07-29 10:36:57.573  1645  1645 D NotificationService: 0|com.whatsapp|1|cJ1VAULgxMNlALYUOkCi9ISv0ZHeiESK8/apKWqAyRE=
07-29 10:36:57.573  1645  1645 D NotificationService: 0|com.whatsapp|1|cJ1VAULgxMNlALYUOkCi9ISv0ZHeiESK8/apKWqAyRE=
07-29 10:36:57.573  1645  1645 D NotificationService: |10341: granting content://com.whatsapp.provider.media/item/f5e950c6-22fb-42ce-bab8-d196ce9c0999
07-29 10:36:57.573  1645  1645 D NotificationService: 0|com.whatsapp|1|cJ1VAULgxMNlALYUOkCi9ISv0ZHeiESK8/apKWqAyRE=
07-29 10:36:57.573  1645  1645 D NotificationService: 0|com.whatsapp|1|cJ1VAULgxMNlALYUOkCi9ISv0ZHeiESK8/apKWqAyRE=
07-29 10:36:57.573  1645  1645 D NotificationService: |10341: granting content://com.whatsapp.provider.media/item/f5e950c6-22fb-42ce-bab8-d196ce9c0999
07-29 10:36:57.573  1645  1645 D NotificationService: 0|com.whatsapp|1|cJ1VAULgxMNlALYUOkCi9ISv0ZHeiESK8/apKWqAyRE=
07-29 10:36:57.574  1645  1645 D NotificationService: 0|com.whatsapp|1|cJ1VAULgxMNlALYUOkCi9ISv0ZHeiESK8/apKWqAyRE=
07-29 10:36:57.574  1645  1645 D NotificationService: |10341: granting content://com.whatsapp.provider.media/item/f5e950c6-22fb-42ce-bab8-d196ce9c0999
07-29 10:36:57.574  1645  1645 D NotificationService: 0|com.whatsapp|1|cJ1VAULgxMNlALYUOkCi9ISv0ZHeiESK8/apKWqAyRE=
07-29 10:36:57.578  1645  1645 D NotificationReminder: addNotificationRecord record com.whatsapp
07-29 10:36:57.579  1645  1645 D EdgeLightingManager: showForNotification : isInteractive=false, isHeadUp=true, color=0, canBypassDnd=false, sbn = StatusBarNotification(pkg=com.whatsapp user=UserHandle{0} id=1 tag=3seC6Q4jKsiwdetkMX0OIMgMXTiq4kgJCqTAlDbz06M=
07-29 10:36:57.579  1645  1645 D EdgeLightingManager:  key=0|com.whatsapp|1|3seC6Q4jKsiwdetkMX0OIMgMXTiq4kgJCqTAlDbz06M=
07-29 10:36:57.581  5429  5429 I Edge.badge: updateBadge item = com.whatsapp:0 2
07-29 10:36:57.582 24441 24441 W GameLauncher: NotificationListener Ignore non game notification: com.whatsapp
07-29 10:36:57.582  2770  2770 I Launcher.NotificationListener: onNotificationPosted : com.whatsapp number : 2
07-29 10:36:57.582  2770  3161 I Launcher.NotificationListener: notificationIsValidForUI : com.whatsapp missingTitleAndText : false isGroupHeader : false
07-29 10:36:57.582  3790  3790 W NotifCollection: Ranking update is missing ranking for 0|com.whatsapp|1|KDDWftjoWVLcW6ZewvcdvuiUqSavd5JFIYBuX3DzPJc=
07-29 10:36:57.583  3790  3790 W NotifCollection: Ranking update is missing ranking for 0|com.whatsapp|1|7RogJdyQxpg7encGHUrBKkMmDED31ZWjOaeBLJGvKW0=
07-29 10:36:57.583  3790  3790 W NotifCollection: Ranking update is missing ranking for 0|com.whatsapp|1|g1+MLWul+fwXuB6I3J9pjx6uH8ZN/MKz+69SyC4a/zk=
07-29 10:36:57.583  3790  3790 W NotifCollection: Ranking update is missing ranking for 0|com.whatsapp|1|EN550RdtZR6bXorPyfM9LWSiNDVQHK+X1YIZNstz0KA=
07-29 10:36:57.583  3790  3790 W NotifCollection: Ranking update is missing ranking for 0|com.whatsapp|1|x5MXP6nPBTZr3yKuZK2ViwWB1IvPCEzSKCaONMFp0EQ=
07-29 10:36:57.617  1645  2752 D ApplicationPolicy: isStatusBarNotificationAllowedAsUser: packageName = com.whatsapp,userId = 0
07-29 10:36:57.618  1645  2752 D ApplicationPolicy: isStatusBarNotificationAllowedAsUser: packageName = com.whatsapp,userId = 0
07-29 10:36:57.641  1645  1645 D NotificationService: 0|com.whatsapp|1|3seC6Q4jKsiwdetkMX0OIMgMXTiq4kgJCqTAlDbz06M=
07-29 10:36:57.641  1645  1645 D NotificationService: 0|com.whatsapp|1|3seC6Q4jKsiwdetkMX0OIMgMXTiq4kgJCqTAlDbz06M=
07-29 10:36:57.641  1645  1645 D NotificationService: 0|com.whatsapp|1|3seC6Q4jKsiwdetkMX0OIMgMXTiq4kgJCqTAlDbz06M=
07-29 10:36:57.641  1645  1645 D NotificationService: 0|com.whatsapp|1|3seC6Q4jKsiwdetkMX0OIMgMXTiq4kgJCqTAlDbz06M=
07-29 10:36:57.642  1645  1645 D NotificationService: 0|com.whatsapp|1|3seC6Q4jKsiwdetkMX0OIMgMXTiq4kgJCqTAlDbz06M=
07-29 10:36:57.642  1645  1645 D NotificationService: 0|com.whatsapp|1|3seC6Q4jKsiwdetkMX0OIMgMXTiq4kgJCqTAlDbz06M=
07-29 10:36:57.642  1645  1645 D NotificationService: 0|com.whatsapp|1|3seC6Q4jKsiwdetkMX0OIMgMXTiq4kgJCqTAlDbz06M=
07-29 10:36:57.642  1645  1645 D NotificationService: 0|com.whatsapp|1|3seC6Q4jKsiwdetkMX0OIMgMXTiq4kgJCqTAlDbz06M=
07-29 10:36:57.644  1645  1645 D NotificationReminder: addNotificationRecord record com.whatsapp
07-29 10:36:57.645  5429  5429 I Edge.badge: updateBadge item = com.whatsapp:0 2
07-29 10:36:57.647  2770  2770 I Launcher.NotificationListener: onNotificationPosted : com.whatsapp number : 2
07-29 10:36:57.647  2770  3161 I Launcher.NotificationListener: notificationIsValidForUI : com.whatsapp missingTitleAndText : false isGroupHeader : false
07-29 10:36:57.648  5429  5429 I Edge.badge: updateBadge item = com.whatsapp:0 1
07-29 10:36:57.648  2770  2770 I Launcher.NotificationListener: onNotificationPosted : com.whatsapp number : 1
07-29 10:36:57.648  2770  3161 I Launcher.NotificationListener: notificationIsValidForUI : com.whatsapp missingTitleAndText : false isGroupHeader : false
07-29 10:36:57.650  3790  3790 W NotifCollection: Ranking update is missing ranking for 0|com.whatsapp|1|KDDWftjoWVLcW6ZewvcdvuiUqSavd5JFIYBuX3DzPJc=
07-29 10:36:57.650  3790  3790 W NotifCollection: Ranking update is missing ranking for 0|com.whatsapp|1|7RogJdyQxpg7encGHUrBKkMmDED31ZWjOaeBLJGvKW0=
07-29 10:36:57.650  3790  3790 W NotifCollection: Ranking update is missing ranking for 0|com.whatsapp|1|g1+MLWul+fwXuB6I3J9pjx6uH8ZN/MKz+69SyC4a/zk=
07-29 10:36:57.650  3790  3790 W NotifCollection: Ranking update is missing ranking for 0|com.whatsapp|1|EN550RdtZR6bXorPyfM9LWSiNDVQHK+X1YIZNstz0KA=
07-29 10:36:57.650  3790  3790 W NotifCollection: Ranking update is missing ranking for 0|com.whatsapp|1|x5MXP6nPBTZr3yKuZK2ViwWB1IvPCEzSKCaONMFp0EQ=
07-29 10:36:57.651  3790  3790 W NotifCollection: Ranking update is missing ranking for 0|com.whatsapp|1|KDDWftjoWVLcW6ZewvcdvuiUqSavd5JFIYBuX3DzPJc=
07-29 10:36:57.651  3790  3790 W NotifCollection: Ranking update is missing ranking for 0|com.whatsapp|1|7RogJdyQxpg7encGHUrBKkMmDED31ZWjOaeBLJGvKW0=
07-29 10:36:57.651  3790  3790 W NotifCollection: Ranking update is missing ranking for 0|com.whatsapp|1|g1+MLWul+fwXuB6I3J9pjx6uH8ZN/MKz+69SyC4a/zk=
07-29 10:36:57.651  3790  3790 W NotifCollection: Ranking update is missing ranking for 0|com.whatsapp|1|EN550RdtZR6bXorPyfM9LWSiNDVQHK+X1YIZNstz0KA=
07-29 10:36:57.651  3790  3790 W NotifCollection: Ranking update is missing ranking for 0|com.whatsapp|1|x5MXP6nPBTZr3yKuZK2ViwWB1IvPCEzSKCaONMFp0EQ=
07-29 10:36:57.651  3790  3790 W NotifCollection: Ranking update is missing ranking for 0|com.whatsapp|1|KDDWftjoWVLcW6ZewvcdvuiUqSavd5JFIYBuX3DzPJc=
07-29 10:36:57.652  3790  3790 W NotifCollection: Ranking update is missing ranking for 0|com.whatsapp|1|7RogJdyQxpg7encGHUrBKkMmDED31ZWjOaeBLJGvKW0=
07-29 10:36:57.652  3790  3790 W NotifCollection: Ranking update is missing ranking for 0|com.whatsapp|1|g1+MLWul+fwXuB6I3J9pjx6uH8ZN/MKz+69SyC4a/zk=
07-29 10:36:57.652  3790  3790 W NotifCollection: Ranking update is missing ranking for 0|com.whatsapp|1|EN550RdtZR6bXorPyfM9LWSiNDVQHK+X1YIZNstz0KA=
07-29 10:36:57.652  3790  3790 W NotifCollection: Ranking update is missing ranking for 0|com.whatsapp|1|x5MXP6nPBTZr3yKuZK2ViwWB1IvPCEzSKCaONMFp0EQ=
07-29 10:36:57.656 25692 25692 I BadgeCountReceiver: packageName: com.whatsapp, className: com.whatsapp.Main, count: 7
07-29 10:36:57.686  2770  3161 I Launcher.NotificationListener: notificationIsValidForUI : com.whatsapp missingTitleAndText : false isGroupHeader : false
07-29 10:36:57.686  2770  3161 I Launcher.NotificationListener: notificationIsValidForUI : com.whatsapp missingTitleAndText : false isGroupHeader : false
07-29 10:36:57.686  2770  3161 I Launcher.NotificationListener: notificationIsValidForUI : com.whatsapp missingTitleAndText : false isGroupHeader : false
07-29 10:36:57.848  1645  1645 D EdgeLightingManager: showForNotification : isInteractive=false, isHeadUp=true, color=0, canBypassDnd=false, sbn = StatusBarNotification(pkg=com.whatsapp user=UserHandle{0} id=1 tag=YgD5DjclyPKkxE7A3zDbWAx/mBeg8O3af/7mehUUVbE=
07-29 10:36:57.848  1645  1645 D EdgeLightingManager:  key=0|com.whatsapp|1|YgD5DjclyPKkxE7A3zDbWAx/mBeg8O3af/7mehUUVbE=
07-29 10:36:57.853  3790  3790 D S.S.N.  : onEntryAdded 0|com.whatsapp|1|KxyKsqYLufdQPksJZLE53PHAdLCF3NKwtJBXKbIh2xQ=
07-29 10:36:57.854  3790  3790 D InterruptionStateProvider:  no Heads up : edgelighting enabled app. 0|com.whatsapp|1|KxyKsqYLufdQPksJZLE53PHAdLCF3NKwtJBXKbIh2xQ=
07-29 10:36:57.857  3790  3790 D S.S.N.  : onEntryAdded 0|com.whatsapp|1|cJ1VAULgxMNlALYUOkCi9ISv0ZHeiESK8/apKWqAyRE=
07-29 10:36:57.857  3790  3790 D InterruptionStateProvider:  no Heads up : edgelighting enabled app. 0|com.whatsapp|1|cJ1VAULgxMNlALYUOkCi9ISv0ZHeiESK8/apKWqAyRE=
07-29 10:36:57.860  3790  3790 D S.S.N.  : onEntryAdded 0|com.whatsapp|1|3seC6Q4jKsiwdetkMX0OIMgMXTiq4kgJCqTAlDbz06M=
07-29 10:36:57.860  3790  3790 D InterruptionStateProvider:  no Heads up : edgelighting enabled app. 0|com.whatsapp|1|3seC6Q4jKsiwdetkMX0OIMgMXTiq4kgJCqTAlDbz06M=
07-29 10:36:57.884  2770  3161 I BadgeCache: update cache : com.whatsapp user : UserHandle{0}  count : 7
07-29 10:36:57.915  1645  1645 D NotificationService: 0|com.whatsapp|1|YgD5DjclyPKkxE7A3zDbWAx/mBeg8O3af/7mehUUVbE=
07-29 10:36:57.915  1645  1645 D NotificationService: |10341: granting content://com.whatsapp.provider.media/item/136f1a5f-ae34-4834-8443-ff3476b743c1
07-29 10:36:57.916  1645  1645 D NotificationService: 0|com.whatsapp|1|YgD5DjclyPKkxE7A3zDbWAx/mBeg8O3af/7mehUUVbE=
07-29 10:36:57.916  1645  1645 D NotificationService: 0|com.whatsapp|1|YgD5DjclyPKkxE7A3zDbWAx/mBeg8O3af/7mehUUVbE=
07-29 10:36:57.916  1645  1645 D NotificationService: |10341: granting content://com.whatsapp.provider.media/item/136f1a5f-ae34-4834-8443-ff3476b743c1
07-29 10:36:57.916  1645  1645 D NotificationService: 0|com.whatsapp|1|YgD5DjclyPKkxE7A3zDbWAx/mBeg8O3af/7mehUUVbE=
07-29 10:36:57.916  1645  1645 D NotificationService: 0|com.whatsapp|1|YgD5DjclyPKkxE7A3zDbWAx/mBeg8O3af/7mehUUVbE=
07-29 10:36:57.916  1645  1645 D NotificationService: |10341: granting content://com.whatsapp.provider.media/item/136f1a5f-ae34-4834-8443-ff3476b743c1
07-29 10:36:57.916  1645  1645 D NotificationService: 0|com.whatsapp|1|YgD5DjclyPKkxE7A3zDbWAx/mBeg8O3af/7mehUUVbE=
07-29 10:36:57.916  1645  1645 D NotificationService: 0|com.whatsapp|1|YgD5DjclyPKkxE7A3zDbWAx/mBeg8O3af/7mehUUVbE=
07-29 10:36:57.916  1645  1645 D NotificationService: |10341: granting content://com.whatsapp.provider.media/item/136f1a5f-ae34-4834-8443-ff3476b743c1
07-29 10:36:57.916  1645  1645 D NotificationService: 0|com.whatsapp|1|YgD5DjclyPKkxE7A3zDbWAx/mBeg8O3af/7mehUUVbE=
07-29 10:36:57.916  1645  1645 D NotificationService: 0|com.whatsapp|1|YgD5DjclyPKkxE7A3zDbWAx/mBeg8O3af/7mehUUVbE=
07-29 10:36:57.916  1645  1645 D NotificationService: |10341: granting content://com.whatsapp.provider.media/item/136f1a5f-ae34-4834-8443-ff3476b743c1
07-29 10:36:57.917  1645  1645 D NotificationService: 0|com.whatsapp|1|YgD5DjclyPKkxE7A3zDbWAx/mBeg8O3af/7mehUUVbE=
07-29 10:36:57.917  1645  1645 D NotificationService: 0|com.whatsapp|1|YgD5DjclyPKkxE7A3zDbWAx/mBeg8O3af/7mehUUVbE=
07-29 10:36:57.917  1645  1645 D NotificationService: |10341: granting content://com.whatsapp.provider.media/item/136f1a5f-ae34-4834-8443-ff3476b743c1
07-29 10:36:57.917  1645  1645 D NotificationService: 0|com.whatsapp|1|YgD5DjclyPKkxE7A3zDbWAx/mBeg8O3af/7mehUUVbE=
07-29 10:36:57.917  1645  1645 D NotificationService: 0|com.whatsapp|1|YgD5DjclyPKkxE7A3zDbWAx/mBeg8O3af/7mehUUVbE=
07-29 10:36:57.917  1645  1645 D NotificationService: |10341: granting content://com.whatsapp.provider.media/item/136f1a5f-ae34-4834-8443-ff3476b743c1
07-29 10:36:57.917  1645  1645 D NotificationService: 0|com.whatsapp|1|YgD5DjclyPKkxE7A3zDbWAx/mBeg8O3af/7mehUUVbE=
07-29 10:36:57.917  1645  1645 D NotificationService: 0|com.whatsapp|1|YgD5DjclyPKkxE7A3zDbWAx/mBeg8O3af/7mehUUVbE=
07-29 10:36:57.917  1645  1645 D NotificationService: |10341: granting content://com.whatsapp.provider.media/item/136f1a5f-ae34-4834-8443-ff3476b743c1
07-29 10:36:57.917  1645  1645 D NotificationService: 0|com.whatsapp|1|YgD5DjclyPKkxE7A3zDbWAx/mBeg8O3af/7mehUUVbE=
07-29 10:36:57.919  1645  1645 D EdgeLightingManager: showForNotification : isInteractive=false, isHeadUp=true, color=0, canBypassDnd=false, sbn = StatusBarNotification(pkg=com.whatsapp user=UserHandle{0} id=1 tag=null key=0|com.whatsapp|1|null|10341: Notification(channel=group_chat_defaults_2 shortcut=120363044484828422@g.us contentView=null vibrate=null sound=null tick defaults=0x0 flags=0x201 color=0xff21c063 category=msg groupKey=group_key_messages vis=PRIVATE publicVersion=Notification(channel=null shortcut=null contentView=null vibrate=null sound=null defaults=0x0 flags=0x0 color=0xff21c063 category=msg vis=PRIVATE semFlags=0x0 semPriority=0 semMissedCount=0) semFlags=0x0 semPriority=0 semMissedCount=0))
07-29 10:36:57.919  1645  1645 D EdgeLightingPolicyManager.NotificationGroup: updateNotificationData replace :0|com.whatsapp|g:group_key_messages, group  size=4258
07-29 10:36:57.919  1645  1645 D EdgeLightingPolicyManager.NotificationGroup:  last child 0|com.whatsapp|1|YgD5DjclyPKkxE7A3zDbWAx/mBeg8O3af/7mehUUVbE=
07-29 10:36:57.919  1645  1645 D EdgeLightingPolicyManager.NotificationGroup:  last child 0|com.whatsapp|1|YgD5DjclyPKkxE7A3zDbWAx/mBeg8O3af/7mehUUVbE=
07-29 10:36:57.919  1645  1645 D EdgeLightingPolicyManager.NotificationGroup:  last child 0|com.whatsapp|1|YgD5DjclyPKkxE7A3zDbWAx/mBeg8O3af/7mehUUVbE=
07-29 10:36:57.919  1645  1645 D EdgeLightingPolicyManager.NotificationGroup:  last child 0|com.whatsapp|1|YgD5DjclyPKkxE7A3zDbWAx/mBeg8O3af/7mehUUVbE=
07-29 10:36:57.919  1645  1645 D EdgeLightingPolicyManager.NotificationGroup:  last child 0|com.whatsapp|1|YgD5DjclyPKkxE7A3zDbWAx/mBeg8O3af/7mehUUVbE=
07-29 10:36:57.919  1645  1645 D EdgeLightingPolicyManager.NotificationGroup:  last child 0|com.whatsapp|1|YgD5DjclyPKkxE7A3zDbWAx/mBeg8O3af/7mehUUVbE=
07-29 10:36:57.919  1645  1645 D EdgeLightingPolicyManager.NotificationGroup:  last child 0|com.whatsapp|1|YgD5DjclyPKkxE7A3zDbWAx/mBeg8O3af/7mehUUVbE=
07-29 10:36:57.919  1645  1645 D EdgeLightingPolicyManager.NotificationGroup:  last child 0|com.whatsapp|1|YgD5DjclyPKkxE7A3zDbWAx/mBeg8O3af/7mehUUVbE=
07-29 10:36:57.919  1645  1645 D EdgeLightingPolicyManager.NotificationGroup:  last child 0|com.whatsapp|1|YgD5DjclyPKkxE7A3zDbWAx/mBeg8O3af/7mehUUVbE=
07-29 10:36:57.919  1645  1645 D EdgeLightingPolicyManager: isAcceptableApplication:  pkg=com.whatsapp , range=1 , includeAllApp=false , userId=0 , infoRange=0 , infoCategory=0
07-29 10:36:57.920  1645  1645 D EdgeLightingManager: showEdgeLightingInternal : packageName = com.whatsapp, reason=1
07-29 10:36:57.920  1645  1645 D EdgeLightingClientManager: startEdgeLightingService : pkg = com.whatsapp, info = SemEdgeLighitngInfo{type = 2001, colors= [0, 0], repeat= 0, userId = 0}, reason = 1
07-29 10:36:57.922  1645  1645 I AccessibilityManager: semStartFlashNotification notitype = msg, getOpPackageName = android, sbnPackageName = com.whatsapp
07-29 10:36:57.922  1645  1645 I AccessibilityManagerService: semStartFlashNotificationInner() type=Default, pkgName=android, token=android.os.Binder@ea0b3c1, sbnPkgName=com.whatsapp, previewType=0
07-29 10:36:57.922  1645  1645 D NotificationService: 0|com.whatsapp|1|null|10341: granting content://settings/system/notification_sound
07-29 10:36:57.923  1645  1645 D NotificationService: 0|com.whatsapp|1|null|10341: granting content://settings/system/notification_sound
07-29 10:36:57.923  1645  1645 D NotificationService: 0|com.whatsapp|1|null|10341: granting content://settings/system/notification_sound
07-29 10:36:57.923  1645  1645 D NotificationService: 0|com.whatsapp|1|null|10341: granting content://settings/system/notification_sound
07-29 10:36:57.923  1645  1645 D NotificationService: 0|com.whatsapp|1|null|10341: granting content://settings/system/notification_sound
07-29 10:36:57.923  1645  1645 D NotificationService: 0|com.whatsapp|1|null|10341: granting content://settings/system/notification_sound
07-29 10:36:57.923  1645  1645 D NotificationService: 0|com.whatsapp|1|null|10341: granting content://settings/system/notification_sound
07-29 10:36:57.923  1645  1645 D NotificationService: 0|com.whatsapp|1|null|10341: granting content://settings/system/notification_sound
07-29 10:36:57.924  1645  1645 D NotificationReminder: addNotificationRecord record com.whatsapp
07-29 10:36:57.925  1645  1645 D NotificationReminder: addNotificationRecord record com.whatsapp
07-29 10:36:57.926  1645  1645 D EdgeLightingClientManager: startService packagename=com.whatsapp,reason=1
07-29 10:36:57.927  5429  5429 I Edge.badge: updateBadge item = com.whatsapp:0 2
07-29 10:36:57.931  2770  2770 I Launcher.NotificationListener: onNotificationPosted : com.whatsapp number : 2
07-29 10:36:57.931  2770  3161 I Launcher.NotificationListener: notificationIsValidForUI : com.whatsapp missingTitleAndText : false isGroupHeader : false
07-29 10:36:57.935  2770  2770 I Launcher.NotificationListener: onNotificationPosted : com.whatsapp number : 7
07-29 10:36:57.937  5429  5429 I Edge.badge: updateBadge item = com.whatsapp:0 7
07-29 10:36:57.938  2770  3161 I Launcher.NotificationListener: notificationIsValidForUI : com.whatsapp missingTitleAndText : false isGroupHeader : true
07-29 10:36:57.948 27074 27074 D EdgeLightingService: onStartCommand pkg=com.whatsapp,info=SemEdgeLighitngInfo{type = 2001, colors= [0, 0], repeat= 0, userId = 0},reason=1
07-29 10:36:57.964 27074 27074 I EdgeLightingSettingUtils:  loadAppCustomColor : com.whatsapp don't set custom app color
07-29 10:36:57.965 27074 27074 D EdgeLightingScheduler: startEdgeLighting: 1 com.whatsapp onGo=false
07-29 10:36:57.968 27074 27074 D EdgeLightingScheduler: don't need keep notificaton (com.whatsapp)
07-29 10:36:57.968 27074 27074 I NotificationLightingScheduler:  getOldLightingInfo com.whatsapp
07-29 10:36:57.968 27074 27074 D NotificationLightingScheduler: putLighting: com.whatsapp reason=1 cur=null, isNeedKeepPackage=false, isNeedKeepNoti=false
07-29 10:36:58.001  3790  3790 D NotificationInlineImageCache: get: Failed get image from content://com.whatsapp.provider.media/item/f5e950c6-22fb-42ce-bab8-d196ce9c0999 java.util.concurrent.TimeoutException
07-29 10:36:58.035 27074 27074 D EdgeLightingScheduler: notifyEdgeLightingPackageList :[com.whatsapp], empty = false
07-29 10:36:58.060  3790  3790 W NotifCollection: Ranking update is missing ranking for 0|com.whatsapp|1|KDDWftjoWVLcW6ZewvcdvuiUqSavd5JFIYBuX3DzPJc=
07-29 10:36:58.060  3790  3790 W NotifCollection: Ranking update is missing ranking for 0|com.whatsapp|1|7RogJdyQxpg7encGHUrBKkMmDED31ZWjOaeBLJGvKW0=
07-29 10:36:58.060  3790  3790 W NotifCollection: Ranking update is missing ranking for 0|com.whatsapp|1|g1+MLWul+fwXuB6I3J9pjx6uH8ZN/MKz+69SyC4a/zk=
07-29 10:36:58.060  3790  3790 W NotifCollection: Ranking update is missing ranking for 0|com.whatsapp|1|EN550RdtZR6bXorPyfM9LWSiNDVQHK+X1YIZNstz0KA=
07-29 10:36:58.060  3790  3790 W NotifCollection: Ranking update is missing ranking for 0|com.whatsapp|1|x5MXP6nPBTZr3yKuZK2ViwWB1IvPCEzSKCaONMFp0EQ=
07-29 10:36:58.061  3790  3790 W NotifCollection: Ranking update is missing ranking for 0|com.whatsapp|1|KDDWftjoWVLcW6ZewvcdvuiUqSavd5JFIYBuX3DzPJc=
07-29 10:36:58.061 27074 27074 I NotificationEffect: setEdgeEffectInfo:  dur=4000 hasActionButton=false isGrayScaled= true color=ff00bb0c notificationKey=0|com.whatsapp|1|null|10341 actionEnable= true
07-29 10:36:58.061  3790  3790 W NotifCollection: Ranking update is missing ranking for 0|com.whatsapp|1|7RogJdyQxpg7encGHUrBKkMmDED31ZWjOaeBLJGvKW0=
07-29 10:36:58.061  3790  3790 W NotifCollection: Ranking update is missing ranking for 0|com.whatsapp|1|g1+MLWul+fwXuB6I3J9pjx6uH8ZN/MKz+69SyC4a/zk=
07-29 10:36:58.061  3790  3790 W NotifCollection: Ranking update is missing ranking for 0|com.whatsapp|1|EN550RdtZR6bXorPyfM9LWSiNDVQHK+X1YIZNstz0KA=
07-29 10:36:58.061  3790  3790 W NotifCollection: Ranking update is missing ranking for 0|com.whatsapp|1|x5MXP6nPBTZr3yKuZK2ViwWB1IvPCEzSKCaONMFp0EQ=
07-29 10:36:58.151 27074 27074 D EdgeLightingScheduler: startNotification: com.whatsapp
07-29 10:36:58.261  1645  2428 D EdgeLightingManager: isPackageEnabled : recommend packageName = com.whatsapp
07-29 10:36:58.279  3790  3790 D S.S.N.  : onEntryAdded 0|com.whatsapp|1|null|10341
07-29 10:36:58.279  3790  3790 D InterruptionStateProvider: No  Heads up : DISABLE_HEADS_UP 0|com.whatsapp|1|null|10341
07-29 10:36:58.280  3790  3790 D S.S.N.  : onEntryAdded 0|com.whatsapp|1|YgD5DjclyPKkxE7A3zDbWAx/mBeg8O3af/7mehUUVbE=
07-29 10:36:58.281  3790  3790 D InterruptionStateProvider:  no Heads up : edgelighting enabled app. 0|com.whatsapp|1|YgD5DjclyPKkxE7A3zDbWAx/mBeg8O3af/7mehUUVbE=
07-29 10:36:58.334  1645  5057 D EdgeLightingManager: isPackageEnabled : recommend packageName = com.whatsapp
07-29 10:36:58.429  1645 29758 D VibratorManagerService: vibrate - uid: 1000, opPkg: android, effect: Mono{mEffect=Composed{segments=[Step{amplitude=0.0, frequencyHz=0.0, duration=0}, Step{amplitude=-1.0, frequencyHz=0.0, duration=300}, Step{amplitude=0.0, frequencyHz=0.0, duration=200}, Step{amplitude=-1.0, frequencyHz=0.0, duration=300}, Step{amplitude=0.0, frequencyHz=0.0, duration=200}], repeat=-1, mMagnitudeType=TYPE_EXTRA}}, attrs: VibrationAttributes: Usage=NOTIFICATION Audio Usage= USAGE_NOTIFICATION tags= Flags=0, reason: Notification (com.whatsapp 10341) (Delayed), token: android.os.Binder@90ce90e
07-29 10:36:58.440  5429  6885 I AppsEdge.Badge: key=com.whatsapp:0 count=7
07-29 10:36:58.472  1645  5379 D EdgeLightingManager: isPackageEnabled : recommend packageName = com.whatsapp
07-29 10:36:58.565  1645  5379 D EdgeLightingManager: isPackageEnabled : recommend packageName = com.whatsapp
07-29 10:36:58.645  1645  5057 D EdgeLightingManager: isPackageEnabled : recommend packageName = com.whatsapp
07-29 10:36:58.937  3790  3790 D PluginAODManager: onNotificationInfoUpdated() 0|com.whatsapp|1|null|10341
07-29 10:36:59.043  3790  6419 D SecFgsManagerControllerImpl: onForegroundStateChanged: dialogShown:false, isForeground:false, packageName:com.whatsapp , token:android.os.BinderProxy@5f8198e, userId:0
07-29 10:37:02.152 27074 27074 D NotificationLightingScheduler: expiredNotiLighting: remove=0|com.whatsapp|1|null|10341
07-29 10:37:05.442  2932  2994 I RequestManager_FLP: onOpChanged, op=0 / packageName=com.whatsapp
07-29 10:37:07.659  3790  3790 W NotifCollection: Ranking update is missing ranking for 0|com.whatsapp|1|KDDWftjoWVLcW6ZewvcdvuiUqSavd5JFIYBuX3DzPJc=
07-29 10:37:07.660  3790  3790 W NotifCollection: Ranking update is missing ranking for 0|com.whatsapp|1|7RogJdyQxpg7encGHUrBKkMmDED31ZWjOaeBLJGvKW0=
07-29 10:37:07.660  3790  3790 W NotifCollection: Ranking update is missing ranking for 0|com.whatsapp|1|g1+MLWul+fwXuB6I3J9pjx6uH8ZN/MKz+69SyC4a/zk=
07-29 10:37:07.660  3790  3790 W NotifCollection: Ranking update is missing ranking for 0|com.whatsapp|1|EN550RdtZR6bXorPyfM9LWSiNDVQHK+X1YIZNstz0KA=
07-29 10:37:07.661  3790  3790 W NotifCollection: Ranking update is missing ranking for 0|com.whatsapp|1|x5MXP6nPBTZr3yKuZK2ViwWB1IvPCEzSKCaONMFp0EQ=
07-29 10:37:07.676  3790  3790 W NotifCollection: Ranking update is missing ranking for 0|com.whatsapp|1|KDDWftjoWVLcW6ZewvcdvuiUqSavd5JFIYBuX3DzPJc=
07-29 10:37:07.678  3790  3790 W NotifCollection: Ranking update is missing ranking for 0|com.whatsapp|1|7RogJdyQxpg7encGHUrBKkMmDED31ZWjOaeBLJGvKW0=
07-29 10:37:07.678  3790  3790 W NotifCollection: Ranking update is missing ranking for 0|com.whatsapp|1|g1+MLWul+fwXuB6I3J9pjx6uH8ZN/MKz+69SyC4