07-29 10:28:59.076  2770  2770 I Launcher.NotificationListener: onNotificationPosted : com.whatsapp number : 0
07-29 10:28:59.079  3790  3790 W NotifCollection: Ranking update is missing ranking for 0|com.whatsapp|1|KDDWftjoWVLcW6ZewvcdvuiUqSavd5JFIYBuX3DzPJc=
07-29 10:28:59.079  3790  3790 W NotifCollection: Ranking update is missing ranking for 0|com.whatsapp|1|7RogJdyQxpg7encGHUrBKkMmDED31ZWjOaeBLJGvKW0=
07-29 10:28:59.079  3790  3790 W NotifCollection: Ranking update is missing ranking for 0|com.whatsapp|1|g1+MLWul+fwXuB6I3J9pjx6uH8ZN/MKz+69SyC4a/zk=
07-29 10:28:59.080  3790  3790 W NotifCollection: Ranking update is missing ranking for 0|com.whatsapp|1|EN550RdtZR6bXorPyfM9LWSiNDVQHK+X1YIZNstz0KA=
07-29 10:28:59.080  3790  3790 W NotifCollection: Ranking update is missing ranking for 0|com.whatsapp|1|x5MXP6nPBTZr3yKuZK2ViwWB1IvPCEzSKCaONMFp0EQ=
07-29 10:28:59.280  3790  3790 D S.S.N.  : onEntryUpdated 0|com.whatsapp|14|null|10341
07-29 10:28:59.280  3790  3790 D BubblesManager: onEntryUpdated : shouldBubbleUp=false ,key=0|com.whatsapp|14|null|10341
07-29 10:28:59.281  3790  3790 D InterruptionStateProvider:  no Heads up : edgelighting enabled app. 0|com.whatsapp|14|null|10341
07-29 10:28:59.833  1152  1152 I BufferQueueProducer: [com.whatsapp/com.whatsapp.Conversation$_29569#211788](this:0xb4000075ef521718,id:-1,api:0,p:-1,c:1152) queueBuffer: fps=21.47 dur=1024.82 max=66.83 min=24.95
07-29 10:28:59.871  1645  1953 D ApplicationPolicy: isStatusBarNotificationAllowedAsUser: packageName = com.whatsapp,userId = 0
07-29 10:28:59.871  1645  1953 D ApplicationPolicy: isStatusBarNotificationAllowedAsUser: packageName = com.whatsapp,userId = 0
07-29 10:29:00.096  5429  5429 I Edge.badge: updateBadge item = com.whatsapp:0 1
07-29 10:29:00.097  2770  2770 I Launcher.NotificationListener: onNotificationPosted : com.whatsapp number : 0
07-29 10:29:00.099  3790  3790 W NotifCollection: Ranking update is missing ranking for 0|com.whatsapp|1|KDDWftjoWVLcW6ZewvcdvuiUqSavd5JFIYBuX3DzPJc=
07-29 10:29:00.100  3790  3790 W NotifCollection: Ranking update is missing ranking for 0|com.whatsapp|1|7RogJdyQxpg7encGHUrBKkMmDED31ZWjOaeBLJGvKW0=
07-29 10:29:00.100  3790  3790 W NotifCollection: Ranking update is missing ranking for 0|com.whatsapp|1|g1+MLWul+fwXuB6I3J9pjx6uH8ZN/MKz+69SyC4a/zk=
07-29 10:29:00.100  3790  3790 W NotifCollection: Ranking update is missing ranking for 0|com.whatsapp|1|EN550RdtZR6bXorPyfM9LWSiNDVQHK+X1YIZNstz0KA=
07-29 10:29:00.100  3790  3790 W NotifCollection: Ranking update is missing ranking for 0|com.whatsapp|1|x5MXP6nPBTZr3yKuZK2ViwWB1IvPCEzSKCaONMFp0EQ=
07-29 10:29:00.301  3790  3790 D S.S.N.  : onEntryUpdated 0|com.whatsapp|14|null|10341
07-29 10:29:00.301  3790  3790 D BubblesManager: onEntryUpdated : shouldBubbleUp=false ,key=0|com.whatsapp|14|null|10341
07-29 10:29:00.301  3790  3790 D InterruptionStateProvider:  no Heads up : edgelighting enabled app. 0|com.whatsapp|14|null|10341
07-29 10:29:00.850  1152  1152 I BufferQueueProducer: [com.whatsapp/com.whatsapp.Conversation$_29569#211788](this:0xb4000075ef521718,id:-1,api:0,p:-1,c:1152) queueBuffer: fps=21.64 dur=1016.64 max=58.70 min=8.13
07-29 10:29:00.883  1645  4514 D ApplicationPolicy: isStatusBarNotificationAllowedAsUser: packageName = com.whatsapp,userId = 0
07-29 10:29:00.883  1645  4514 D ApplicationPolicy: isStatusBarNotificationAllowedAsUser: packageName = com.whatsapp,userId = 0
07-29 10:29:01.105  5429  5429 I Edge.badge: updateBadge item = com.whatsapp:0 1
07-29 10:29:01.106  2770  2770 I Launcher.NotificationListener: onNotificationPosted : com.whatsapp number : 0
07-29 10:29:01.110  3790  3790 W NotifCollection: Ranking update is missing ranking for 0|com.whatsapp|1|KDDWftjoWVLcW6ZewvcdvuiUqSavd5JFIYBuX3DzPJc=
07-29 10:29:01.110  3790  3790 W NotifCollection: Ranking update is missing ranking for 0|com.whatsapp|1|7RogJdyQxpg7encGHUrBKkMmDED31ZWjOaeBLJGvKW0=
07-29 10:29:01.110  3790  3790 W NotifCollection: Ranking update is missing ranking for 0|com.whatsapp|1|g1+MLWul+fwXuB6I3J9pjx6uH8ZN/MKz+69SyC4a/zk=
07-29 10:29:01.110  3790  3790 W NotifCollection: Ranking update is missing ranking for 0|com.whatsapp|1|EN550RdtZR6bXorPyfM9LWSiNDVQHK+X1YIZNstz0KA=
07-29 10:29:01.110  3790  3790 W NotifCollection: Ranking update is missing ranking for 0|com.whatsapp|1|x5MXP6nPBTZr3yKuZK2ViwWB1IvPCEzSKCaONMFp0EQ=
07-29 10:29:01.312  3790  3790 D S.S.N.  : onEntryUpdated 0|com.whatsapp|14|null|10341
07-29 10:29:01.312  3790  3790 D BubblesManager: onEntryUpdated : shouldBubbleUp=false ,key=0|com.whatsapp|14|null|10341
07-29 10:29:01.313  3790  3790 D InterruptionStateProvider:  no Heads up : edgelighting enabled app. 0|com.whatsapp|14|null|10341
07-29 10:29:01.858  1152  1152 I BufferQueueProducer: [com.whatsapp/com.whatsapp.Conversation$_29569#211788](this:0xb4000075ef521718,id:-1,api:0,p:-1,c:1152) queueBuffer: fps=21.82 dur=1008.21 max=58.43 min=8.26
07-29 10:29:01.901  1645  1953 D ApplicationPolicy: isStatusBarNotificationAllowedAsUser: packageName = com.whatsapp,userId = 0
07-29 10:29:01.901  1645  1953 D ApplicationPolicy: isStatusBarNotificationAllowedAsUser: packageName = com.whatsapp,userId = 0
07-29 10:29:02.126  2770  2770 I Launcher.NotificationListener: onNotificationPosted : com.whatsapp number : 0
07-29 10:29:02.126  5429  5429 I Edge.badge: updateBadge item = com.whatsapp:0 1
07-29 10:29:02.128  3790  3790 W NotifCollection: Ranking update is missing ranking for 0|com.whatsapp|1|KDDWftjoWVLcW6ZewvcdvuiUqSavd5JFIYBuX3DzPJc=
07-29 10:29:02.128  3790  3790 W NotifCollection: Ranking update is missing ranking for 0|com.whatsapp|1|7RogJdyQxpg7encGHUrBKkMmDED31ZWjOaeBLJGvKW0=
07-29 10:29:02.128  3790  3790 W NotifCollection: Ranking update is missing ranking for 0|com.whatsapp|1|g1+MLWul+fwXuB6I3J9pjx6uH8ZN/MKz+69SyC4a/zk=
07-29 10:29:02.129  3790  3790 W NotifCollection: Ranking update is missing ranking for 0|com.whatsapp|1|EN550RdtZR6bXorPyfM9LWSiNDVQHK+X1YIZNstz0KA=
07-29 10:29:02.129  3790  3790 W NotifCollection: Ranking update is missing ranking for 0|com.whatsapp|1|x5MXP6nPBTZr3yKuZK2ViwWB1IvPCEzSKCaONMFp0EQ=
07-29 10:29:02.329  3790  3790 D S.S.N.  : onEntryUpdated 0|com.whatsapp|14|null|10341
07-29 10:29:02.329  3790  3790 D BubblesManager: onEntryUpdated : shouldBubbleUp=false ,key=0|com.whatsapp|14|null|10341
07-29 10:29:02.330  3790  3790 D InterruptionStateProvider:  no Heads up : edgelighting enabled app. 0|com.whatsapp|14|null|10341
07-29 10:29:02.874  1152  1152 I BufferQueueProducer: [com.whatsapp/com.whatsapp.Conversation$_29569#211788](this:0xb4000075ef521718,id:-1,api:0,p:-1,c:1152) queueBuffer: fps=21.64 dur=1016.45 max=58.62 min=16.69
07-29 10:29:02.917  1645  5379 D ApplicationPolicy: isStatusBarNotificationAllowedAsUser: packageName = com.whatsapp,userId = 0
07-29 10:29:02.918  1645  5379 D ApplicationPolicy: isStatusBarNotificationAllowedAsUser: packageName = com.whatsapp,userId = 0
07-29 10:29:03.140  2770  2770 I Launcher.NotificationListener: onNotificationPosted : com.whatsapp number : 0
07-29 10:29:03.146  5429  5429 I Edge.badge: updateBadge item = com.whatsapp:0 1
07-29 10:29:03.148  3790  3790 W NotifCollection: Ranking update is missing ranking for 0|com.whatsapp|1|KDDWftjoWVLcW6ZewvcdvuiUqSavd5JFIYBuX3DzPJc=
07-29 10:29:03.148  3790  3790 W NotifCollection: Ranking update is missing ranking for 0|com.whatsapp|1|7RogJdyQxpg7encGHUrBKkMmDED31ZWjOaeBLJGvKW0=
07-29 10:29:03.148  3790  3790 W NotifCollection: Ranking update is missing ranking for 0|com.whatsapp|1|g1+MLWul+fwXuB6I3J9pjx6uH8ZN/MKz+69SyC4a/zk=
07-29 10:29:03.149  3790  3790 W NotifCollection: Ranking update is missing ranking for 0|com.whatsapp|1|EN550RdtZR6bXorPyfM9LWSiNDVQHK+X1YIZNstz0KA=
07-29 10:29:03.149  3790  3790 W NotifCollection: Ranking update is missing ranking for 0|com.whatsapp|1|x5MXP6nPBTZr3yKuZK2ViwWB1IvPCEzSKCaONMFp0EQ=
07-29 10:29:03.349  3790  3790 D S.S.N.  : onEntryUpdated 0|com.whatsapp|14|null|10341
07-29 10:29:03.349  3790  3790 D BubblesManager: onEntryUpdated : shouldBubbleUp=false ,key=0|com.whatsapp|14|null|10341
07-29 10:29:03.350  3790  3790 D InterruptionStateProvider:  no Heads up : edgelighting enabled app. 0|com.whatsapp|14|null|10341
07-29 10:29:03.891  1152  1152 I BufferQueueProducer: [com.whatsapp/com.whatsapp.Conversation$_29569#211788](this:0xb4000075ef521718,id:-1,api:0,p:-1,c:1152) queueBuffer: fps=21.64 dur=1016.40 max=58.58 min=8.35
07-29 10:29:03.934  1645  5379 D ApplicationPolicy: isStatusBarNotificationAllowedAsUser: packageName = com.whatsapp,userId = 0
07-29 10:29:03.934  1645  5379 D ApplicationPolicy: isStatusBarNotificationAllowedAsUser: packageName = com.whatsapp,userId = 0
07-29 10:29:04.157  5429  5429 I Edge.badge: updateBadge item = com.whatsapp:0 1
07-29 10:29:04.158  3790  3790 W NotifCollection: Ranking update is missing ranking for 0|com.whatsapp|1|KDDWftjoWVLcW6ZewvcdvuiUqSavd5JFIYBuX3DzPJc=
07-29 10:29:04.158  2770  2770 I Launcher.NotificationListener: onNotificationPosted : com.whatsapp number : 0
07-29 10:29:04.158  3790  3790 W NotifCollection: Ranking update is missing ranking for 0|com.whatsapp|1|7RogJdyQxpg7encGHUrBKkMmDED31ZWjOaeBLJGvKW0=
07-29 10:29:04.158  3790  3790 W NotifCollection: Ranking update is missing ranking for 0|com.whatsapp|1|g1+MLWul+fwXuB6I3J9pjx6uH8ZN/MKz+69SyC4a/zk=
07-29 10:29:04.158  3790  3790 W NotifCollection: Ranking update is missing ranking for 0|com.whatsapp|1|EN550RdtZR6bXorPyfM9LWSiNDVQHK+X1YIZNstz0KA=
07-29 10:29:04.159  3790  3790 W NotifCollection: Ranking update is missing ranking for 0|com.whatsapp|1|x5MXP6nPBTZr3yKuZK2ViwWB1IvPCEzSKCaONMFp0EQ=
07-29 10:29:04.359  3790  3790 D S.S.N.  : onEntryUpdated 0|com.whatsapp|14|null|10341
07-29 10:29:04.359  3790  3790 D BubblesManager: onEntryUpdated : shouldBubbleUp=false ,key=0|com.whatsapp|14|null|10341
07-29 10:29:04.360  3790  3790 D InterruptionStateProvider:  no Heads up : edgelighting enabled app. 0|com.whatsapp|14|null|10341
07-29 10:29:04.907  1152  1152 I BufferQueueProducer: [com.whatsapp/com.whatsapp.Conversation$_29569#211788](this:0xb4000075ef521718,id:-1,api:0,p:-1,c:1152) queueBuffer: fps=21.65 dur=1016.31 max=58.49 min=8.30
07-29 10:29:04.952  1645  4514 D ApplicationPolicy: isStatusBarNotificationAllowedAsUser: packageName = com.whatsapp,userId = 0
07-29 10:29:04.952  1645  4514 D ApplicationPolicy: isStatusBarNotificationAllowedAsUser: packageName = com.whatsapp,userId = 0
07-29 10:29:05.173  5429  5429 I Edge.badge: updateBadge item = com.whatsapp:0 1
07-29 10:29:05.174  2770  2770 I Launcher.NotificationListener: onNotificationPosted : com.whatsapp number : 0
07-29 10:29:05.177  3790  3790 W NotifCollection: Ranking update is missing ranking for 0|com.whatsapp|1|KDDWftjoWVLcW6ZewvcdvuiUqSavd5JFIYBuX3DzPJc=
07-29 10:29:05.177  3790  3790 W NotifCollection: Ranking update is missing ranking for 0|com.whatsapp|1|7RogJdyQxpg7encGHUrBKkMmDED31ZWjOaeBLJGvKW0=
07-29 10:29:05.177  3790  3790 W NotifCollection: Ranking update is missing ranking for 0|com.whatsapp|1|g1+MLWul+fwXuB6I3J9pjx6uH8ZN/MKz+69SyC4a/zk=
07-29 10:29:05.177  3790  3790 W NotifCollection: Ranking update is missing ranking for 0|com.whatsapp|1|EN550RdtZR6bXorPyfM9LWSiNDVQHK+X1YIZNstz0KA=
07-29 10:29:05.177  3790  3790 W NotifCollection: Ranking update is missing ranking for 0|com.whatsapp|1|x5MXP6nPBTZr3yKuZK2ViwWB1IvPCEzSKCaONMFp0EQ=
07-29 10:29:05.378  3790  3790 D S.S.N.  : onEntryUpdated 0|com.whatsapp|14|null|10341
07-29 10:29:05.378  3790  3790 D BubblesManager: onEntryUpdated : shouldBubbleUp=false ,key=0|com.whatsapp|14|null|10341
07-29 10:29:05.379  3790  3790 D InterruptionStateProvider:  no Heads up : edgelighting enabled app. 0|com.whatsapp|14|null|10341
07-29 10:29:05.924  1152  1152 I BufferQueueProducer: [com.whatsapp/com.whatsapp.Conversation$_29569#211788](this:0xb4000075ef521718,id:-1,api:0,p:-1,c:1152) queueBuffer: fps=21.64 dur=1016.64 max=58.53 min=16.65
07-29 10:29:05.967  1645  5379 D ApplicationPolicy: isStatusBarNotificationAllowedAsUser: packageName = com.whatsapp,userId = 0
07-29 10:29:05.967  1645  5379 D ApplicationPolicy: isStatusBarNotificationAllowedAsUser: packageName = com.whatsapp,userId = 0
07-29 10:29:06.187  3790  3790 W NotifCollection: Ranking update is missing ranking for 0|com.whatsapp|1|KDDWftjoWVLcW6ZewvcdvuiUqSavd5JFIYBuX3DzPJc=
07-29 10:29:06.187  3790  3790 W NotifCollection: Ranking update is missing ranking for 0|com.whatsapp|1|7RogJdyQxpg7encGHUrBKkMmDED31ZWjOaeBLJGvKW0=
07-29 10:29:06.188  3790  3790 W NotifCollection: Ranking update is missing ranking for 0|com.whatsapp|1|g1+MLWul+fwXuB6I3J9pjx6uH8ZN/MKz+69SyC4a/zk=
07-29 10:29:06.188  3790  3790 W NotifCollection: Ranking update is missing ranking for 0|com.whatsapp|1|EN550RdtZR6bXorPyfM9LWSiNDVQHK+X1YIZNstz0KA=
07-29 10:29:06.188  5429  5429 I Edge.badge: updateBadge item = com.whatsapp:0 1
07-29 10:29:06.188  3790  3790 W NotifCollection: Ranking update is missing ranking for 0|com.whatsapp|1|x5MXP6nPBTZr3yKuZK2ViwWB1IvPCEzSKCaONMFp0EQ=
07-29 10:29:06.188  2770  2770 I Launcher.NotificationListener: onNotificationPosted : com.whatsapp number : 0
07-29 10:29:06.388  3790  3790 D S.S.N.  : onEntryUpdated 0|com.whatsapp|14|null|10341
07-29 10:29:06.388  3790  3790 D BubblesManager: onEntryUpdated : shouldBubbleUp=false ,key=0|com.whatsapp|14|null|10341
07-29 10:29:06.389  3790  3790 D InterruptionStateProvider:  no Heads up : edgelighting enabled app. 0|com.whatsapp|14|null|10341
07-29 10:29:06.940  1152  1152 I BufferQueueProducer: [com.whatsapp/com.whatsapp.Conversation$_29569#211788](this:0xb4000075ef521718,id:-1,api:0,p:-1,c:1152) queueBuffer: fps=21.64 dur=1016.43 max=66.54 min=16.84
07-29 10:29:06.983  1645  5379 D ApplicationPolicy: isStatusBarNotificationAllowedAsUser: packageName = com.whatsapp,userId = 0
07-29 10:29:06.983  1645  5379 D ApplicationPolicy: isStatusBarNotificationAllowedAsUser: packageName = com.whatsapp,userId = 0
07-29 10:29:07.207  2770  2770 I Launcher.NotificationListener: onNotificationPosted : com.whatsapp number : 0
07-29 10:29:07.208  5429  5429 I Edge.badge: updateBadge item = com.whatsapp:0 1
07-29 10:29:07.211  3790  3790 W NotifCollection: Ranking update is missing ranking for 0|com.whatsapp|1|KDDWftjoWVLcW6ZewvcdvuiUqSavd5JFIYBuX3DzPJc=
07-29 10:29:07.212  3790  3790 W NotifCollection: Ranking update is missing ranking for 0|com.whatsapp|1|7RogJdyQxpg7encGHUrBKkMmDED31ZWjOaeBLJGvKW0=
07-29 10:29:07.212  3790  3790 W NotifCollection: Ranking update is missing ranking for 0|com.whatsapp|1|g1+MLWul+fwXuB6I3J9pjx6uH8ZN/MKz+69SyC4a/zk=
07-29 10:29:07.212  3790  3790 W NotifCollection: Ranking update is missing ranking for 0|com.whatsapp|1|EN550RdtZR6bXorPyfM9LWSiNDVQHK+X1YIZNstz0KA=
07-29 10:29:07.213  3790  3790 W NotifCollection: Ranking update is missing ranking for 0|com.whatsapp|1|x5MXP6nPBTZr3yKuZK2ViwWB1IvPCEzSKCaONMFp0EQ=
07-29 10:29:07.412  3790  3790 D S.S.N.  : onEntryUpdated 0|com.whatsapp|14|null|10341
07-29 10:29:07.412  3790  3790 D BubblesManager: onEntryUpdated : shouldBubbleUp=false ,key=0|com.whatsapp|14|null|10341
07-29 10:29:07.413  3790  3790 D InterruptionStateProvider:  no Heads up : edgelighting enabled app. 0|com.whatsapp|14|null|10341
07-29 10:29:07.957  1152  1152 I BufferQueueProducer: [com.whatsapp/com.whatsapp.Conversation$_29569#211788](this:0xb4000075ef521718,id:-1,api:0,p:-1,c:1152) queueBuffer: fps=21.64 dur=1016.45 max=66.52 min=8.48
07-29 10:29:07.999  1645  1709 D ApplicationPolicy: isStatusBarNotificationAllowedAsUser: packageName = com.whatsapp,userId = 0
07-29 10:29:08.000  1645  1709 D ApplicationPolicy: isStatusBarNotificationAllowedAsUser: packageName = com.whatsapp,userId = 0
07-29 10:29:08.222  2770  2770 I Launcher.NotificationListener: onNotificationPosted : com.whatsapp number : 0
07-29 10:29:08.223  5429  5429 I Edge.badge: updateBadge item = com.whatsapp:0 1
07-29 10:29:08.225  3790  3790 W NotifCollection: Ranking update is missing ranking for 0|com.whatsapp|1|KDDWftjoWVLcW6ZewvcdvuiUqSavd5JFIYBuX3DzPJc=
07-29 10:29:08.226  3790  3790 W NotifCollection: Ranking update is missing ranking for 0|com.whatsapp|1|7RogJdyQxpg7encGHUrBKkMmDED31ZWjOaeBLJGvKW0=
07-29 10:29:08.226  3790  3790 W NotifCollection: Ranking update is missing ranking for 0|com.whatsapp|1|g1+MLWul+fwXuB6I3J9pjx6uH8ZN/MKz+69SyC4a/zk=
07-29 10:29:08.226  3790  3790 W NotifCollection: Ranking update is missing ranking for 0|com.whatsapp|1|EN550RdtZR6bXorPyfM9LWSiNDVQHK+X1YIZNstz0KA=
07-29 10:29:08.226  3790  3790 W NotifCollection: Ranking update is missing ranking for 0|com.whatsapp|1|x5MXP6nPBTZr3yKuZK2ViwWB1IvPCEzSKCaONMFp0EQ=
07-29 10:29:08.427  3790  3790 D S.S.N.  : onEntryUpdated 0|com.whatsapp|14|null|10341
07-29 10:29:08.427  3790  3790 D BubblesManager: onEntryUpdated : shouldBubbleUp=false ,key=0|com.whatsapp|14|null|10341
07-29 10:29:08.428  3790  3790 D InterruptionStateProvider:  no Heads up : edgelighting enabled app. 0|com.whatsapp|14|null|10341
07-29 10:29:08.644  1152  1152 I SurfaceFlinger: operator()(), mtkRenderCntDebug 17830, screenshot (com.whatsapp/com.whatsapp.Conversation$_29569#211788)
07-29 10:29:08.950  1152  1152 I SurfaceFlinger: operator()(), mtkRenderCntDebug 17831, screenshot (com.whatsapp/com.whatsapp.Conversation$_29569#211788)
07-29 10:29:09.029  1645  5736 D ApplicationPolicy: isStatusBarNotificationAllowedAsUser: packageName = com.whatsapp,userId = 0
07-29 10:29:09.030  1645  5736 D ApplicationPolicy: isStatusBarNotificationAllowedAsUser: packageName = com.whatsapp,userId = 0
07-29 10:29:09.049  1645  5736 V WindowManager: Relayout Window{89edcbb u0 com.whatsapp/com.whatsapp.Conversation}: viewVisibility=8 req=1080x2340 d0
07-29 10:29:09.056 29569 29569 I ViewRootImpl@f041871[Conversation]: WindowStopped on com.whatsapp/com.whatsapp.Conversation set to true
07-29 10:29:09.081  1645  5736 V WindowManager: Relayout Window{89edcbb u0 com.whatsapp/com.whatsapp.Conversation}: viewVisibility=8 req=1080x2340 d0
07-29 10:29:09.159  1152  1152 I BufferQueueProducer: [com.whatsapp/com.whatsapp.Conversation$_29569#211788](this:0xb4000075ef521718,id:-1,api:0,p:-1,c:1152) queueBuffer: fps=18.30 dur=1202.14 max=235.64 min=8.18
07-29 10:29:09.159  1152  1152 I Layer   : Layer [com.whatsapp/com.whatsapp.Conversation$_29569#211788] hidden!! flag(1)
07-29 10:29:09.159  1152  1152 I SurfaceFlinger: [89edcbb com.whatsapp/com.whatsapp.Conversation#211787] FrameRatePriority: -1
07-29 10:29:09.159  1152  1152 I Layer   : id=211788 removeFromCurrentState com.whatsapp/com.whatsapp.Conversation$_29569#211788 (161)
07-29 10:29:09.162  1645  2365 D InputDispatcher: Focus left window (0): 89edcbb com.whatsapp/com.whatsapp.Conversation
07-29 10:29:09.164  1152  1220 I SurfaceFlinger: id=211788 Removed com.whatsapp/com.whatsapp.Conversation$_29569#211788 (158)
07-29 10:29:09.165  1152  1152 I BufferQueueDebug: [com.whatsapp/com.whatsapp.Conversation$_29569#211788](this:0xb4000075ef521718,id:-1,api:0,p:-1,c:1152) onDestructor()
07-29 10:29:09.165  1152  1152 I Layer   : id=211788 Destroyed com.whatsapp/com.whatsapp.Conversation$_29569#211788
07-29 10:29:09.254  2770  2770 I Launcher.NotificationListener: onNotificationPosted : com.whatsapp number : 0
07-29 10:29:09.254  5429  5429 I Edge.badge: updateBadge item = com.whatsapp:0 1
07-29 10:29:09.855  3790  3790 W NotifCollection: Ranking update is missing ranking for 0|com.whatsapp|1|KDDWftjoWVLcW6ZewvcdvuiUqSavd5JFIYBuX3DzPJc=
07-29 10:29:09.856  3790  3790 W NotifCollection: Ranking update is missing ranking for 0|com.whatsapp|1|7RogJdyQxpg7encGHUrBKkMmDED31ZWjOaeBLJGvKW0=
07-29 10:29:09.856  3790  3790 W NotifCollection: Ranking update is missing ranking for 0|com.whatsapp|1|g1+MLWul+fwXuB6I3J9pjx6uH8ZN/MKz+69SyC4a/zk=
07-29 10:29:09.856  3790  3790 W NotifCollection: Ranking update is missing ranking for 0|com.whatsapp|1|EN550RdtZR6bXorPyfM9LWSiNDVQHK+X1YIZNstz0KA=
07-29 10:29:09.856  3790  3790 W NotifCollection: Ranking update is missing ranking for 0|com.whatsapp|1|x5MXP6nPBTZr3yKuZK2ViwWB1IvPCEzSKCaONMFp0EQ=
07-29 10:29:09.935  1152  1929 D SurfaceFlinger: [SF client] REMOVE (0xb4000074ff223af0) for (29569:com.whatsapp)
07-29 10:29:09.962  3790  3790 D PluginAODManager: onNotificationInfoUpdated() 0|com.whatsapp|1|g1+MLWul+fwXuB6I3J9pjx6uH8ZN/MKz+69SyC4a/zk=
07-29 10:29:09.962  3790  3790 D PluginAODManager: onNotificationInfoUpdated() 0|com.whatsapp|1|7RogJdyQxpg7encGHUrBKkMmDED31ZWjOaeBLJGvKW0=
07-29 10:29:09.962  3790  3790 D PluginAODManager: onNotificationInfoUpdated() 0|com.whatsapp|1|EN550RdtZR6bXorPyfM9LWSiNDVQHK+X1YIZNstz0KA=
07-29 10:29:09.963  3790  3790 D PluginAODManager: onNotificationInfoUpdated() 0|com.whatsapp|1|x5MXP6nPBTZr3yKuZK2ViwWB1IvPCEzSKCaONMFp0EQ=
07-29 10:29:09.963  3790  3790 D PluginAODManager: onNotificationInfoUpdated() 0|com.whatsapp|1|KDDWftjoWVLcW6ZewvcdvuiUqSavd5JFIYBuX3DzPJc=
07-29 10:29:09.963  3790  3790 D PluginAODManager: onNotificationInfoUpdated() 0|com.whatsapp|14|null|10341
07-29 10:29:10.069  1645  5379 D ApplicationPolicy: isStatusBarNotificationAllowedAsUser: packageName = com.whatsapp,userId = 0
07-29 10:29:10.070  1645  5379 D ApplicationPolicy: isStatusBarNotificationAllowedAsUser: packageName = com.whatsapp,userId = 0
07-29 10:29:10.168  3790  3790 D PluginAODManager: onNotificationInfoUpdated() 0|com.whatsapp|1|g1+MLWul+fwXuB6I3J9pjx6uH8ZN/MKz+69SyC4a/zk=
07-29 10:29:10.168  3790  3790 D PluginAODManager: onNotificationInfoUpdated() 0|com.whatsapp|1|7RogJdyQxpg7encGHUrBKkMmDED31ZWjOaeBLJGvKW0=
07-29 10:29:10.168  3790  3790 D PluginAODManager: onNotificationInfoUpdated() 0|com.whatsapp|1|EN550RdtZR6bXorPyfM9LWSiNDVQHK+X1YIZNstz0KA=
07-29 10:29:10.168  3790  3790 D PluginAODManager: onNotificationInfoUpdated() 0|com.whatsapp|1|x5MXP6nPBTZr3yKuZK2ViwWB1IvPCEzSKCaONMFp0EQ=
07-29 10:29:10.168  3790  3790 D PluginAODManager: onNotificationInfoUpdated() 0|com.whatsapp|1|KDDWftjoWVLcW6ZewvcdvuiUqSavd5JFIYBuX3DzPJc=
07-29 10:29:10.168  3790  3790 D PluginAODManager: onNotificationInfoUpdated() 0|com.whatsapp|14|null|10341
07-29 10:29:10.188  3790  3790 D S.S.N.  : onEntryUpdated 0|com.whatsapp|14|null|10341
07-29 10:29:10.188  3790  3790 D BubblesManager: onEntryUpdated : shouldBubbleUp=false ,key=0|com.whatsapp|14|null|10341
07-29 10:29:10.189  3790  3790 D InterruptionStateProvider:  no Heads up : edgelighting enabled app. 0|com.whatsapp|14|null|10341
07-29 10:29:10.299  5429  5429 I Edge.badge: updateBadge item = com.whatsapp:0 1
07-29 10:29:10.300  2770  2770 I Launcher.NotificationListener: onNotificationPosted : com.whatsapp number : 0
07-29 10:29:10.447  3790  3790 D PluginAODManager: onNotificationInfoUpdated() 0|com.whatsapp|1|g1+MLWul+fwXuB6I3J9pjx6uH8ZN/MKz+69SyC4a/zk=
07-29 10:29:10.447  3790  3790 D PluginAODManager: onNotificationInfoUpdated() 0|com.whatsapp|1|7RogJdyQxpg7encGHUrBKkMmDED31ZWjOaeBLJGvKW0=
07-29 10:29:10.447  3790  3790 D PluginAODManager: onNotificationInfoUpdated() 0|com.whatsapp|1|EN550RdtZR6bXorPyfM9LWSiNDVQHK+X1YIZNstz0KA=
07-29 10:29:10.447  3790  3790 D PluginAODManager: onNotificationInfoUpdated() 0|com.whatsapp|1|x5MXP6nPBTZr3yKuZK2ViwWB1IvPCEzSKCaONMFp0EQ=
07-29 10:29:10.447  3790  3790 D PluginAODManager: onNotificationInfoUpdated() 0|com.whatsapp|1|KDDWftjoWVLcW6ZewvcdvuiUqSavd5JFIYBuX3DzPJc=
07-29 10:29:10.448  3790  3790 D PluginAODManager: onNotificationInfoUpdated() 0|com.whatsapp|14|null|10341
07-29 10:29:10.522  3790  3790 W NotifCollection: Ranking update is missing ranking for 0|com.whatsapp|1|KDDWftjoWVLcW6ZewvcdvuiUqSavd5JFIYBuX3DzPJc=
07-29 10:29:10.522  3790  3790 W NotifCollection: Ranking update is missing ranking for 0|com.whatsapp|1|7RogJdyQxpg7encGHUrBKkMmDED31ZWjOaeBLJGvKW0=
07-29 10:29:10.522  3790  3790 W NotifCollection: Ranking update is missing ranking for 0|com.whatsapp|1|g1+MLWul+fwXuB6I3J9pjx6uH8ZN/MKz+69SyC4a/zk=
07-29 10:29:10.522  3790  3790 W NotifCollection: Ranking update is missing ranking for 0|com.whatsapp|1|EN550RdtZR6bXorPyfM9LWSiNDVQHK+X1YIZNstz0KA=
07-29 10:29:10.522  3790  3790 W NotifCollection: Ranking update is missing ranking for 0|com.whatsapp|1|x5MXP6nPBTZr3yKuZK2ViwWB1IvPCEzSKCaONMFp0EQ=
07-29 10:29:10.579  3790  3790 D PluginAODManager: onNotificationInfoUpdated() 0|com.whatsapp|1|g1+MLWul+fwXuB6I3J9pjx6uH8ZN/MKz+69SyC4a/zk=
07-29 10:29:10.579  3790  3790 D PluginAODManager: onNotificationInfoUpdated() 0|com.whatsapp|1|7RogJdyQxpg7encGHUrBKkMmDED31ZWjOaeBLJGvKW0=
07-29 10:29:10.579  3790  3790 D PluginAODManager: onNotificationInfoUpdated() 0|com.whatsapp|1|EN550RdtZR6bXorPyfM9LWSiNDVQHK+X1YIZNstz0KA=
07-29 10:29:10.579  3790  3790 D PluginAODManager: onNotificationInfoUpdated() 0|com.whatsapp|1|x5MXP6nPBTZr3yKuZK2ViwWB1IvPCEzSKCaONMFp0EQ=
07-29 10:29:10.579  3790  3790 D PluginAODManager: onNotificationInfoUpdated() 0|com.whatsapp|1|KDDWftjoWVLcW6ZewvcdvuiUqSavd5JFIYBuX3DzPJc=
07-29 10:29:10.580  3790  3790 D PluginAODManager: onNotificationInfoUpdated() 0|com.whatsapp|14|null|10341
07-29 10:29:10.653  3790  3790 D PluginAODManager: onNotificationInfoUpdated() 0|com.whatsapp|1|g1+MLWul+fwXuB6I3J9pjx6uH8ZN/MKz+69SyC4a/zk=
07-29 10:29:10.653  3790  3790 D PluginAODManager: onNotificationInfoUpdated() 0|com.whatsapp|1|7RogJdyQxpg7encGHUrBKkMmDED31ZWjOaeBLJGvKW0=
07-29 10:29:10.653  3790  3790 D PluginAODManager: onNotificationInfoUpdated() 0|com.whatsapp|1|EN550RdtZR6bXorPyfM9LWSiNDVQHK+X1YIZNstz0KA=
07-29 10:29:10.653  3790  3790 D PluginAODManager: onNotificationInfoUpdated() 0|com.whatsapp|1|x5MXP6nPBTZr3yKuZK2ViwWB1IvPCEzSKCaONMFp0EQ=
07-29 10:29:10.654  3790  3790 D PluginAODManager: onNotificationInfoUpdated() 0|com.whatsapp|1|KDDWftjoWVLcW6ZewvcdvuiUqSavd5JFIYBuX3DzPJc=
07-29 10:29:10.654  3790  3790 D PluginAODManager: onNotificationInfoUpdated() 0|com.whatsapp|14|null|10341
07-29 10:29:10.771  3790  3790 D S.S.N.  : onEntryUpdated 0|com.whatsapp|14|null|10341
07-29 10:29:10.771  3790  3790 D BubblesManager: onEntryUpdated : shouldBubbleUp=false ,key=0|com.whatsapp|14|null|10341
07-29 10:29:10.772  3790  3790 D InterruptionStateProvider:  no Heads up : edgelighting enabled app. 0|com.whatsapp|14|null|10341
07-29 10:29:10.817  3790  3790 D PluginAODManager: onNotificationInfoUpdated() 0|com.whatsapp|1|g1+MLWul+fwXuB6I3J9pjx6uH8ZN/MKz+69SyC4a/zk=
07-29 10:29:10.817  3790  3790 D PluginAODManager: onNotificationInfoUpdated() 0|com.whatsapp|1|7RogJdyQxpg7encGHUrBKkMmDED31ZWjOaeBLJGvKW0=
07-29 10:29:10.817  3790  3790 D PluginAODManager: onNotificationInfoUpdated() 0|com.whatsapp|1|EN550RdtZR6bXorPyfM9LWSiNDVQHK+X1YIZNstz0KA=
07-29 10:29:10.817  3790  3790 D PluginAODManager: onNotificationInfoUpdated() 0|com.whatsapp|1|x5MXP6nPBTZr3yKuZK2ViwWB1IvPCEzSKCaONMFp0EQ=
07-29 10:29:10.817  3790  3790 D PluginAODManager: onNotificationInfoUpdated() 0|com.whatsapp|1|KDDWftjoWVLcW6ZewvcdvuiUqSavd5JFIYBuX3DzPJc=
07-29 10:29:10.817  3790  3790 D PluginAODManager: onNotificationInfoUpdated() 0|com.whatsapp|14|null|10341
07-29 10:29:10.999  3790  3790 D PluginAODManager: onNotificationInfoUpdated() 0|com.whatsapp|1|g1+MLWul+fwXuB6I3J9pjx6uH8ZN/MKz+69SyC4a/zk=
07-29 10:29:10.999  3790  3790 D PluginAODManager: onNotificationInfoUpdated() 0|com.whatsapp|1|7RogJdyQxpg7encGHUrBKkMmDED31ZWjOaeBLJGvKW0=
07-29 10:29:10.999  3790  3790 D PluginAODManager: onNotificationInfoUpdated() 0|com.whatsapp|1|EN550RdtZR6bXorPyfM9LWSiNDVQHK+X1YIZNstz0KA=
07-29 10:29:10.999  3790  3790 D PluginAODManager: onNotificationInfoUpdated() 0|com.whatsapp|1|x5MXP6nPBTZr3yKuZK2ViwWB1IvPCEzSKCaONMFp0EQ=
07-29 10:29:10.999  3790  3790 D PluginAODManager: onNotificationInfoUpdated() 0|com.whatsapp|1|KDDWftjoWVLcW6ZewvcdvuiUqSavd5JFIYBuX3DzPJc=
07-29 10:29:11.000  3790  3790 D PluginAODManager: onNotificationInfoUpdated() 0|com.whatsapp|14|null|10341
07-29 10:29:11.095  1645  1709 D ApplicationPolicy: isStatusBarNotificationAllowedAsUser: packageName = com.whatsapp,userId = 0
07-29 10:29:11.096  1645  1709 D ApplicationPolicy: isStatusBarNotificationAllowedAsUser: packageName = com.whatsapp,userId = 0
07-29 10:29:11.320  2770  2770 I Launcher.NotificationListener: onNotificationPosted : com.whatsapp number : 0
07-29 10:29:11.322  5429  5429 I Edge.badge: updateBadge item = com.whatsapp:0 1
07-29 10:29:11.332  3790  3790 W NotifCollection: Ranking update is missing ranking for 0|com.whatsapp|1|KDDWftjoWVLcW6ZewvcdvuiUqSavd5JFIYBuX3DzPJc=
07-29 10:29:11.333  3790  3790 W NotifCollection: Ranking update is missing ranking for 0|com.whatsapp|1|7RogJdyQxpg7encGHUrBKkMmDED31ZWjOaeBLJGvKW0=
07-29 10:29:11.333  3790  3790 W NotifCollection: Ranking update is missing ranking for 0|com.whatsapp|1|g1+MLWul+fwXuB6I3J9pjx6uH8ZN/MKz+69SyC4a/zk=
07-29 10:29:11.333  3790  3790 W NotifCollection: Ranking update is missing ranking for 0|com.whatsapp|1|EN550RdtZR6bXorPyfM9LWSiNDVQHK+X1YIZNstz0KA=
07-29 10:29:11.334  3790  3790 W NotifCollection: Ranking update is missing ranking for 0|com.whatsapp|1|x5MXP6nPBTZr3yKuZK2ViwWB1IvPCEzSKCaONMFp0EQ=
07-29 10:29:11.370  3790  3790 D PluginAODManager: onNotificationInfoUpdated() 0|com.whatsapp|1|g1+MLWul+fwXuB6I3J9pjx6uH8ZN/MKz+69SyC4a/zk=
07-29 10:29:11.370  3790  3790 D PluginAODManager: onNotificationInfoUpdated() 0|com.whatsapp|1|7RogJdyQxpg7encGHUrBKkMmDED31ZWjOaeBLJGvKW0=
07-29 10:29:11.370  3790  3790 D PluginAODManager: onNotificationInfoUpdated() 0|com.whatsapp|1|EN550RdtZR6bXorPyfM9LWSiNDVQHK+X1YIZNstz0KA=
07-29 10:29:11.370  3790  3790 D PluginAODManager: onNotificationInfoUpdated() 0|com.whatsapp|1|x5MXP6nPBTZr3yKuZK2ViwWB1IvPCEzSKCaONMFp0EQ=
07-29 10:29:11.370  3790  3790 D PluginAODManager: onNotificationInfoUpdated() 0|com.whatsapp|1|KDDWftjoWVLcW6ZewvcdvuiUqSavd5JFIYBuX3DzPJc=
07-29 10:29:11.371  3790  3790 D PluginAODManager: onNotificationInfoUpdated() 0|com.whatsapp|14|null|10341
07-29 10:29:11.533  3790  3790 D S.S.N.  : onEntryUpdated 0|com.whatsapp|14|null|10341
07-29 10:29:11.534  3790  3790 D BubblesManager: onEntryUpdated : shouldBubbleUp=false ,key=0|com.whatsapp|14|null|10341
07-29 10:29:11.534  3790  3790 D InterruptionStateProvider:  no Heads up : edgelighting enabled app. 0|com.whatsapp|14|null|10341
07-29 10:29:11.589  3790  3790 D PluginAODManager: onNotificationInfoUpdated() 0|com.whatsapp|1|g1+MLWul+fwXuB6I3J9pjx6uH8ZN/MKz+69SyC4a/zk=
07-29 10:29:11.589  3790  3790 D PluginAODManager: onNotificationInfoUpdated() 0|com.whatsapp|1|7RogJdyQxpg7encGHUrBKkMmDED31ZWjOaeBLJGvKW0=
07-29 10:29:11.589  3790  3790 D PluginAODManager: onNotificationInfoUpdated() 0|com.whatsapp|1|EN550RdtZR6bXorPyfM9LWSiNDVQHK+X1YIZNstz0KA=
07-29 10:29:11.589  3790  3790 D PluginAODManager: onNotificationInfoUpdated() 0|com.whatsapp|1|x5MXP6nPBTZr3yKuZK2ViwWB1IvPCEzSKCaONMFp0EQ=
07-29 10:29:11.589  3790  3790 D PluginAODManager: onNotificationInfoUpdated() 0|com.whatsapp|1|KDDWftjoWVLcW6ZewvcdvuiUqSavd5JFIYBuX3DzPJc=
07-29 10:29:11.590  3790  3790 D PluginAODManager: onNotificationInfoUpdated() 0|com.whatsapp|14|null|10341
07-29 10:29:11.674  3790  3790 D PluginAODManager: onNotificationInfoUpdated() 0|com.whatsapp|1|g1+MLWul+fwXuB6I3J9pjx6uH8ZN/MKz+69SyC4a/zk=
07-29 10:29:11.675  3790  3790 D PluginAODManager: onNotificationInfoUpdated() 0|com.whatsapp|1|7RogJdyQxpg7encGHUrBKkMmDED31ZWjOaeBLJGvKW0=
07-29 10:29:11.675  3790  3790 D PluginAODManager: onNotificationInfoUpdated() 0|com.whatsapp|1|EN550RdtZR6bXorPyfM9LWSiNDVQHK+X1YIZNstz0KA=
07-29 10:29:11.675  3790  3790 D PluginAODManager: onNotificationInfoUpdated() 0|com.whatsapp|1|x5MXP6nPBTZr3yKuZK2ViwWB1IvPCEzSKCaONMFp0EQ=
07-29 10:29:11.675  3790  3790 D PluginAODManager: onNotificationInfoUpdated() 0|com.whatsapp|1|KDDWftjoWVLcW6ZewvcdvuiUqSavd5JFIYBuX3DzPJc=
07-29 10:29:11.675  3790  3790 D PluginAODManager: onNotificationInfoUpdated() 0|com.whatsapp|14|null|10341
07-29 10:29:11.951  5429  5429 I ActivityUtils: HomePackage : com.sec.android.app.launcher, resumePackageName : com.whatsapp
07-29 10:29:11.953 29569 29569 I ViewRootImpl@f041871[Conversation]: WindowStopped on com.whatsapp/com.whatsapp.Conversation set to false
07-29 10:29:11.996  1645  2365 V WindowManager: Relayout Window{89edcbb u0 com.whatsapp/com.whatsapp.Conversation}: viewVisibility=0 req=1080x2340 d0
07-29 10:29:11.997  1152  3956 I BufferQueueDebug: [com.whatsapp/com.whatsapp.Conversation$_29569#211813](this:0xb4000075ef5712d8,id:-1,api:0,p:-1,c:-1) BufferQueue core=(1152:/system/bin/surfaceflinger)
07-29 10:29:11.997  1152  3956 I SurfaceFlinger: id=211813 createSurf flag=40004, com.whatsapp/com.whatsapp.Conversation$_29569#211813
07-29 10:29:12.003 29569 29569 D InsetsController: onStateChanged: InsetsState: {mDisplayFrame=Rect(0, 0 - 1080, 2340), mDisplayCutout=DisplayCutout{insets=Rect(0, 75 - 0, 0) waterfall=Insets{left=0, top=0, right=0, bottom=0} boundingRect={Bounds=[Rect(0, 0 - 0, 0), Rect(468, 0 - 612, 75), Rect(0, 0 - 0, 0), Rect(0, 0 - 0, 0)]} cutoutPathParserInfo={CutoutPathParserInfo{displayWidth=1080 displayHeight=2340 physicalDisplayWidth=1080 physicalDisplayHeight=2340 density={2.8125} cutoutSpec={M 0,0 H -25.6 V 26.66666666666667 H 25.6 V 0 H 0 Z @dp} rotation={0} scale={1.0} physicalPixelDisplaySizeRatio={1.0}}}}, mRoundedCorners=RoundedCorners{[RoundedCorner{position=TopLeft, radius=90, center=Point(90, 90)}, RoundedCorner{position=TopRight, radius=90, center=Point(990, 90)}, RoundedCorner{position=BottomRight, radius=90, center=Point(990, 2250)}, RoundedCorner{position=BottomLeft, radius=90, center=Point(90, 2250)}]}  mRoundedCornerFrame=Rect(0, 0 - 1080, 2340), mPrivacyIndicatorBounds=PrivacyIndicatorBounds {static bounds=Rect(956, 0 - 1080, 74) rotation=0}, mSources= { InsetsSource: {mType=ITYPE_STATUS_BAR, mFrame=[0,0][1080,75], mVisible=true, mInsetsRoundedCornerFrame=false}, InsetsSource: {mType=ITYPE_NAVIGATION_BAR, mFrame=[0,2205][1080,2340], mVisible=false, mInsetsRoundedCornerFrame=false}, InsetsSource: {mType=ITYPE_LEFT_GESTURES, mFrame=[0,0][0,2340], mVisible=true, mInsetsRoundedCornerFrame=false}, InsetsSource: {mType=ITYPE_RIGHT_GESTURES, mFrame=[1080,0][1080,2340], mVisible=true, mInsetsRoundedCornerFrame=false}, InsetsSource: {mType=ITYPE_TOP_MANDATORY_GESTURES, mFrame=[0,0][1080,109], mVisible=true, mInsetsRoundedCornerFrame=false}, InsetsSource: {mType=ITYPE_BOTTOM_MANDATORY_GESTURES, mFrame=[0,2205][1080,2340], mVisible=true, mInsetsRoundedCornerFrame=false}, InsetsSource: {mType=ITYPE_LEFT_DISPLAY_CUTOUT, mFrame=[0,0][-100000,2340], mVisible=true, mInsetsRoundedCornerFrame=false}, InsetsSource: {mType=ITYPE_TOP_DISPLAY_CUTOUT, mFrame=[0,0][1080,75], mVisible=true, mInsetsRoundedCornerFrame=false}, InsetsSource: {mType=ITYPE_RIGHT_DISPLAY_CUTOUT, mFrame=[100000,0][1080,2340], mVisible=true, mInsetsRoundedCornerFrame=false}, InsetsSource: {mType=ITYPE_BOTTOM_DISPLAY_CUTOUT, mFrame=[0,100000][1080,2340], mVisible=true, mInsetsRoundedCornerFrame=false}, InsetsSource: {mType=ITYPE_TOP_TAPPABLE_ELEMENT, mFrame=[0,0][1080,75], mVisible=true, mInsetsRoundedCornerFrame=false}, InsetsSource: {mType=ITYPE_BOTTOM_TAPPABLE_ELEMENT, mFrame=[0,2205][1080,2340], mVisible=true, mInsetsRoundedCornerFrame=false}, InsetsSource: {mType=ITYPE_IME, mFrame=[0,0][0,0], mVisibleFrame=[0,1332][1080,2340], mVisible=false, mInsetsRoundedCornerFrame=false} } host=com.whatsapp/com.whatsapp.Conversation from=android.view.ViewRootImpl.relayoutWindow:9802
07-29 10:29:12.048  1152  1152 D BufferStateLayer: com.whatsapp/com.whatsapp.Conversation$_29569#211813 setBuffer frameId=1, bufferId=126997887983751 fenceId=281, w= 1080, h=2340
07-29 10:29:12.065  1152  1152 I Layer   : Layer [com.whatsapp/com.whatsapp.Conversation$_29569#211813] hidden!! flag(0)
07-29 10:29:12.070  1152  1152 D SurfaceFlinger:      DEVICE | 0xb40000751f200c90 | 0102 | RGBA_8888    |    0.0    0.0 1080.0 2340.0 |    0    0 1080 2340 | com.whatsapp/com.whatsapp.Conversation$_29569#211813
07-29 10:29:12.077 29569 29569 D InsetsController: onStateChanged: InsetsState: {mDisplayFrame=Rect(0, 0 - 1080, 2340), mDisplayCutout=DisplayCutout{insets=Rect(0, 75 - 0, 0) waterfall=Insets{left=0, top=0, right=0, bottom=0} boundingRect={Bounds=[Rect(0, 0 - 0, 0), Rect(468, 0 - 612, 75), Rect(0, 0 - 0, 0), Rect(0, 0 - 0, 0)]} cutoutPathParserInfo={CutoutPathParserInfo{displayWidth=1080 displayHeight=2340 physicalDisplayWidth=1080 physicalDisplayHeight=2340 density={2.8125} cutoutSpec={M 0,0 H -25.6 V 26.66666666666667 H 25.6 V 0 H 0 Z @dp} rotation={0} scale={1.0} physicalPixelDisplaySizeRatio={1.0}}}}, mRoundedCorners=RoundedCorners{[RoundedCorner{position=TopLeft, radius=90, center=Point(90, 90)}, RoundedCorner{position=TopRight, radius=90, center=Point(990, 90)}, RoundedCorner{position=BottomRight, radius=90, center=Point(990, 2250)}, RoundedCorner{position=BottomLeft, radius=90, center=Point(90, 2250)}]}  mRoundedCornerFrame=Rect(0, 0 - 1080, 2340), mPrivacyIndicatorBounds=PrivacyIndicatorBounds {static bounds=Rect(956, 0 - 1080, 74) rotation=0}, mSources= { InsetsSource: {mType=ITYPE_STATUS_BAR, mFrame=[0,0][1080,75], mVisible=true, mInsetsRoundedCornerFrame=false}, InsetsSource: {mType=ITYPE_NAVIGATION_BAR, mFrame=[0,2205][1080,2340], mVisible=true, mInsetsRoundedCornerFrame=false}, InsetsSource: {mType=ITYPE_LEFT_GESTURES, mFrame=[0,0][0,2340], mVisible=true, mInsetsRoundedCornerFrame=false}, InsetsSource: {mType=ITYPE_RIGHT_GESTURES, mFrame=[1080,0][1080,2340], mVisible=true, mInsetsRoundedCornerFrame=false}, InsetsSource: {mType=ITYPE_TOP_MANDATORY_GESTURES, mFrame=[0,0][1080,109], mVisible=true, mInsetsRoundedCornerFrame=false}, InsetsSource: {mType=ITYPE_BOTTOM_MANDATORY_GESTURES, mFrame=[0,2205][1080,2340], mVisible=true, mInsetsRoundedCornerFrame=false}, InsetsSource: {mType=ITYPE_LEFT_DISPLAY_CUTOUT, mFrame=[0,0][-100000,2340], mVisible=true, mInsetsRoundedCornerFrame=false}, InsetsSource: {mType=ITYPE_TOP_DISPLAY_CUTOUT, mFrame=[0,0][1080,75], mVisible=true, mInsetsRoundedCornerFrame=false}, InsetsSource: {mType=ITYPE_RIGHT_DISPLAY_CUTOUT, mFrame=[100000,0][1080,2340], mVisible=true, mInsetsRoundedCornerFrame=false}, InsetsSource: {mType=ITYPE_BOTTOM_DISPLAY_CUTOUT, mFrame=[0,100000][1080,2340], mVisible=true, mInsetsRoundedCornerFrame=false}, InsetsSource: {mType=ITYPE_TOP_TAPPABLE_ELEMENT, mFrame=[0,0][1080,75], mVisible=true, mInsetsRoundedCornerFrame=false}, InsetsSource: {mType=ITYPE_BOTTOM_TAPPABLE_ELEMENT, mFrame=[0,2205][1080,2340], mVisible=true, mInsetsRoundedCornerFrame=false}, InsetsSource: {mType=ITYPE_IME, mFrame=[0,0][0,0], mVisibleFrame=[0,1332][1080,2340], mVisible=false, mInsetsRoundedCornerFrame=false} } host=com.whatsapp/com.whatsapp.Conversation from=android.view.ViewRootImpl$ViewRootHandler.handleMessageImpl:6727
07-29 10:29:12.112  1645  2420 D ApplicationPolicy: isStatusBarNotificationAllowedAsUser: packageName = com.whatsapp,userId = 0
07-29 10:29:12.112  1645  2420 D ApplicationPolicy: isStatusBarNotificationAllowedAsUser: packageName = com.whatsapp,userId = 0
07-29 10:29:12.337  2770  2770 I Launcher.NotificationListener: onNotificationPosted : com.whatsapp number : 0
07-29 10:29:12.338  5429  5429 I Edge.badge: updateBadge item = com.whatsapp:0 1
07-29 10:29:12.377 29569 29569 D InsetsSourceConsumer: ensureControlPosition: Point(0, 2205) for ITYPE_NAVIGATION_BAR on com.whatsapp/com.whatsapp.Conversation from android.view.InsetsSourceConsumer.setControl:211
07-29 10:29:12.381  1152  1152 I SurfaceFlinger: [89edcbb com.whatsapp/com.whatsapp.Conversation#211787] FrameRatePriority: 1
07-29 10:29:12.383  1152  1306 D SurfaceFlinger: [input] setFocusedWindow: 89edcbb com.whatsapp/com.whatsapp.Conversation
07-29 10:29:12.383  1645  2405 D InputDispatcher: Focus entered window (0): 89edcbb com.whatsapp/com.whatsapp.Conversation
07-29 10:29:12.386  1152  1152 D SurfaceFlinger:      DEVICE | 0xb40000751f200c90 | 0102 | RGBA_8888    |    0.0    0.0 1080.0 2340.0 |    0    0 1080 2340 | com.whatsapp/com.whatsapp.Conversation$_29569#211813
07-29 10:29:12.392  1645  2403 V WindowManager: Relayout Window{89edcbb u0 com.whatsapp/com.whatsapp.Conversation}: viewVisibility=0 req=1080x2340 d0
07-29 10:29:12.485  1152  1152 D SurfaceFlinger:      DEVICE | 0xb40000751f1e8090 | 0102 | RGBA_8888    |    0.0    0.0 1080.0 2340.0 |    0    0 1080 2340 | com.whatsapp/com.whatsapp.Conversation$_29569#211813
07-29 10:29:12.613  3790  3790 W NotifCollection: Ranking update is missing ranking for 0|com.whatsapp|1|KDDWftjoWVLcW6ZewvcdvuiUqSavd5JFIYBuX3DzPJc=
07-29 10:29:12.613  3790  3790 W NotifCollection: Ranking update is missing ranking for 0|com.whatsapp|1|7RogJdyQxpg7encGHUrBKkMmDED31ZWjOaeBLJGvKW0=
07-29 10:29:12.613  3790  3790 W NotifCollection: Ranking update is missing ranking for 0|com.whatsapp|1|g1+MLWul+fwXuB6I3J9pjx6uH8ZN/MKz+69SyC4a/zk=
07-29 10:29:12.613  3790  3790 W NotifCollection: Ranking update is missing ranking for 0|com.whatsapp|1|EN550RdtZR6bXorPyfM9LWSiNDVQHK+X1YIZNstz0KA=
07-29 10:29:12.613  3790  3790 W NotifCollection: Ranking update is missing ranking for 0|com.whatsapp|1|x5MXP6nPBTZr3yKuZK2ViwWB1IvPCEzSKCaONMFp0EQ=
07-29 10:29:12.814  3790  3790 D S.S.N.  : onEntryUpdated 0|com.whatsapp|14|null|10341
07-29 10:29:12.814  3790  3790 D BubblesManager: onEntryUpdated : shouldBubbleUp=false ,key=0|com.whatsapp|14|null|10341
07-29 10:29:12.815  3790  3790 D InterruptionStateProvider:  no Heads up : edgelighting enabled app. 0|com.whatsapp|14|null|10341
07-29 10:29:12.928  1152  1152 D SurfaceFlinger:      DEVICE | 0xb40000751f1f4690 | 0102 | RGBA_8888    |    0.0    0.0 1080.0 2340.0 |    0    0 1080 2340 | com.whatsapp/com.whatsapp.Conversation$_29569#211813
07-29 10:29:13.065  1152  1152 I BufferQueueProducer: [com.whatsapp/com.whatsapp.Conversation$_29569#211813](this:0xb4000075ef5712d8,id:-1,api:0,p:-1,c:1152) queueBuffer: fps=34.44 dur=1016.34 max=58.40 min=8.15
07-29 10:29:13.113  1645  2405 D ApplicationPolicy: isStatusBarNotificationAllowedAsUser: packageName = com.whatsapp,userId = 0
07-29 10:29:13.113  1645  2405 D ApplicationPolicy: isStatusBarNotificationAllowedAsUser: packageName = com.whatsapp,userId = 0
07-29 10:29:13.335  2770  2770 I Launcher.NotificationListener: onNotificationPosted : com.whatsapp number : 0
07-29 10:29:13.337  5429  5429 I Edge.badge: updateBadge item = com.whatsapp:0 1
07-29 10:29:13.343  3790  3790 W NotifCollection: Ranking update is missing ranking for 0|com.whatsapp|1|KDDWftjoWVLcW6ZewvcdvuiUqSavd5JFIYBuX3DzPJc=
07-29 10:29:13.343  3790  3790 W NotifCollection: Ranking update is missing ranking for 0|com.whatsapp|1|7RogJdyQxpg7encGHUrBKkMmDED31ZWjOaeBLJGvKW0=
07-29 10:29:13.344  3790  3790 W NotifCollection: Ranking update is missing ranking for 0|com.whatsapp|1|g1+MLWul+fwXuB6I3J9pjx6uH8ZN/MKz+69SyC4a/zk=
07-29 10:29:13.344  3790  3790 W NotifCollection: Ranking update is missing ranking for 0|com.whatsapp|1|EN550RdtZR6bXorPyfM9LWSiNDVQHK+X1YIZNstz0KA=
07-29 10:29:13.344  3790  3790 W NotifCollection: Ranking update is missing ranking for 0|com.whatsapp|1|x5MXP6nPBTZr3yKuZK2ViwWB1IvPCEzSKCaONMFp0EQ=
07-29 10:29:13.545  3790  3790 D S.S.N.  : onEntryUpdated 0|com.whatsapp|14|null|10341
07-29 10:29:13.545  3790  3790 D BubblesManager: onEntryUpdated : shouldBubbleUp=false ,key=0|com.whatsapp|14|null|10341
07-29 10:29:13.545  3790  3790 D InterruptionStateProvider:  no Heads up : edgelighting enabled app. 0|com.whatsapp|14|null|10341
07-29 10:29:14.089  1152  1152 I BufferQueueProducer: [com.whatsapp/com.whatsapp.Conversation$_29569#211813](this:0xb4000075ef5712d8,id:-1,api:0,p:-1,c:1152) queueBuffer: fps=50.74 dur=1024.74 max=66.48 min=8.07
07-29 10:29:14.128  1645  2405 D ApplicationPolicy: isStatusBarNotificationAllowedAsUser: packageName = com.whatsapp,userId = 0
07-29 10:29:14.129  1645  2405 D ApplicationPolicy: isStatusBarNotificationAllowedAsUser: packageName = com.whatsapp,userId = 0
07-29 10:29:14.353  5429  5429 I Edge.badge: updateBadge item = com.whatsapp:0 1
07-29 10:29:14.354  2770  2770 I Launcher.NotificationListener: onNotificationPosted : com.whatsapp number : 0
07-29 10:29:14.356  3790  3790 W NotifCollection: Ranking update is missing ranking for 0|com.whatsapp|1|KDDWftjoWVLcW6ZewvcdvuiUqSavd5JFIYBuX3DzPJc=
07-29 10:29:14.356  3790  3790 W NotifCollection: Ranking update is missing ranking for 0|com.whatsapp|1|7RogJdyQxpg7encGHUrBKkMmDED31ZWjOaeBLJGvKW0=
07-29 10:29:14.356  3790  3790 W NotifCollection: Ranking update is missing ranking for 0|com.whatsapp|1|g1+MLWul+fwXuB6I3J9pjx6uH8ZN/MKz+69SyC4a/zk=
07-29 10:29:14.357  3790  3790 W NotifCollection: Ranking update is missing ranking for 0|com.whatsapp|1|EN550RdtZR6bXorPyfM9LWSiNDVQHK+X1YIZNstz0KA=
07-29 10:29:14.357  3790  3790 W NotifCollection: Ranking update is missing ranking for 0|com.whatsapp|1|x5MXP6nPBTZr3yKuZK2ViwWB1IvPCEzSKCaONMFp0EQ=
07-29 10:29:14.558  3790  3790 D S.S.N.  : onEntryUpdated 0|com.whatsapp|14|null|10341
07-29 10:29:14.558  3790  3790 D BubblesManager: onEntryUpdated : shouldBubbleUp=false ,key=0|com.whatsapp|14|null|10341
07-29 10:29:14.558  3790  3790 D InterruptionStateProvider:  no Heads up : edgelighting enabled app. 0|com.whatsapp|14|null|10341
07-29 10:29:15.106  1152  1152 I BufferQueueProducer: [com.whatsapp/com.whatsapp.Conversation$_29569#211813](this:0xb4000075ef5712d8,id:-1,api:0,p:-1,c:1152) queueBuffer: fps=20.66 dur=1016.52 max=58.38 min=8.15
07-29 10:29:15.146  1645  5736 D ApplicationPolicy: isStatusBarNotificationAllowedAsUser: packageName = com.whatsapp,userId = 0
07-29 10:29:15.146  1645  5736 D ApplicationPolicy: isStatusBarNotificationAllowedAsUser: packageName = com.whatsapp,userId = 0
07-29 10:29:15.369  2770  2770 I Launcher.NotificationListener: onNotificationPosted : com.whatsapp number : 0
07-29 10:29:15.369  5429  5429 I Edge.badge: updateBadge item = com.whatsapp:0 1
07-29 10:29:15.370  3790  3790 W NotifCollection: Ranking update is missing ranking for 0|com.whatsapp|1|KDDWftjoWVLcW6ZewvcdvuiUqSavd5JFIYBuX3DzPJc=
07-29 10:29:15.370  3790  3790 W NotifCollection: Ranking update is missing ranking for 0|com.whatsapp|1|7RogJdyQxpg7encGHUrBKkMmDED31ZWjOaeBLJGvKW0=
07-29 10:29:15.370  3790  3790 W NotifCollection: Ranking update is missing ranking for 0|com.whatsapp|1|g1+MLWul+fwXuB6I3J9pjx6uH8ZN/MKz+69SyC4a/zk=
07-29 10:29:15.370  3790  3790 W NotifCollection: Ranking update is missing ranking for 0|com.whatsapp|1|EN550RdtZR6bXorPyfM9LWSiNDVQHK+X1YIZNstz0KA=
07-29 10:29:15.370  3790  3790 W NotifCollection: Ranking update is missing ranking for 0|com.whatsapp|1|x5MXP6nPBTZr3yKuZK2ViwWB1IvPCEzSKCaONMFp0EQ=
07-29 10:29:15.571  3790  3790 D S.S.N.  : onEntryUpdated 0|com.whatsapp|14|null|10341
07-29 10:29:15.571  3790  3790 D BubblesManager: onEntryUpdated : shouldBubbleUp=false ,key=0|com.whatsapp|14|null|10341
07-29 10:29:15.572  3790  3790 D InterruptionStateProvider:  no Heads up : edgelighting enabled app. 0|com.whatsapp|14|null|10341
07-29 10:29:16.122  1152  1152 I BufferQueueProducer: [com.whatsapp/com.whatsapp.Conversation$_29569#211813](this:0xb4000075ef5712d8,id:-1,api:0,p:-1,c:1152) queueBuffer: fps=21.65 dur=1016.32 max=58.40 min=16.40
07-29 10:29:16.162  1645  5736 D ApplicationPolicy: isStatusBarNotificationAllowedAsUser: packageName = com.whatsapp,userId = 0
07-29 10:29:16.163  1645  5736 D ApplicationPolicy: isStatusBarNotificationAllowedAsUser: packageName = com.whatsapp,userId = 0
07-29 10:29:16.388  2770  2770 I Launcher.NotificationListener: onNotificationPosted : com.whatsapp number : 0
07-29 10:29:16.389  5429  5429 I Edge.badge: updateBadge item = com.whatsapp:0 1
07-29 10:29:16.391  3790  3790 W NotifCollection: Ranking update is missing ranking for 0|com.whatsapp|1|KDDWftjoWVLcW6ZewvcdvuiUqSavd5JFIYBuX3DzPJc=
07-29 10:29:16.391  3790  3790 W NotifCollection: Ranking update is missing ranking for 0|com.whatsapp|1|7RogJdyQxpg7encGHUrBKkMmDED31ZWjOaeBLJGvKW0=
07-29 10:29:16.392  3790  3790 W NotifCollection: Ranking update is missing ranking for 0|com.whatsapp|1|g1+MLWul+fwXuB6I3J9pjx6uH8ZN/MKz+69SyC4a/zk=
07-29 10:29:16.392  3790  3790 W NotifCollection: Ranking update is missing ranking for 0|com.whatsapp|1|EN550RdtZR6bXorPyfM9LWSiNDVQHK+X1YIZNstz0KA=
07-29 10:29:16.392  3790  3790 W NotifCollection: Ranking update is missing ranking for 0|com.whatsapp|1|x5MXP6nPBTZr3yKuZK2ViwWB1IvPCEzSKCaONMFp0EQ=
07-29 10:29:16.592  3790  3790 D S.S.N.  : onEntryUpdated 0|com.whatsapp|14|null|10341
07-29 10:29:16.592  3790  3790 D BubblesManager: onEntryUpdated : shouldBubbleUp=false ,key=0|com.whatsapp|14|null|10341
07-29 10:29:16.593  3790  3790 D InterruptionStateProvider:  no Heads up : edgelighting enabled app. 0|com.whatsapp|14|null|10341
07-29 10:29:17.139  1152  1152 I BufferQueueProducer: [com.whatsapp/com.whatsapp.Conversation$_29569#211813](this:0xb4000075ef5712d8,id:-1,api:0,p:-1,c:1152) queueBuffer: fps=21.63 dur=1016.89 max=67.01 min=7.94
07-29 10:29:17.179  1645  2405 D ApplicationPolicy: isStatusBarNotificationAllowedAsUser: packageName = com.whatsapp,userId = 0
07-29 10:29:17.179  1645  2405 D ApplicationPolicy: isStatusBarNotificationAllowedAsUser: packageName = com.whatsapp,userId = 0
07-29 10:29:17.402  2770  2770 I Launcher.NotificationListener: onNotificationPosted : com.whatsapp number : 0
07-29 10:29:17.404  5429  5429 I Edge.badge: updateBadge item = com.whatsapp:0 1
07-29 10:29:17.406  3790  3790 W NotifCollection: Ranking update is missing ranking for 0|com.whatsapp|1|KDDWftjoWVLcW6ZewvcdvuiUqSavd5JFIYBuX3DzPJc=
07-29 10:29:17.407  3790  3790 W NotifCollection: Ranking update is missing ranking for 0|com.whatsapp|1|7RogJdyQxpg7encGHUrBKkMmDED31ZWjOaeBLJGvKW0=
07-29 10:29:17.407  3790  3790 W NotifCollection: Ranking update is missing ranking for 0|com.whatsapp|1|g1+MLWul+fwXuB6I3J9pjx6uH8ZN/MKz+69SyC4a/zk=
07-29 10:29:17.407  3790  3790 W NotifCollection: Ranking update is missing ranking for 0|com.whatsapp|1|EN550RdtZR6bXorPyfM9LWSiNDVQHK+X1YIZNstz0KA=
07-29 10:29:17.408  3790  3790 W NotifCollection: Ranking update is missing ranking for 0|com.whatsapp|1|x5MXP6nPBTZr3yKuZK2ViwWB1IvPCEzSKCaONMFp0EQ=
07-29 10:29:17.606  3790  3790 D S.S.N.  : onEntryUpdated 0|com.whatsapp|14|null|10341
