07-29 10:30:13.623  1152  1152 I Layer   : id=211916 Destroyed Surface(name=ActivityRecord{c1694d2 u0 com.whatsapp/.Conversation} t31787})/@0xcb345d0 - animation-leash of app_transition#211916
07-29 10:30:13.623  1152  1152 I Layer   : id=211915 Destroyed DimAnimationLayer for ActivityRecord{c1694d2 u0 com.whatsapp/.Conversation} t31787}#211915
07-29 10:30:13.627  1645  1953 V WindowManager: Relayout Window{4a0ddac u0 com.whatsapp/com.whatsapp.home.ui.HomeActivity}: viewVisibility=8 req=1080x2340 d0
07-29 10:30:13.631 29569 29569 I ViewRootImpl@a2ae55b[HomeActivity]: WindowStopped on com.whatsapp/com.whatsapp.home.ui.HomeActivity set to true
07-29 10:30:13.640  1645  1953 V WindowManager: Relayout Window{4a0ddac u0 com.whatsapp/com.whatsapp.home.ui.HomeActivity}: viewVisibility=8 req=1080x2340 d0
07-29 10:30:13.647  1152  1152 I Layer   : id=211903 removeFromCurrentState com.whatsapp/com.whatsapp.home.ui.HomeActivity$_29569#211903 (159)
07-29 10:30:13.647  1152  1152 I SurfaceFlinger: id=211903 Removed com.whatsapp/com.whatsapp.home.ui.HomeActivity$_29569#211903 (159)
07-29 10:30:13.647  1152  1152 I BufferQueueDebug: [com.whatsapp/com.whatsapp.home.ui.HomeActivity$_29569#211903](this:0xb4000075ef5578c8,id:-1,api:0,p:-1,c:1152) onDestructor()
07-29 10:30:13.647  1152  1152 I Layer   : id=211903 Destroyed com.whatsapp/com.whatsapp.home.ui.HomeActivity$_29569#211903
07-29 10:30:14.272  1152  1152 I BufferQueueProducer: [com.whatsapp/com.whatsapp.Conversation$_29569#211910](this:0xb4000075ef45fcd8,id:-1,api:0,p:-1,c:1152) queueBuffer: fps=13.85 dur=1083.05 max=506.96 min=8.09
07-29 10:30:14.763  1152  1152 D SurfaceFlinger:      DEVICE | 0xb40000751f1fea30 | 0102 | RGBA_8888    |    0.0    0.0 1080.0 2340.0 |    0    0 1080 2340 | com.whatsapp/com.whatsapp.Conversation$_29569#211910
07-29 10:30:15.772  1152  1152 I BufferQueueProducer: [com.whatsapp/com.whatsapp.Conversation$_29569#211910](this:0xb4000075ef45fcd8,id:-1,api:0,p:-1,c:1152) queueBuffer: fps=2.00 dur=1500.28 max=508.55 min=483.46
07-29 10:30:17.288  1152  1152 I BufferQueueProducer: [com.whatsapp/com.whatsapp.Conversation$_29569#211910](this:0xb4000075ef45fcd8,id:-1,api:0,p:-1,c:1152) queueBuffer: fps=27.05 dur=1515.93 max=516.25 min=6.82
07-29 10:30:18.780  1152  1152 I BufferQueueProducer: [com.whatsapp/com.whatsapp.Conversation$_29569#211910](this:0xb4000075ef45fcd8,id:-1,api:0,p:-1,c:1152) queueBuffer: fps=2.01 dur=1492.07 max=509.11 min=483.66
07-29 10:30:19.147  1645  2420 D PhoneWindowManagerExt: f.b. a=false id=50052 he=false ksno=false uid=10341 callingPackage=com.whatsapp reason=null Caller=com.android.server.policy.PhoneWindowManager.performHapticFeedback:6534 com.android.server.wm.Session.performHapticFeedback:322 android.view.IWindowSession$Stub.onTransact:909 com.android.server.wm.Session.onTransact:188 android.os.Binder.execTransactInternal:1321 
07-29 10:30:19.567  3790  3790 W NotifCollection: Ranking update is missing ranking for 0|com.whatsapp|1|KDDWftjoWVLcW6ZewvcdvuiUqSavd5JFIYBuX3DzPJc=
07-29 10:30:19.568  3790  3790 W NotifCollection: Ranking update is missing ranking for 0|com.whatsapp|1|7RogJdyQxpg7encGHUrBKkMmDED31ZWjOaeBLJGvKW0=
07-29 10:30:19.568  3790  3790 W NotifCollection: Ranking update is missing ranking for 0|com.whatsapp|1|g1+MLWul+fwXuB6I3J9pjx6uH8ZN/MKz+69SyC4a/zk=
07-29 10:30:19.568  3790  3790 W NotifCollection: Ranking update is missing ranking for 0|com.whatsapp|1|EN550RdtZR6bXorPyfM9LWSiNDVQHK+X1YIZNstz0KA=
07-29 10:30:19.568  3790  3790 W NotifCollection: Ranking update is missing ranking for 0|com.whatsapp|1|x5MXP6nPBTZr3yKuZK2ViwWB1IvPCEzSKCaONMFp0EQ=
07-29 10:30:19.788  1152  1152 I BufferQueueProducer: [com.whatsapp/com.whatsapp.Conversation$_29569#211910](this:0xb4000075ef45fcd8,id:-1,api:0,p:-1,c:1152) queueBuffer: fps=76.41 dur=1007.78 max=366.12 min=7.92
07-29 10:30:20.797  1152  1152 I BufferQueueProducer: [com.whatsapp/com.whatsapp.Conversation$_29569#211910](this:0xb4000075ef45fcd8,id:-1,api:0,p:-1,c:1152) queueBuffer: fps=47.59 dur=1008.61 max=517.16 min=8.20
07-29 10:30:22.177  1645  3747 D InputDispatcher: Focused application(0): ActivityRecord{e58c34e u0 com.whatsapp/.home.ui.HomeActivity} t31787}
07-29 10:30:22.182 29569 29569 I ViewRootImpl@a2ae55b[HomeActivity]: WindowStopped on com.whatsapp/com.whatsapp.home.ui.HomeActivity set to false
07-29 10:30:22.188  1152  1152 I SurfaceFlinger: [b213acc com.whatsapp/com.whatsapp.Conversation#211909] FrameRatePriority: -1
07-29 10:30:22.188  5429  5429 I ActivityUtils: HomePackage : com.sec.android.app.launcher, resumePackageName : com.whatsapp
07-29 10:30:22.189  1645  1953 D InputDispatcher: Focus left window (0): b213acc com.whatsapp/com.whatsapp.Conversation
07-29 10:30:22.193  1645  1953 V WindowManager: Relayout Window{4a0ddac u0 com.whatsapp/com.whatsapp.home.ui.HomeActivity}: viewVisibility=0 req=1080x2340 d0
07-29 10:30:22.193  1152  2013 I BufferQueueDebug: [com.whatsapp/com.whatsapp.home.ui.HomeActivity$_29569#211926](this:0xb4000075ef521718,id:-1,api:0,p:-1,c:-1) BufferQueue core=(1152:/system/bin/surfaceflinger)
07-29 10:30:22.193  1152  2013 I SurfaceFlinger: id=211926 createSurf flag=40004, com.whatsapp/com.whatsapp.home.ui.HomeActivity$_29569#211926
07-29 10:30:22.205  1152  1152 I SurfaceFlinger: [4a0ddac com.whatsapp/com.whatsapp.home.ui.HomeActivity#211902] FrameRatePriority: 1
07-29 10:30:22.206  1152  1306 D SurfaceFlinger: [input] setFocusedWindow: 4a0ddac com.whatsapp/com.whatsapp.home.ui.HomeActivity
07-29 10:30:22.206  1645  1953 D InputDispatcher: Focus request (0): 4a0ddac com.whatsapp/com.whatsapp.home.ui.HomeActivity but waiting because NOT_VISIBLE
07-29 10:30:22.235  1152  2013 I SurfaceFlinger: id=211929 createSurf flag=24000, Surface(name=ActivityRecord{c1694d2 u0 com.whatsapp/.Conversation} t31787})/@0xcb345d0 - animation-leash of app_transition#211929
07-29 10:30:22.235  1152  1220 I SurfaceFlinger: id=211930 createSurf flag=80004, Surface(name=ActivityRecord{c1694d2 u0 com.whatsapp/.Conversation} t31787})/@0xcb345d0 - animation-bounds#211930
07-29 10:30:22.236  1152  2013 I SurfaceFlinger: id=211931 createSurf flag=24004, Surface(name=ActivityRecord{e58c34e u0 com.whatsapp/.home.ui.HomeActivity} t31787})/@0xf264062 - animation-leash of app_transition#211931
07-29 10:30:22.237  1152  1929 I SurfaceFlinger: id=211932 createSurf flag=80004, Surface(name=ActivityRecord{e58c34e u0 com.whatsapp/.home.ui.HomeActivity} t31787})/@0xf264062 - animation-bounds#211932
07-29 10:30:22.238  1152  1152 D BufferStateLayer: com.whatsapp/com.whatsapp.home.ui.HomeActivity$_29569#211926 setBuffer frameId=1, bufferId=126997887983769 fenceId=131, w= 1080, h=2340
07-29 10:30:22.246  1152  1152 I Layer   : Layer [com.whatsapp/com.whatsapp.home.ui.HomeActivity$_29569#211926] hidden!! flag(0)
07-29 10:30:22.251  1152  1152 I SurfaceFlinger: operator()(), mtkRenderCntDebug 17843, screenshot (com.whatsapp/com.whatsapp.Conversation$_29569#211910)
07-29 10:30:22.254  1152  1152 I BufferQueueProducer: [com.whatsapp/com.whatsapp.Conversation$_29569#211910](this:0xb4000075ef45fcd8,id:-1,api:0,p:-1,c:1152) queueBuffer: fps=2.06 dur=1457.76 max=491.61 min=474.63
07-29 10:30:22.259  1152  1152 I SurfaceFlinger: operator()(), mtkRenderCntDebug 17844, screenshot (com.whatsapp/com.whatsapp.home.ui.HomeActivity$_29569#211926)
07-29 10:30:22.277  1645  1938 W InputDispatcher: Waiting because no window has focus but ActivityRecord{e58c34e u0 com.whatsapp/.home.ui.HomeActivity} t31787} may eventually add a window when it finishes starting up. Will wait for 10000ms
07-29 10:30:22.280  1645  1953 D InputDispatcher: Focus entered window (0): 4a0ddac com.whatsapp/com.whatsapp.home.ui.HomeActivity
07-29 10:30:22.293  1152  1152 D SurfaceFlinger:      DEVICE | 0xb40000751f1b4210 | 0102 | RGBA_8888    |    0.0    0.0 1080.0 2338.0 |    0    2 1080 2340 | com.whatsapp/com.whatsapp.Conversation$_29569#211910
07-29 10:30:22.371  1152  1152 I SurfaceFlinger: [4a0ddac com.whatsapp/com.whatsapp.home.ui.HomeActivity#211902] FrameRatePriority: -1
07-29 10:30:22.380  1645  5743 D InputDispatcher: Focus left window (0): 4a0ddac com.whatsapp/com.whatsapp.home.ui.HomeActivity
07-29 10:30:22.407  1152  1152 D SurfaceFlinger:      DEVICE | 0xb40000751f1cb970 | 0100 | RGBA_8888    |    0.0   19.0 1080.0 2340.0 |    0    0 1080 2321 | com.whatsapp/com.whatsapp.home.ui.HomeActivity$_29569#211926
07-29 10:30:22.447  1152  1152 D SurfaceFlinger:      CLIENT | 0xb40000751f1e4c50 | 0100 | RGBA_8888    |    0.0    9.0 1080.0 2340.0 |    0    0 1080 2331 | com.whatsapp/com.whatsapp.home.ui.HomeActivity$_29569#211926
07-29 10:30:22.469  1152  1152 D SurfaceFlinger:      CLIENT | 0xb40000751f1e4c50 | 0100 | RGBA_8888    |    0.0   96.0 1080.0 2158.0 |   14  108 1066 2117 | com.whatsapp/com.whatsapp.home.ui.HomeActivity$_29569#211926
07-29 10:30:22.541  2770  3161 I SuggestedItemsFacade: DPS items : WhatsApp, ComponentInfo{com.whatsapp/com.whatsapp.Main}
07-29 10:30:22.571  1152  1152 I Layer   : id=211929 removeFromCurrentState Surface(name=ActivityRecord{c1694d2 u0 com.whatsapp/.Conversation} t31787})/@0xcb345d0 - animation-leash of app_transition#211929 (168)
07-29 10:30:22.571  1152  1152 I Layer   : id=211931 removeFromCurrentState Surface(name=ActivityRecord{e58c34e u0 com.whatsapp/.home.ui.HomeActivity} t31787})/@0xf264062 - animation-leash of app_transition#211931 (168)
07-29 10:30:22.571  1152  1152 I Layer   : id=211900 removeFromCurrentState ActivityRecord{e58c34e u0 com.whatsapp/.home.ui.HomeActivity} t31787}#211900 (168)
07-29 10:30:22.571  1152  1152 I Layer   : id=211901 removeFromCurrentState 8234e49 ActivityRecordInputSink com.whatsapp/.home.ui.HomeActivity#211901 (168)
07-29 10:30:22.571  1152  1152 I Layer   : id=211902 removeFromCurrentState 4a0ddac com.whatsapp/com.whatsapp.home.ui.HomeActivity#211902 (168)
07-29 10:30:22.571  1152  1152 I Layer   : id=211926 removeFromCurrentState com.whatsapp/com.whatsapp.home.ui.HomeActivity$_29569#211926 (168)
07-29 10:30:22.571  1152  1152 I Layer   : id=211930 removeFromCurrentState Surface(name=ActivityRecord{c1694d2 u0 com.whatsapp/.Conversation} t31787})/@0xcb345d0 - animation-bounds#211930 (168)
07-29 10:30:22.572  1152  1152 I Layer   : id=211900 addToCurrentState ActivityRecord{e58c34e u0 com.whatsapp/.home.ui.HomeActivity} t31787}#211900 (168)
07-29 10:30:22.572  1152  1152 I Layer   : id=211901 addToCurrentState 8234e49 ActivityRecordInputSink com.whatsapp/.home.ui.HomeActivity#211901 (168)
07-29 10:30:22.572  1152  1152 I Layer   : id=211902 addToCurrentState 4a0ddac com.whatsapp/com.whatsapp.home.ui.HomeActivity#211902 (168)
07-29 10:30:22.572  1152  1152 I Layer   : id=211926 addToCurrentState com.whatsapp/com.whatsapp.home.ui.HomeActivity$_29569#211926 (168)
07-29 10:30:22.572  1152  1152 I Layer   : id=211932 removeFromCurrentState Surface(name=ActivityRecord{e58c34e u0 com.whatsapp/.home.ui.HomeActivity} t31787})/@0xf264062 - animation-bounds#211932 (168)
07-29 10:30:22.572  1152  1152 I SurfaceFlinger: id=211930 Removed Surface(name=ActivityRecord{c1694d2 u0 com.whatsapp/.Conversation} t31787})/@0xcb345d0 - animation-bounds#211930 (168)
07-29 10:30:22.572  1152  1152 I SurfaceFlinger: id=211932 Removed Surface(name=ActivityRecord{e58c34e u0 com.whatsapp/.home.ui.HomeActivity} t31787})/@0xf264062 - animation-bounds#211932 (168)
07-29 10:30:22.572  1152  1152 I SurfaceFlinger: id=211931 Removed Surface(name=ActivityRecord{e58c34e u0 com.whatsapp/.home.ui.HomeActivity} t31787})/@0xf264062 - animation-leash of app_transition#211931 (168)
07-29 10:30:22.572  1152  1152 I SurfaceFlinger: id=211929 Removed Surface(name=ActivityRecord{c1694d2 u0 com.whatsapp/.Conversation} t31787})/@0xcb345d0 - animation-leash of app_transition#211929 (168)
07-29 10:30:22.572  1152  1152 I Layer   : id=211932 Destroyed Surface(name=ActivityRecord{e58c34e u0 com.whatsapp/.home.ui.HomeActivity} t31787})/@0xf264062 - animation-bounds#211932
07-29 10:30:22.572  1152  1152 I Layer   : id=211931 Destroyed Surface(name=ActivityRecord{e58c34e u0 com.whatsapp/.home.ui.HomeActivity} t31787})/@0xf264062 - animation-leash of app_transition#211931
07-29 10:30:22.573  1152  1152 I Layer   : id=211930 Destroyed Surface(name=ActivityRecord{c1694d2 u0 com.whatsapp/.Conversation} t31787})/@0xcb345d0 - animation-bounds#211930
07-29 10:30:22.573  1152  1152 I Layer   : id=211929 Destroyed Surface(name=ActivityRecord{c1694d2 u0 com.whatsapp/.Conversation} t31787})/@0xcb345d0 - animation-leash of app_transition#211929
07-29 10:30:22.578  1152  1152 D SurfaceFlinger:      CLIENT | 0xb40000751f1f4ab0 | 0100 | RGBA_8888    |    0.0  413.0 1080.0 1493.0 |  378  640  701  964 | com.whatsapp/com.whatsapp.home.ui.HomeActivity$_29569#211926
07-29 10:30:22.578  1152  1152 D SurfaceFlinger:      CLIENT | 0xb40000751f1b4210 | 0102 | RGBA_8888    |    0.0  413.0 1080.0 1493.0 |  378  640  701  964 | com.whatsapp/com.whatsapp.Conversation$_29569#211910
07-29 10:30:22.579  1645  1953 V WindowManager: Relayout Window{b213acc u0 com.whatsapp/com.whatsapp.Conversation}: viewVisibility=8 req=1080x2340 d0
07-29 10:30:22.598  1645  1953 V WindowManager: Relayout Window{4a0ddac u0 com.whatsapp/com.whatsapp.home.ui.HomeActivity}: viewVisibility=8 req=1080x2340 d0
07-29 10:30:22.687 29569 29569 I ViewRootImpl@a2ae55b[HomeActivity]: WindowStopped on com.whatsapp/com.whatsapp.home.ui.HomeActivity set to true
07-29 10:30:22.688  1152  1152 I Layer   : Layer [com.whatsapp/com.whatsapp.home.ui.HomeActivity$_29569#211926] hidden!! flag(1)
07-29 10:30:22.688  1152  1152 I Layer   : Layer [com.whatsapp/com.whatsapp.Conversation$_29569#211910] hidden!! flag(1)
07-29 10:30:22.716  1645  1953 W InputManager-JNI: Input channel object '4a0ddac com.whatsapp/com.whatsapp.home.ui.HomeActivity (client)' was disposed without first being removed with the input manager!
07-29 10:30:22.719  1152  1929 I SurfaceFlinger: id=211901 Removed 8234e49 ActivityRecordInputSink com.whatsapp/.home.ui.HomeActivity#211901 (160)
07-29 10:30:22.720 29569 29569 I ViewRootImpl@8d66eee[Conversation]: WindowStopped on com.whatsapp/com.whatsapp.Conversation set to true
07-29 10:30:22.721  1152  1152 I Layer   : id=211926 removeFromCurrentState com.whatsapp/com.whatsapp.home.ui.HomeActivity$_29569#211926 (160)
07-29 10:30:22.721  1152  1152 I Layer   : id=211902 removeFromCurrentState 4a0ddac com.whatsapp/com.whatsapp.home.ui.HomeActivity#211902 (160)
07-29 10:30:22.721  1152  1152 I SurfaceFlinger: id=211926 Removed com.whatsapp/com.whatsapp.home.ui.HomeActivity$_29569#211926 (160)
07-29 10:30:22.721  1152  1152 I SurfaceFlinger: id=211902 Removed 4a0ddac com.whatsapp/com.whatsapp.home.ui.HomeActivity#211902 (160)
07-29 10:30:22.721  1152  1152 I Layer   : id=211902 Destroyed 4a0ddac com.whatsapp/com.whatsapp.home.ui.HomeActivity#211902
07-29 10:30:22.721  1152  1152 I BufferQueueDebug: [com.whatsapp/com.whatsapp.home.ui.HomeActivity$_29569#211926](this:0xb4000075ef521718,id:-1,api:0,p:-1,c:1152) onDestructor()
07-29 10:30:22.721  1152  1152 I Layer   : id=211926 Destroyed com.whatsapp/com.whatsapp.home.ui.HomeActivity$_29569#211926
07-29 10:30:22.729  1152  1152 I Layer   : id=211900 removeFromCurrentState ActivityRecord{e58c34e u0 com.whatsapp/.home.ui.HomeActivity} t31787}#211900 (158)
07-29 10:30:22.729  1152  1152 I Layer   : id=211901 removeFromCurrentState 8234e49 ActivityRecordInputSink com.whatsapp/.home.ui.HomeActivity#211901 (158)
07-29 10:30:22.729  1152  1152 I SurfaceFlinger: id=211900 Removed ActivityRecord{e58c34e u0 com.whatsapp/.home.ui.HomeActivity} t31787}#211900 (158)
07-29 10:30:22.729  1152  1152 I Layer   : id=211900 Destroyed ActivityRecord{e58c34e u0 com.whatsapp/.home.ui.HomeActivity} t31787}#211900
07-29 10:30:22.729  1152  1152 I Layer   : id=211901 Destroyed 8234e49 ActivityRecordInputSink com.whatsapp/.home.ui.HomeActivity#211901
07-29 10:30:22.735  1645  1953 W InputManager-JNI: Input channel object 'b213acc com.whatsapp/com.whatsapp.Conversation (client)' was disposed without first being removed with the input manager!
07-29 10:30:22.737  1152  1152 I Layer   : id=211910 removeFromCurrentState com.whatsapp/com.whatsapp.Conversation$_29569#211910 (156)
07-29 10:30:22.738  1152  1152 I Layer   : id=211909 removeFromCurrentState b213acc com.whatsapp/com.whatsapp.Conversation#211909 (156)
07-29 10:30:22.738  1152  1152 I SurfaceFlinger: id=211910 Removed com.whatsapp/com.whatsapp.Conversation$_29569#211910 (156)
07-29 10:30:22.738  1152  1152 I SurfaceFlinger: id=211909 Removed b213acc com.whatsapp/com.whatsapp.Conversation#211909 (156)
07-29 10:30:22.738  1152  1152 I Layer   : id=211909 Destroyed b213acc com.whatsapp/com.whatsapp.Conversation#211909
07-29 10:30:22.738  1152  1152 I BufferQueueDebug: [com.whatsapp/com.whatsapp.Conversation$_29569#211910](this:0xb4000075ef45fcd8,id:-1,api:0,p:-1,c:1152) onDestructor()
07-29 10:30:22.738  1152  1152 I Layer   : id=211910 Destroyed com.whatsapp/com.whatsapp.Conversation$_29569#211910
07-29 10:30:22.738  1152  2013 I SurfaceFlinger: id=211918 Removed 3bf235d ActivityRecordInputSink com.whatsapp/.Conversation#211918 (154)
07-29 10:30:22.746  1152  1152 I Layer   : id=211908 removeFromCurrentState ActivityRecord{c1694d2 u0 com.whatsapp/.Conversation} t31787}#211908 (155)
07-29 10:30:22.746  1152  1152 I Layer   : id=211918 removeFromCurrentState 3bf235d ActivityRecordInputSink com.whatsapp/.Conversation#211918 (155)
07-29 10:30:22.746  1152  1152 I SurfaceFlinger: id=211908 Removed ActivityRecord{c1694d2 u0 com.whatsapp/.Conversation} t31787}#211908 (155)
07-29 10:30:22.746  1152  1152 I Layer   : id=211908 Destroyed ActivityRecord{c1694d2 u0 com.whatsapp/.Conversation} t31787}#211908
07-29 10:30:22.746  1152  1152 I Layer   : id=211918 Destroyed 3bf235d ActivityRecordInputSink com.whatsapp/.Conversation#211918
07-29 10:30:27.463  2932  2994 I RequestManager_FLP: onOpChanged, op=0 / packageName=com.whatsapp
07-29 10:30:28.167 29569 17003 I com.whatsapp: Explicit concurrent copying GC freed 2777KB AllocSpace bytes, 0(0B) LOS objects, 16% free, 39MB/47MB, paused 193us,143us total 417.896ms
07-29 10:30:28.167 29569 29573 I com.whatsapp: WaitForGcToComplete blocked HeapTrim on Explicit for 252.699ms
07-29 10:30:28.286  1152  2013 D SurfaceFlinger: [SF client] REMOVE (0xb4000074ff214890) for (29569:com.whatsapp)
07-29 10:30:28.326  1152  1223 D SurfaceFlinger: [SF client] REMOVE (0xb4000074ff2115d0) for (29569:com.whatsapp)
07-29 10:30:37.132 18171 18294 I ContactsProvider_EventLog: cp_s: [CONTACT con(1571) dat(17471) acc({sim(3)=6, sim2(5)=5, core(11)=73, phone(2)=1, com.google.android.apps.tachyon(8)=532, google(4)=1559, com.whatsapp(7)=1217}) calls([logtype:100 cnt:464, logtype:300 cnt:500, logtype:500 cnt:7, logtype:1000 cnt:1529]) Iso(IN) uId(0) ]
07-29 10:30:44.754  2770  3161 I AppInfo : set ComponentInfo{com.whatsapp/com.whatsapp.Main} app progress level to 100
07-29 10:30:44.872  2770  3161 I SuggestedItemsFacade: DPS items : WhatsApp, ComponentInfo{com.whatsapp/com.whatsapp.Main}
07-29 10:30:44.875  1152  2013 I SurfaceFlinger: id=211906 Removed Surface(name=4a0ddac com.whatsapp/com.whatsapp.home.ui.HomeActivity)/@0x67b032d - animation-leash of starting_reveal#211906 (153)
07-29 10:30:44.877  1152  1152 I Layer   : id=211906 Destroyed Surface(name=4a0ddac com.whatsapp/com.whatsapp.home.ui.HomeActivity)/@0x67b032d - animation-leash of starting_reveal#211906
07-29 10:30:58.694  3790  3790 W NotifCollection: Ranking update is missing ranking for 0|com.whatsapp|1|KDDWftjoWVLcW6ZewvcdvuiUqSavd5JFIYBuX3DzPJc=
07-29 10:30:58.694  3790  3790 W NotifCollection: Ranking update is missing ranking for 0|com.whatsapp|1|7RogJdyQxpg7encGHUrBKkMmDED31ZWjOaeBLJGvKW0=
07-29 10:30:58.694  3790  3790 W NotifCollection: Ranking update is missing ranking for 0|com.whatsapp|1|g1+MLWul+fwXuB6I3J9pjx6uH8ZN/MKz+69SyC4a/zk=
07-29 10:30:58.694  3790  3790 W NotifCollection: Ranking update is missing ranking for 0|com.whatsapp|1|EN550RdtZR6bXorPyfM9LWSiNDVQHK+X1YIZNstz0KA=
07-29 10:30:58.694  3790  3790 W NotifCollection: Ranking update is missing ranking for 0|com.whatsapp|1|x5MXP6nPBTZr3yKuZK2ViwWB1IvPCEzSKCaONMFp0EQ=
07-29 10:30:59.204  3790  3790 W NotifCollection: Ranking update is missing ranking for 0|com.whatsapp|1|KDDWftjoWVLcW6ZewvcdvuiUqSavd5JFIYBuX3DzPJc=
07-29 10:30:59.204  3790  3790 W NotifCollection: Ranking update is missing ranking for 0|com.whatsapp|1|7RogJdyQxpg7encGHUrBKkMmDED31ZWjOaeBLJGvKW0=
07-29 10:30:59.204  3790  3790 W NotifCollection: Ranking update is missing ranking for 0|com.whatsapp|1|g1+MLWul+fwXuB6I3J9pjx6uH8ZN/MKz+69SyC4a/zk=
07-29 10:30:59.204  3790  3790 W NotifCollection: Ranking update is missing ranking for 0|com.whatsapp|1|EN550RdtZR6bXorPyfM9LWSiNDVQHK+X1YIZNstz0KA=
07-29 10:30:59.204  3790  3790 W NotifCollection: Ranking update is missing ranking for 0|com.whatsapp|1|x5MXP6nPBTZr3yKuZK2ViwWB1IvPCEzSKCaONMFp0EQ=
07-29 10:31:00.859  3790  3790 W NotifCollection: Ranking update is missing ranking for 0|com.whatsapp|1|KDDWftjoWVLcW6ZewvcdvuiUqSavd5JFIYBuX3DzPJc=
07-29 10:31:00.859  3790  3790 W NotifCollection: Ranking update is missing ranking for 0|com.whatsapp|1|7RogJdyQxpg7encGHUrBKkMmDED31ZWjOaeBLJGvKW0=
07-29 10:31:00.860  3790  3790 W NotifCollection: Ranking update is missing ranking for 0|com.whatsapp|1|g1+MLWul+fwXuB6I3J9pjx6uH8ZN/MKz+69SyC4a/zk=
07-29 10:31:00.860  3790  3790 W NotifCollection: Ranking update is missing ranking for 0|com.whatsapp|1|EN550RdtZR6bXorPyfM9LWSiNDVQHK+X1YIZNstz0KA=
07-29 10:31:00.860  3790  3790 W NotifCollection: Ranking update is missing ranking for 0|com.whatsapp|1|x5MXP6nPBTZr3yKuZK2ViwWB1IvPCEzSKCaONMFp0EQ=
07-29 10:31:04.202  3790  3790 W NotifCollection: Ranking update is missing ranking for 0|com.whatsapp|1|KDDWftjoWVLcW6ZewvcdvuiUqSavd5JFIYBuX3DzPJc=
07-29 10:31:04.203  3790  3790 W NotifCollection: Ranking update is missing ranking for 0|com.whatsapp|1|7RogJdyQxpg7encGHUrBKkMmDED31ZWjOaeBLJGvKW0=
07-29 10:31:04.203  3790  3790 W NotifCollection: Ranking update is missing ranking for 0|com.whatsapp|1|g1+MLWul+fwXuB6I3J9pjx6uH8ZN/MKz+69SyC4a/zk=
07-29 10:31:04.203  3790  3790 W NotifCollection: Ranking update is missing ranking for 0|com.whatsapp|1|EN550RdtZR6bXorPyfM9LWSiNDVQHK+X1YIZNstz0KA=
07-29 10:31:04.204  3790  3790 W NotifCollection: Ranking update is missing ranking for 0|com.whatsapp|1|x5MXP6nPBTZr3yKuZK2ViwWB1IvPCEzSKCaONMFp0EQ=
07-29 10:31:37.514 18171 18294 I ContactsProvider_EventLog: cp_s: [CONTACT con(1571) dat(17471) acc({sim(3)=6, sim2(5)=5, core(11)=73, phone(2)=1, com.google.android.apps.tachyon(8)=532, google(4)=1559, com.whatsapp(7)=1217}) calls([logtype:100 cnt:464, logtype:300 cnt:500, logtype:500 cnt:7, logtype:1000 cnt:1529]) Iso(IN) uId(0) ]
07-29 10:31:37.957  3790  3790 D PluginAODManager: onNotificationInfoUpdated() 0|com.whatsapp|1|g1+MLWul+fwXuB6I3J9pjx6uH8ZN/MKz+69SyC4a/zk=
07-29 10:31:37.957  3790  3790 D PluginAODManager: onNotificationInfoUpdated() 0|com.whatsapp|1|7RogJdyQxpg7encGHUrBKkMmDED31ZWjOaeBLJGvKW0=
07-29 10:31:37.957  3790  3790 D PluginAODManager: onNotificationInfoUpdated() 0|com.whatsapp|1|EN550RdtZR6bXorPyfM9LWSiNDVQHK+X1YIZNstz0KA=
07-29 10:31:37.957  3790  3790 D PluginAODManager: onNotificationInfoUpdated() 0|com.whatsapp|1|x5MXP6nPBTZr3yKuZK2ViwWB1IvPCEzSKCaONMFp0EQ=
07-29 10:31:37.958  3790  3790 D PluginAODManager: onNotificationInfoUpdated() 0|com.whatsapp|1|KDDWftjoWVLcW6ZewvcdvuiUqSavd5JFIYBuX3DzPJc=
07-29 10:31:41.778  3790  3790 D PluginAODManager: onNotificationInfoUpdated() 0|com.whatsapp|1|g1+MLWul+fwXuB6I3J9pjx6uH8ZN/MKz+69SyC4a/zk=
07-29 10:31:41.778  3790  3790 D PluginAODManager: onNotificationInfoUpdated() 0|com.whatsapp|1|7RogJdyQxpg7encGHUrBKkMmDED31ZWjOaeBLJGvKW0=
07-29 10:31:41.778  3790  3790 D PluginAODManager: onNotificationInfoUpdated() 0|com.whatsapp|1|EN550RdtZR6bXorPyfM9LWSiNDVQHK+X1YIZNstz0KA=
07-29 10:31:41.778  3790  3790 D PluginAODManager: onNotificationInfoUpdated() 0|com.whatsapp|1|x5MXP6nPBTZr3yKuZK2ViwWB1IvPCEzSKCaONMFp0EQ=
07-29 10:31:41.778  3790  3790 D PluginAODManager: onNotificationInfoUpdated() 0|com.whatsapp|1|KDDWftjoWVLcW6ZewvcdvuiUqSavd5JFIYBuX3DzPJc=
07-29 10:32:10.966  3790  3790 W NotifCollection: Ranking update is missing ranking for 0|com.whatsapp|1|KDDWftjoWVLcW6ZewvcdvuiUqSavd5JFIYBuX3DzPJc=
07-29 10:32:10.967  3790  3790 W NotifCollection: Ranking update is missing ranking for 0|com.whatsapp|1|7RogJdyQxpg7encGHUrBKkMmDED31ZWjOaeBLJGvKW0=
07-29 10:32:10.967  3790  3790 W NotifCollection: Ranking update is missing ranking for 0|com.whatsapp|1|g1+MLWul+fwXuB6I3J9pjx6uH8ZN/MKz+69SyC4a/zk=
07-29 10:32:10.967  3790  3790 W NotifCollection: Ranking update is missing ranking for 0|com.whatsapp|1|EN550RdtZR6bXorPyfM9LWSiNDVQHK+X1YIZNstz0KA=
07-29 10:32:10.967  3790  3790 W NotifCollection: Ranking update is missing ranking for 0|com.whatsapp|1|x5MXP6nPBTZr3yKuZK2ViwWB1IvPCEzSKCaONMFp0EQ=
07-29 10:32:11.009  3790  3790 D PluginAODManager: onNotificationInfoUpdated() 0|com.whatsapp|1|g1+MLWul+fwXuB6I3J9pjx6uH8ZN/MKz+69SyC4a/zk=
07-29 10:32:11.009  3790  3790 D PluginAODManager: onNotificationInfoUpdated() 0|com.whatsapp|1|7RogJdyQxpg7encGHUrBKkMmDED31ZWjOaeBLJGvKW0=
07-29 10:32:11.009  3790  3790 D PluginAODManager: onNotificationInfoUpdated() 0|com.whatsapp|1|EN550RdtZR6bXorPyfM9LWSiNDVQHK+X1YIZNstz0KA=
07-29 10:32:11.009  3790  3790 D PluginAODManager: onNotificationInfoUpdated() 0|com.whatsapp|1|x5MXP6nPBTZr3yKuZK2ViwWB1IvPCEzSKCaONMFp0EQ=
07-29 10:32:11.009  3790  3790 D PluginAODManager: onNotificationInfoUpdated() 0|com.whatsapp|1|KDDWftjoWVLcW6ZewvcdvuiUqSavd5JFIYBuX3DzPJc=
07-29 10:32:11.208  3790  3790 D PluginAODManager: onNotificationInfoUpdated() 0|com.whatsapp|1|g1+MLWul+fwXuB6I3J9pjx6uH8ZN/MKz+69SyC4a/zk=
07-29 10:32:11.208  3790  3790 D PluginAODManager: onNotificationInfoUpdated() 0|com.whatsapp|1|7RogJdyQxpg7encGHUrBKkMmDED31ZWjOaeBLJGvKW0=
07-29 10:32:11.208  3790  3790 D PluginAODManager: onNotificationInfoUpdated() 0|com.whatsapp|1|EN550RdtZR6bXorPyfM9LWSiNDVQHK+X1YIZNstz0KA=
07-29 10:32:11.208  3790  3790 D PluginAODManager: onNotificationInfoUpdated() 0|com.whatsapp|1|x5MXP6nPBTZr3yKuZK2ViwWB1IvPCEzSKCaONMFp0EQ=
07-29 10:32:11.208  3790  3790 D PluginAODManager: onNotificationInfoUpdated() 0|com.whatsapp|1|KDDWftjoWVLcW6ZewvcdvuiUqSavd5JFIYBuX3DzPJc=
07-29 10:32:11.266  3790  3790 D PluginAODManager: onNotificationInfoUpdated() 0|com.whatsapp|1|g1+MLWul+fwXuB6I3J9pjx6uH8ZN/MKz+69SyC4a/zk=
07-29 10:32:11.266  3790  3790 D PluginAODManager: onNotificationInfoUpdated() 0|com.whatsapp|1|7RogJdyQxpg7encGHUrBKkMmDED31ZWjOaeBLJGvKW0=
07-29 10:32:11.266  3790  3790 D PluginAODManager: onNotificationInfoUpdated() 0|com.whatsapp|1|EN550RdtZR6bXorPyfM9LWSiNDVQHK+X1YIZNstz0KA=
07-29 10:32:11.266  3790  3790 D PluginAODManager: onNotificationInfoUpdated() 0|com.whatsapp|1|x5MXP6nPBTZr3yKuZK2ViwWB1IvPCEzSKCaONMFp0EQ=
07-29 10:32:11.266  3790  3790 D PluginAODManager: onNotificationInfoUpdated() 0|com.whatsapp|1|KDDWftjoWVLcW6ZewvcdvuiUqSavd5JFIYBuX3DzPJc=
07-29 10:32:37.690 18171 18294 I ContactsProvider_EventLog: cp_s: [CONTACT con(1571) dat(17471) acc({sim(3)=6, sim2(5)=5, core(11)=73, phone(2)=1, com.google.android.apps.tachyon(8)=532, google(4)=1559, com.whatsapp(7)=1217}) calls([logtype:100 cnt:464, logtype:300 cnt:500, logtype:500 cnt:7, logtype:1000 cnt:1529]) Iso(IN) uId(0) ]
07-29 10:32:47.743  3790  3790 D PluginAODManager: onNotificationInfoUpdated() 0|com.whatsapp|1|g1+MLWul+fwXuB6I3J9pjx6uH8ZN/MKz+69SyC4a/zk=
07-29 10:32:47.743  3790  3790 D PluginAODManager: onNotificationInfoUpdated() 0|com.whatsapp|1|7RogJdyQxpg7encGHUrBKkMmDED31ZWjOaeBLJGvKW0=
07-29 10:32:47.743  3790  3790 D PluginAODManager: onNotificationInfoUpdated() 0|com.whatsapp|1|EN550RdtZR6bXorPyfM9LWSiNDVQHK+X1YIZNstz0KA=
07-29 10:32:47.743  3790  3790 D PluginAODManager: onNotificationInfoUpdated() 0|com.whatsapp|1|x5MXP6nPBTZr3yKuZK2ViwWB1IvPCEzSKCaONMFp0EQ=
07-29 10:32:47.743  3790  3790 D PluginAODManager: onNotificationInfoUpdated() 0|com.whatsapp|1|KDDWftjoWVLcW6ZewvcdvuiUqSavd5JFIYBuX3DzPJc=
07-29 10:32:51.965  3790  3790 W NotifCollection: Ranking update is missing ranking for 0|com.whatsapp|1|KDDWftjoWVLcW6ZewvcdvuiUqSavd5JFIYBuX3DzPJc=
07-29 10:32:51.965  3790  3790 W NotifCollection: Ranking update is missing ranking for 0|com.whatsapp|1|7RogJdyQxpg7encGHUrBKkMmDED31ZWjOaeBLJGvKW0=
07-29 10:32:51.965  3790  3790 W NotifCollection: Ranking update is missing ranking for 0|com.whatsapp|1|g1+MLWul+fwXuB6I3J9pjx6uH8ZN/MKz+69SyC4a/zk=
07-29 10:32:51.966  3790  3790 W NotifCollection: Ranking update is missing ranking for 0|com.whatsapp|1|EN550RdtZR6bXorPyfM9LWSiNDVQHK+X1YIZNstz0KA=
07-29 10:32:51.966  3790  3790 W NotifCollection: Ranking update is missing ranking for 0|com.whatsapp|1|x5MXP6nPBTZr3yKuZK2ViwWB1IvPCEzSKCaONMFp0EQ=
07-29 10:33:37.112  2770  3161 I AppInfo : set ComponentInfo{com.whatsapp/com.whatsapp.Main} app progress level to 100
07-29 10:33:37.187  2770  3161 I SuggestedItemsFacade: DPS items : WhatsApp, ComponentInfo{com.whatsapp/com.whatsapp.Main}
07-29 10:33:37.839 18171 18294 I ContactsProvider_EventLog: cp_s: [CONTACT con(1571) dat(17471) acc({sim(3)=6, sim2(5)=5, core(11)=73, phone(2)=1, com.google.android.apps.tachyon(8)=532, google(4)=1559, com.whatsapp(7)=1217}) calls([logtype:100 cnt:464, logtype:300 cnt:500, logtype:500 cnt:7, logtype:1000 cnt:1529]) Iso(IN) uId(0) ]
07-29 10:33:53.475  3790  3790 W NotifCollection: Ranking update is missing ranking for 0|com.whatsapp|1|KDDWftjoWVLcW6ZewvcdvuiUqSavd5JFIYBuX3DzPJc=
07-29 10:33:53.476  3790  3790 W NotifCollection: Ranking update is missing ranking for 0|com.whatsapp|1|7RogJdyQxpg7encGHUrBKkMmDED31ZWjOaeBLJGvKW0=
07-29 10:33:53.476  3790  3790 W NotifCollection: Ranking update is missing ranking for 0|com.whatsapp|1|g1+MLWul+fwXuB6I3J9pjx6uH8ZN/MKz+69SyC4a/zk=
07-29 10:33:53.476  3790  3790 W NotifCollection: Ranking update is missing ranking for 0|com.whatsapp|1|EN550RdtZR6bXorPyfM9LWSiNDVQHK+X1YIZNstz0KA=
07-29 10:33:53.476  3790  3790 W NotifCollection: Ranking update is missing ranking for 0|com.whatsapp|1|x5MXP6nPBTZr3yKuZK2ViwWB1IvPCEzSKCaONMFp0EQ=
07-29 10:33:57.720  3790  3790 W NotifCollection: Ranking update is missing ranking for 0|com.whatsapp|1|KDDWftjoWVLcW6ZewvcdvuiUqSavd5JFIYBuX3DzPJc=
07-29 10:33:57.720  3790  3790 W NotifCollection: Ranking update is missing ranking for 0|com.whatsapp|1|7RogJdyQxpg7encGHUrBKkMmDED31ZWjOaeBLJGvKW0=
07-29 10:33:57.720  3790  3790 W NotifCollection: Ranking update is missing ranking for 0|com.whatsapp|1|g1+MLWul+fwXuB6I3J9pjx6uH8ZN/MKz+69SyC4a/zk=
07-29 10:33:57.720  3790  3790 W NotifCollection: Ranking update is missing ranking for 0|com.whatsapp|1|EN550RdtZR6bXorPyfM9LWSiNDVQHK+X1YIZNstz0KA=
07-29 10:33:57.720  3790  3790 W NotifCollection: Ranking update is missing ranking for 0|com.whatsapp|1|x5MXP6nPBTZr3yKuZK2ViwWB1IvPCEzSKCaONMFp0EQ=
07-29 10:34:00.635  3790  3790 W NotifCollection: Ranking update is missing ranking for 0|com.whatsapp|1|KDDWftjoWVLcW6ZewvcdvuiUqSavd5JFIYBuX3DzPJc=
07-29 10:34:00.635  3790  3790 W NotifCollection: Ranking update is missing ranking for 0|com.whatsapp|1|7RogJdyQxpg7encGHUrBKkMmDED31ZWjOaeBLJGvKW0=
07-29 10:34:00.635  3790  3790 W NotifCollection: Ranking update is missing ranking for 0|com.whatsapp|1|g1+MLWul+fwXuB6I3J9pjx6uH8ZN/MKz+69SyC4a/zk=
07-29 10:34:00.635  3790  3790 W NotifCollection: Ranking update is missing ranking for 0|com.whatsapp|1|EN550RdtZR6bXorPyfM9LWSiNDVQHK+X1YIZNstz0KA=
07-29 10:34:00.635  3790  3790 W NotifCollection: Ranking update is missing ranking for 0|com.whatsapp|1|x5MXP6nPBTZr3yKuZK2ViwWB1IvPCEzSKCaONMFp0EQ=
07-29 10:34:25.097  3790  3790 W NotifCollection: Ranking update is missing ranking for 0|com.whatsapp|1|KDDWftjoWVLcW6ZewvcdvuiUqSavd5JFIYBuX3DzPJc=
07-29 10:34:25.098  3790  3790 W NotifCollection: Ranking update is missing ranking for 0|com.whatsapp|1|7RogJdyQxpg7encGHUrBKkMmDED31ZWjOaeBLJGvKW0=
07-29 10:34:25.098  3790  3790 W NotifCollection: Ranking update is missing ranking for 0|com.whatsapp|1|g1+MLWul+fwXuB6I3J9pjx6uH8ZN/MKz+69SyC4a/zk=
07-29 10:34:25.098  3790  3790 W NotifCollection: Ranking update is missing ranking for 0|com.whatsapp|1|EN550RdtZR6bXorPyfM9LWSiNDVQHK+X1YIZNstz0KA=
07-29 10:34:25.098  3790  3790 W NotifCollection: Ranking update is missing ranking for 0|com.whatsapp|1|x5MXP6nPBTZr3yKuZK2ViwWB1IvPCEzSKCaONMFp0EQ=
07-29 10:34:25.521  3790  3790 W NotifCollection: Ranking update is missing ranking for 0|com.whatsapp|1|KDDWftjoWVLcW6ZewvcdvuiUqSavd5JFIYBuX3DzPJc=
07-29 10:34:25.521  3790  3790 W NotifCollection: Ranking update is missing ranking for 0|com.whatsapp|1|7RogJdyQxpg7encGHUrBKkMmDED31ZWjOaeBLJGvKW0=
07-29 10:34:25.522  3790  3790 W NotifCollection: Ranking update is missing ranking for 0|com.whatsapp|1|g1+MLWul+fwXuB6I3J9pjx6uH8ZN/MKz+69SyC4a/zk=
07-29 10:34:25.522  3790  3790 W NotifCollection: Ranking update is missing ranking for 0|com.whatsapp|1|EN550RdtZR6bXorPyfM9LWSiNDVQHK+X1YIZNstz0KA=
07-29 10:34:25.522  3790  3790 W NotifCollection: Ranking update is missing ranking for 0|com.whatsapp|1|x5MXP6nPBTZr3yKuZK2ViwWB1IvPCEzSKCaONMFp0EQ=
07-29 10:34:27.201  3790  3790 W NotifCollection: Ranking update is missing ranking for 0|com.whatsapp|1|KDDWftjoWVLcW6ZewvcdvuiUqSavd5JFIYBuX3DzPJc=
07-29 10:34:27.201  3790  3790 W NotifCollection: Ranking update is missing ranking for 0|com.whatsapp|1|7RogJdyQxpg7encGHUrBKkMmDED31ZWjOaeBLJGvKW0=
07-29 10:34:27.202  3790  3790 W NotifCollection: Ranking update is missing ranking for 0|com.whatsapp|1|g1+MLWul+fwXuB6I3J9pjx6uH8ZN/MKz+69SyC4a/zk=
07-29 10:34:27.202  3790  3790 W NotifCollection: Ranking update is missing ranking for 0|com.whatsapp|1|EN550RdtZR6bXorPyfM9LWSiNDVQHK+X1YIZNstz0KA=
07-29 10:34:27.204  3790  3790 W NotifCollection: Ranking update is missing ranking for 0|com.whatsapp|1|x5MXP6nPBTZr3yKuZK2ViwWB1IvPCEzSKCaONMFp0EQ=
07-29 10:34:30.488  3790  3790 W NotifCollection: Ranking update is missing ranking for 0|com.whatsapp|1|KDDWftjoWVLcW6ZewvcdvuiUqSavd5JFIYBuX3DzPJc=
07-29 10:34:30.488  3790  3790 W NotifCollection: Ranking update is missing ranking for 0|com.whatsapp|1|7RogJdyQxpg7encGHUrBKkMmDED31ZWjOaeBLJGvKW0=
07-29 10:34:30.488  3790  3790 W NotifCollection: Ranking update is missing ranking for 0|com.whatsapp|1|g1+MLWul+fwXuB6I3J9pjx6uH8ZN/MKz+69SyC4a/zk=
07-29 10:34:30.488  3790  3790 W NotifCollection: Ranking update is missing ranking for 0|com.whatsapp|1|EN550RdtZR6bXorPyfM9LWSiNDVQHK+X1YIZNstz0KA=
07-29 10:34:30.488  3790  3790 W NotifCollection: Ranking update is missing ranking for 0|com.whatsapp|1|x5MXP6nPBTZr3yKuZK2ViwWB1IvPCEzSKCaONMFp0EQ=
07-29 10:34:37.888 18171 18294 I ContactsProvider_EventLog: cp_s: [CONTACT con(1571) dat(17471) acc({sim(3)=6, sim2(5)=5, core(11)=73, phone(2)=1, com.google.android.apps.tachyon(8)=532, google(4)=1559, com.whatsapp(7)=1217}) calls([logtype:100 cnt:464, logtype:300 cnt:500, logtype:500 cnt:7, logtype:1000 cnt:1529]) Iso(IN) uId(0) ]
07-29 10:34:45.168  3790  3790 W NotifCollection: Ranking update is missing ranking for 0|com.whatsapp|1|KDDWftjoWVLcW6ZewvcdvuiUqSavd5JFIYBuX3DzPJc=
07-29 10:34:45.168  3790  3790 W NotifCollection: Ranking update is missing ranking for 0|com.whatsapp|1|7RogJdyQxpg7encGHUrBKkMmDED31ZWjOaeBLJGvKW0=
07-29 10:34:45.169  3790  3790 W NotifCollection: Ranking update is missing ranking for 0|com.whatsapp|1|g1+MLWul+fwXuB6I3J9pjx6uH8ZN/MKz+69SyC4a/zk=
07-29 10:34:45.169  3790  3790 W NotifCollection: Ranking update is missing ranking for 0|com.whatsapp|1|EN550RdtZR6bXorPyfM9LWSiNDVQHK+X1YIZNstz0KA=
07-29 10:34:45.169  3790  3790 W NotifCollection: Ranking update is missing ranking for 0|com.whatsapp|1|x5MXP6nPBTZr3yKuZK2ViwWB1IvPCEzSKCaONMFp0EQ=
07-29 10:34:45.178  3790  3790 W NotifCollection: Ranking update is missing ranking for 0|com.whatsapp|1|KDDWftjoWVLcW6ZewvcdvuiUqSavd5JFIYBuX3DzPJc=
07-29 10:34:45.178  3790  3790 W NotifCollection: Ranking update is missing ranking for 0|com.whatsapp|1|7RogJdyQxpg7encGHUrBKkMmDED31ZWjOaeBLJGvKW0=
07-29 10:34:45.178  3790  3790 W NotifCollection: Ranking update is missing ranking for 0|com.whatsapp|1|g1+MLWul+fwXuB6I3J9pjx6uH8ZN/MKz+69SyC4a/zk=
07-29 10:34:45.178  3790  3790 W NotifCollection: Ranking update is missing ranking for 0|com.whatsapp|1|EN550RdtZR6bXorPyfM9LWSiNDVQHK+X1YIZNstz0KA=
07-29 10:34:45.179  3790  3790 W NotifCollection: Ranking update is missing ranking for 0|com.whatsapp|1|x5MXP6nPBTZr3yKuZK2ViwWB1IvPCEzSKCaONMFp0EQ=
07-29 10:34:45.194  3790  3790 W NotifCollection: Ranking update is missing ranking for 0|com.whatsapp|1|KDDWftjoWVLcW6ZewvcdvuiUqSavd5JFIYBuX3DzPJc=
07-29 10:34:45.194  3790  3790 W NotifCollection: Ranking update is missing ranking for 0|com.whatsapp|1|7RogJdyQxpg7encGHUrBKkMmDED31ZWjOaeBLJGvKW0=
07-29 10:34:45.194  3790  3790 W NotifCollection: Ranking update is missing ranking for 0|com.whatsapp|1|g1+MLWul+fwXuB6I3J9pjx6uH8ZN/MKz+69SyC4a/zk=
07-29 10:34:45.194  3790  3790 W NotifCollection: Ranking update is missing ranking for 0|com.whatsapp|1|EN550RdtZR6bXorPyfM9LWSiNDVQHK+X1YIZNstz0KA=
07-29 10:34:45.194  3790  3790 W NotifCollection: Ranking update is missing ranking for 0|com.whatsapp|1|x5MXP6nPBTZr3yKuZK2ViwWB1IvPCEzSKCaONMFp0EQ=
07-29 10:34:45.206  3790  3790 W NotifCollection: Ranking update is missing ranking for 0|com.whatsapp|1|KDDWftjoWVLcW6ZewvcdvuiUqSavd5JFIYBuX3DzPJc=
07-29 10:34:45.207  3790  3790 W NotifCollection: Ranking update is missing ranking for 0|com.whatsapp|1|7RogJdyQxpg7encGHUrBKkMmDED31ZWjOaeBLJGvKW0=
07-29 10:34:45.207  3790  3790 W NotifCollection: Ranking update is missing ranking for 0|com.whatsapp|1|g1+MLWul+fwXuB6I3J9pjx6uH8ZN/MKz+69SyC4a/zk=
07-29 10:34:45.207  3790  3790 W NotifCollection: Ranking update is missing ranking for 0|com.whatsapp|1|EN550RdtZR6bXorPyfM9LWSiNDVQHK+X1YIZNstz0KA=
07-29 10:34:45.208  3790  3790 W NotifCollection: Ranking update is missing ranking for 0|com.whatsapp|1|x5MXP6nPBTZr3yKuZK2ViwWB1IvPCEzSKCaONMFp0EQ=
07-29 10:34:45.213  3790  3790 W NotifCollection: Ranking update is missing ranking for 0|com.whatsapp|1|KDDWftjoWVLcW6ZewvcdvuiUqSavd5JFIYBuX3DzPJc=
07-29 10:34:45.214  3790  3790 W NotifCollection: Ranking update is missing ranking for 0|com.whatsapp|1|7RogJdyQxpg7encGHUrBKkMmDED31ZWjOaeBLJGvKW0=
07-29 10:34:45.214  3790  3790 W NotifCollection: Ranking update is missing ranking for 0|com.whatsapp|1|g1+MLWul+fwXuB6I3J9pjx6uH8ZN/MKz+69SyC4a/zk=
07-29 10:34:45.214  3790  3790 W NotifCollection: Ranking update is missing ranking for 0|com.whatsapp|1|EN550RdtZR6bXorPyfM9LWSiNDVQHK+X1YIZNstz0KA=
07-29 10:34:45.214  3790  3790 W NotifCollection: Ranking update is missing ranking for 0|com.whatsapp|1|x5MXP6nPBTZr3yKuZK2ViwWB1IvPCEzSKCaONMFp0EQ=
07-29 10:34:45.237  3790  3790 W NotifCollection: Ranking update is missing ranking for 0|com.whatsapp|1|KDDWftjoWVLcW6ZewvcdvuiUqSavd5JFIYBuX3DzPJc=
07-29 10:34:45.237  3790  3790 W NotifCollection: Ranking update is missing ranking for 0|com.whatsapp|1|7RogJdyQxpg7encGHUrBKkMmDED31ZWjOaeBLJGvKW0=
07-29 10:34:45.237  3790  3790 W NotifCollection: Ranking update is missing ranking for 0|com.whatsapp|1|g1+MLWul+fwXuB6I3J9pjx6uH8ZN/MKz+69SyC4a/zk=
07-29 10:34:45.237  3790  3790 W NotifCollection: Ranking update is missing ranking for 0|com.whatsapp|1|EN550RdtZR6bXorPyfM9LWSiNDVQHK+X1YIZNstz0KA=
07-29 10:34:45.237  3790  3790 W NotifCollection: Ranking update is missing ranking for 0|com.whatsapp|1|x5MXP6nPBTZr3yKuZK2ViwWB1IvPCEzSKCaONMFp0EQ=
07-29 10:34:45.238  3790  3790 W NotifCollection: Ranking update is missing ranking for 0|com.whatsapp|1|KDDWftjoWVLcW6ZewvcdvuiUqSavd5JFIYBuX3DzPJc=
07-29 10:34:45.238  3790  3790 W NotifCollection: Ranking update is missing ranking for 0|com.whatsapp|1|7RogJdyQxpg7encGHUrBKkMmDED31ZWjOaeBLJGvKW0=
07-29 10:34:45.238  3790  3790 W NotifCollection: Ranking update is missing ranking for 0|com.whatsapp|1|g1+MLWul+fwXuB6I3J9pjx6uH8ZN/MKz+69SyC4a/zk=
07-29 10:34:45.238  3790  3790 W NotifCollection: Ranking update is missing ranking for 0|com.whatsapp|1|EN550RdtZR6bXorPyfM9LWSiNDVQHK+X1YIZNstz0KA=
07-29 10:34:45.238  3790  3790 W NotifCollection: Ranking update is missing ranking for 0|com.whatsapp|1|x5MXP6nPBTZr3yKuZK2ViwWB1IvPCEzSKCaONMFp0EQ=
07-29 10:34:45.251  3790  3790 W NotifCollection: Ranking update is missing ranking for 0|com.whatsapp|1|KDDWftjoWVLcW6ZewvcdvuiUqSavd5JFIYBuX3DzPJc=
07-29 10:34:45.252  3790  3790 W NotifCollection: Ranking update is missing ranking for 0|com.whatsapp|1|7RogJdyQxpg7encGHUrBKkMmDED31ZWjOaeBLJGvKW0=
07-29 10:34:45.252  3790  3790 W NotifCollection: Ranking update is missing ranking for 0|com.whatsapp|1|g1+MLWul+fwXuB6I3J9pjx6uH8ZN/MKz+69SyC4a/zk=
07-29 10:34:45.252  3790  3790 W NotifCollection: Ranking update is missing ranking for 0|com.whatsapp|1|EN550RdtZR6bXorPyfM9LWSiNDVQHK+X1YIZNstz0KA=
07-29 10:34:45.252  3790  3790 W NotifCollection: Ranking update is missing ranking for 0|com.whatsapp|1|x5MXP6nPBTZr3yKuZK2ViwWB1IvPCEzSKCaONMFp0EQ=
07-29 10:34:45.253  3790  3790 W NotifCollection: Ranking update is missing ranking for 0|com.whatsapp|1|KDDWftjoWVLcW6ZewvcdvuiUqSavd5JFIYBuX3DzPJc=
07-29 10:34:45.258  3790  3790 W NotifCollection: Ranking update is missing ranking for 0|com.whatsapp|1|7RogJdyQxpg7encGHUrBKkMmDED31ZWjOaeBLJGvKW0=
07-29 10:34:45.259  3790  3790 W NotifCollection: Ranking update is missing ranking for 0|com.whatsapp|1|g1+MLWul+fwXuB6I3J9pjx6uH8ZN/MKz+69SyC4a/zk=
07-29 10:34:45.259  3790  3790 W NotifCollection: Ranking update is missing ranking for 0|com.whatsapp|1|EN550RdtZR6bXorPyfM9LWSiNDVQHK+X1YIZNstz0KA=
07-29 10:34:45.259  3790  3790 W NotifCollection: Ranking update is missing ranking for 0|com.whatsapp|1|x5MXP6nPBTZr3yKuZK2ViwWB1IvPCEzSKCaONMFp0EQ=
07-29 10:34:45.267  3790  3790 W NotifCollection: Ranking update is missing ranking for 0|com.whatsapp|1|KDDWftjoWVLcW6ZewvcdvuiUqSavd5JFIYBuX3DzPJc=
07-29 10:34:45.267  3790  3790 W NotifCollection: Ranking update is missing ranking for 0|com.whatsapp|1|7RogJdyQxpg7encGHUrBKkMmDED31ZWjOaeBLJGvKW0=
07-29 10:34:45.267  3790  3790 W NotifCollection: Ranking update is missing ranking for 0|com.whatsapp|1|g1+MLWul+fwXuB6I3J9pjx6uH8ZN/MKz+69SyC4a/zk=
07-29 10:34:45.268  3790  3790 W NotifCollection: Ranking update is missing ranking for 0|com.whatsapp|1|EN550RdtZR6bXorPyfM9LWSiNDVQHK+X1YIZNstz0KA=
07-29 10:34:45.268  3790  3790 W NotifCollection: Ranking update is missing ranking for 0|com.whatsapp|1|x5MXP6nPBTZr3yKuZK2ViwWB1IvPCEzSKCaONMFp0EQ=
07-29 10:34:45.275  3790  3790 W NotifCollection: Ranking update is missing ranking for 0|com.whatsapp|1|KDDWftjoWVLcW6ZewvcdvuiUqSavd5JFIYBuX3DzPJc=
07-29 10:34:45.276  3790  3790 W NotifCollection: Ranking update is missing ranking for 0|com.whatsapp|1|7RogJdyQxpg7encGHUrBKkMmDED31ZWjOaeBLJGvKW0=
07-29 10:34:45.276  3790  3790 W NotifCollection: Ranking update is missing ranking for 0|com.whatsapp|1|g1+MLWul+fwXuB6I3J9pjx6uH8ZN/MKz+69SyC4a/zk=
07-29 10:34:45.276  3790  3790 W NotifCollection: Ranking update is missing ranking for 0|com.whatsapp|1|EN550RdtZR6bXorPyfM9LWSiNDVQHK+X1YIZNstz0KA=
07-29 10:34:45.276  3790  3790 W NotifCollection: Ranking update is missing ranking for 0|com.whatsapp|1|x5MXP6nPBTZr3yKuZK2ViwWB1IvPCEzSKCaONMFp0EQ=
07-29 10:34:45.277  3790  3790 W NotifCollection: Ranking update is missing ranking for 0|com.whatsapp|1|KDDWftjoWVLcW6ZewvcdvuiUqSavd5JFIYBuX3DzPJc=
07-29 10:34:45.277  3790  3790 W NotifCollection: Ranking update is missing ranking for 0|com.whatsapp|1|7RogJdyQxpg7encGHUrBKkMmDED31ZWjOaeBLJGvKW0=
07-29 10:34:45.278  3790  3790 W NotifCollection: Ranking update is missing ranking for 0|com.whatsapp|1|g1+MLWul+fwXuB6I3J9pjx6uH8ZN/MKz+69SyC4a/zk=
07-29 10:34:45.278  3790  3790 W NotifCollection: Ranking update is missing ranking for 0|com.whatsapp|1|EN550RdtZR6bXorPyfM9LWSiNDVQHK+X1YIZNstz0KA=
07-29 10:34:45.278  3790  3790 W NotifCollection: Ranking update is missing ranking for 0|com.whatsapp|1|x5MXP6nPBTZr3yKuZK2ViwWB1IvPCEzSKCaONMFp0EQ=
07-29 10:34:45.286  3790  3790 W NotifCollection: Ranking update is missing ranking for 0|com.whatsapp|1|KDDWftjoWVLcW6ZewvcdvuiUqSavd5JFIYBuX3DzPJc=
07-29 10:34:45.286  3790  3790 W NotifCollection: Ranking update is missing ranking for 0|com.whatsapp|1|7RogJdyQxpg7encGHUrBKkMmDED31ZWjOaeBLJGvKW0=
07-29 10:34:45.287  3790  3790 W NotifCollection: Ranking update is missing ranking for 0|com.whatsapp|1|g1+MLWul+fwXuB6I3J9pjx6uH8ZN/MKz+69SyC4a/zk=
07-29 10:34:45.287  3790  3790 W NotifCollection: Ranking update is missing ranking for 0|com.whatsapp|1|EN550RdtZR6bXorPyfM9LWSiNDVQHK+X1YIZNstz0KA=
07-29 10:34:45.287  3790  3790 W NotifCollection: Ranking update is missing ranking for 0|com.whatsapp|1|x5MXP6nPBTZr3yKuZK2ViwWB1IvPCEzSKCaONMFp0EQ=
07-29 10:34:45.303  3790  3790 W NotifCollection: Ranking update is missing ranking for 0|com.whatsapp|1|KDDWftjoWVLcW6ZewvcdvuiUqSavd5JFIYBuX3DzPJc=
07-29 10:34:45.305  3790  3790 W NotifCollection: Ranking update is missing ranking for 0|com.whatsapp|1|7RogJdyQxpg7encGHUrBKkMmDED31ZWjOaeBLJGvKW0=
07-29 10:34:45.306  3790  3790 W NotifCollection: Ranking update is missing ranking for 0|com.whatsapp|1|g1+MLWul+fwXuB6I3J9pjx6uH8ZN/MKz+69SyC4a/zk=
07-29 10:34:45.306  3790  3790 W NotifCollection: Ranking update is missing ranking for 0|com.whatsapp|1|EN550RdtZR6bXorPyfM9LWSiNDVQHK+X1YIZNstz0KA=
07-29 10:34:45.306  3790  3790 W NotifCollection: Ranking update is missing ranking for 0|com.whatsapp|1|x5MXP6nPBTZr3yKuZK2ViwWB1IvPCEzSKCaONMFp0EQ=
07-29 10:34:45.311  3790  3790 W NotifCollection: Ranking update is missing ranking for 0|com.whatsapp|1|KDDWftjoWVLcW6ZewvcdvuiUqSavd5JFIYBuX3DzPJc=
07-29 10:34:45.311  3790  3790 W NotifCollection: Ranking update is missing ranking for 0|com.whatsapp|1|7RogJdyQxpg7encGHUrBKkMmDED31ZWjOaeBLJGvKW0=
07-29 10:34:45.311  3790  3790 W NotifCollection: Ranking update is missing ranking for 0|com.whatsapp|1|g1+MLWul+fwXuB6I3J9pjx6uH8ZN/MKz+69SyC4a/zk=
07-29 10:34:45.311  3790  3790 W NotifCollection: Ranking update is missing ranking for 0|com.whatsapp|1|EN550RdtZR6bXorPyfM9LWSiNDVQHK+X1YIZNstz0KA=
07-29 10:34:45.311  3790  3790 W NotifCollection: Ranking update is missing ranking for 0|com.whatsapp|1|x5MXP6nPBTZr3yKuZK2ViwWB1IvPCEzSKCaONMFp0EQ=
07-29 10:34:45.322  3790  3790 W NotifCollection: Ranking update is missing ranking for 0|com.whatsapp|1|KDDWftjoWVLcW6ZewvcdvuiUqSavd5JFIYBuX3DzPJc=
07-29 10:34:45.322  3790  3790 W NotifCollection: Ranking update is missing ranking for 0|com.whatsapp|1|7RogJdyQxpg7encGHUrBKkMmDED31ZWjOaeBLJGvKW0=
07-29 10:34:45.322  3790  3790 W NotifCollection: Ranking update is missing ranking for 0|com.whatsapp|1|g1+MLWul+fwXuB6I3J9pjx6uH8ZN/MKz+69SyC4a/zk=
07-29 10:34:45.323  3790  3790 W NotifCollection: Ranking update is missing ranking for 0|com.whatsapp|1|EN550RdtZR6bXorPyfM9LWSiNDVQHK+X1YIZNstz0KA=
07-29 10:34:45.323  3790  3790 W NotifCollection: Ranking update is missing ranking for 0|com.whatsapp|1|x5MXP6nPBTZr3yKuZK2ViwWB1IvPCEzSKCaONMFp0EQ=
07-29 10:34:45.334  3790  3790 W NotifCollection: Ranking update is missing ranking for 0|com.whatsapp|1|KDDWftjoWVLcW6ZewvcdvuiUqSavd5JFIYBuX3DzPJc=
07-29 10:34:45.335  3790  3790 W NotifCollection: Ranking update is missing ranking for 0|com.whatsapp|1|7RogJdyQxpg7encGHUrBKkMmDED31ZWjOaeBLJGvKW0=
07-29 10:34:45.335  3790  3790 W NotifCollection: Ranking update is missing ranking for 0|com.whatsapp|1|g1+MLWul+fwXuB6I3J9pjx6uH8ZN/MKz+69SyC4a/zk=
07-29 10:34:45.335  3790  3790 W NotifCollection: Ranking update is missing ranking for 0|com.whatsapp|1|EN550RdtZR6bXorPyfM9LWSiNDVQHK+X1YIZNstz0KA=
07-29 10:34:45.335  3790  3790 W NotifCollection: Ranking update is missing ranking for 0|com.whatsapp|1|x5MXP6nPBTZr3yKuZK2ViwWB1IvPCEzSKCaONMFp0EQ=
07-29 10:34:45.341  3790  3790 W NotifCollection: Ranking update is missing ranking for 0|com.whatsapp|1|KDDWftjoWVLcW6ZewvcdvuiUqSavd5JFIYBuX3DzPJc=
07-29 10:34:45.342  3790  3790 W NotifCollection: Ranking update is missing ranking for 0|com.whatsapp|1|7RogJdyQxpg7encGHUrBKkMmDED31ZWjOaeBLJGvKW0=
07-29 10:34:45.342  3790  3790 W NotifCollection: Ranking update is missing ranking for 0|com.whatsapp|1|g1+MLWul+fwXuB6I3J9pjx6uH8ZN/MKz+69SyC4a/zk=
07-29 10:34:45.342  3790  3790 W NotifCollection: Ranking update is missing ranking for 0|com.whatsapp|1|EN550RdtZR6bXorPyfM9LWSiNDVQHK+X1YIZNstz0KA=
07-29 10:34:45.342  3790  3790 W NotifCollection: Ranking update is missing ranking for 0|com.whatsapp|1|x5MXP6nPBTZr3yKuZK2ViwWB1IvPCEzSKCaONMFp0EQ=
07-29 10:34:45.343  3790  3790 W NotifCollection: Ranking update is missing ranking for 0|com.whatsapp|1|KDDWftjoWVLcW6ZewvcdvuiUqSavd5JFIYBuX3DzPJc=
07-29 10:34:45.343  3790  3790 W NotifCollection: Ranking update is missing ranking for 0|com.whatsapp|1|7RogJdyQxpg7encGHUrBKkMmDED31ZWjOaeBLJGvKW0=
07-29 10:34:45.343  3790  3790 W NotifCollection: Ranking update is missing ranking for 0|com.whatsapp|1|g1+MLWul+fwXuB6I3J9pjx6uH8ZN/MKz+69SyC4a/zk=
07-29 10:34:45.343  3790  3790 W NotifCollection: Ranking update is missing ranking for 0|com.whatsapp|1|EN550RdtZR6bXorPyfM9LWSiNDVQHK+X1YIZNstz0KA=
07-29 10:34:45.343  3790  3790 W NotifCollection: Ranking update is missing ranking for 0|com.whatsapp|1|x5MXP6nPBTZr3yKuZK2ViwWB1IvPCEzSKCaONMFp0EQ=
07-29 10:34:45.352  3790  3790 W NotifCollection: Ranking update is missing ranking for 0|com.whatsapp|1|KDDWftjoWVLcW6ZewvcdvuiUqSavd5JFIYBuX3DzPJc=
07-29 10:34:45.352  3790  3790 W NotifCollection: Ranking update is missing ranking for 0|com.whatsapp|1|7RogJdyQxpg7encGHUrBKkMmDED31ZWjOaeBLJGvKW0=
07-29 10:34:45.352  3790  3790 W NotifCollection: Ranking update is missing ranking for 0|com.whatsapp|1|g1+MLWul+fwXuB6I3J9pjx6uH8ZN/MKz+69SyC4a/zk=
07-29 10:34:45.352  3790  3790 W NotifCollection: Ranking update is missing ranking for 0|com.whatsapp|1|EN550RdtZR6bXorPyfM9LWSiNDVQHK+X1YIZNstz0KA=
07-29 10:34:45.352  3790  3790 W NotifCollection: Ranking update is missing ranking for 0|com.whatsapp|1|x5MXP6nPBTZr3yKuZK2ViwWB1IvPCEzSKCaONMFp0EQ=
