07-29 10:28:33.741  1645  2365 V WindowManager: Relayout Window{b2879cc u0 com.whatsapp/com.whatsapp.home.ui.HomeActivity}: viewVisibility=8 req=1080x2340 d0
07-29 10:28:33.755  1152  1152 I Layer   : id=211780 removeFromCurrentState com.whatsapp/com.whatsapp.home.ui.HomeActivity$_29569#211780 (165)
07-29 10:28:33.755  1152  1152 I SurfaceFlinger: id=211780 Removed com.whatsapp/com.whatsapp.home.ui.HomeActivity$_29569#211780 (165)
07-29 10:28:33.756  1152  1152 I BufferQueueDebug: [com.whatsapp/com.whatsapp.home.ui.HomeActivity$_29569#211780](this:0xb4000075ef538398,id:-1,api:0,p:-1,c:1152) onDestructor()
07-29 10:28:33.756  1152  1152 I Layer   : id=211780 Destroyed com.whatsapp/com.whatsapp.home.ui.HomeActivity$_29569#211780
07-29 10:28:34.338  1152  1152 I BufferQueueProducer: [com.whatsapp/com.whatsapp.Conversation$_29569#211788](this:0xb4000075ef521718,id:-1,api:0,p:-1,c:1152) queueBuffer: fps=11.25 dur=1066.52 max=483.11 min=8.14
07-29 10:28:34.340  1645  2365 I MediaFocusControl: requestAudioFocus() from uid/pid 10341/29569 AA=USAGE_MEDIA/CONTENT_TYPE_MUSIC clientId=android.media.AudioManager@96140d4X.3y0@c9cd52d callingPack=com.whatsapp req=3 flags=0x0 sdk=35
07-29 10:28:34.371  1645  2420 D ApplicationPolicy: isStatusBarNotificationAllowedAsUser: packageName = com.whatsapp,userId = 0
07-29 10:28:34.371  1645  2420 D ApplicationPolicy: isStatusBarNotificationAllowedAsUser: packageName = com.whatsapp,userId = 0
07-29 10:28:34.386  1645  2365 D ApplicationPolicy: isStatusBarNotificationAllowedAsUser: packageName = com.whatsapp,userId = 0
07-29 10:28:34.391  1645  2365 D ApplicationPolicy: isStatusBarNotificationAllowedAsUser: packageName = com.whatsapp,userId = 0
07-29 10:28:34.957 31653 31744 I BWU@AudioPlaybackControlManager: Ph_com.whatsapp is now playing [VF-T-L] 
07-29 10:28:34.984 31653 31744 I BWU@AudioPlaybackControlManager: Ph_com.whatsapp is now playing [VF-T-L] 
07-29 10:28:35.001  2770  2770 I Launcher.NotificationListener: onNotificationPosted : com.whatsapp number : 0
07-29 10:28:35.011  2770  2770 I Launcher.NotificationListener: onNotificationPosted : com.whatsapp number : 0
07-29 10:28:35.012  5429  5429 I Edge.badge: updateBadge item = com.whatsapp:0 1
07-29 10:28:35.013  5429  5429 I Edge.badge: updateBadge item = com.whatsapp:0 1
07-29 10:28:35.014  3790  3790 W NotifCollection: Ranking update is missing ranking for 0|com.whatsapp|1|KDDWftjoWVLcW6ZewvcdvuiUqSavd5JFIYBuX3DzPJc=
07-29 10:28:35.014  3790  3790 W NotifCollection: Ranking update is missing ranking for 0|com.whatsapp|1|7RogJdyQxpg7encGHUrBKkMmDED31ZWjOaeBLJGvKW0=
07-29 10:28:35.014  3790  3790 W NotifCollection: Ranking update is missing ranking for 0|com.whatsapp|1|g1+MLWul+fwXuB6I3J9pjx6uH8ZN/MKz+69SyC4a/zk=
07-29 10:28:35.015  3790  3790 W NotifCollection: Ranking update is missing ranking for 0|com.whatsapp|1|EN550RdtZR6bXorPyfM9LWSiNDVQHK+X1YIZNstz0KA=
07-29 10:28:35.015  3790  3790 W NotifCollection: Ranking update is missing ranking for 0|com.whatsapp|1|x5MXP6nPBTZr3yKuZK2ViwWB1IvPCEzSKCaONMFp0EQ=
07-29 10:28:35.023  3790  3790 D S.S.N.  : onEntryAdded 0|com.whatsapp|14|null|10341
07-29 10:28:35.023  3790  3790 D InterruptionStateProvider:  no Heads up : edgelighting enabled app. 0|com.whatsapp|14|null|10341
07-29 10:28:35.024  3790  3790 W NotifCollection: Ranking update is missing ranking for 0|com.whatsapp|1|KDDWftjoWVLcW6ZewvcdvuiUqSavd5JFIYBuX3DzPJc=
07-29 10:28:35.025  3790  3790 W NotifCollection: Ranking update is missing ranking for 0|com.whatsapp|1|7RogJdyQxpg7encGHUrBKkMmDED31ZWjOaeBLJGvKW0=
07-29 10:28:35.025  3790  3790 W NotifCollection: Ranking update is missing ranking for 0|com.whatsapp|1|g1+MLWul+fwXuB6I3J9pjx6uH8ZN/MKz+69SyC4a/zk=
07-29 10:28:35.025  3790  3790 W NotifCollection: Ranking update is missing ranking for 0|com.whatsapp|1|EN550RdtZR6bXorPyfM9LWSiNDVQHK+X1YIZNstz0KA=
07-29 10:28:35.025  3790  3790 W NotifCollection: Ranking update is missing ranking for 0|com.whatsapp|1|x5MXP6nPBTZr3yKuZK2ViwWB1IvPCEzSKCaONMFp0EQ=
07-29 10:28:35.186  1152  1929 D SurfaceFlinger: [SF client] REMOVE (0xb4000074ff21d110) for (29569:com.whatsapp)
07-29 10:28:35.228  3790  3790 D S.S.N.  : onEntryUpdated 0|com.whatsapp|14|null|10341
07-29 10:28:35.228  3790  3790 D BubblesManager: onEntryUpdated : shouldBubbleUp=false ,key=0|com.whatsapp|14|null|10341
07-29 10:28:35.229  3790  3790 D InterruptionStateProvider:  no Heads up : edgelighting enabled app. 0|com.whatsapp|14|null|10341
07-29 10:28:35.388  1152  1152 I BufferQueueProducer: [com.whatsapp/com.whatsapp.Conversation$_29569#211788](this:0xb4000075ef521718,id:-1,api:0,p:-1,c:1152) queueBuffer: fps=19.05 dur=1049.71 max=508.41 min=8.23
07-29 10:28:35.425  1645  2420 D ApplicationPolicy: isStatusBarNotificationAllowedAsUser: packageName = com.whatsapp,userId = 0
07-29 10:28:35.426  1645  2420 D ApplicationPolicy: isStatusBarNotificationAllowedAsUser: packageName = com.whatsapp,userId = 0
07-29 10:28:35.647  2770  2770 I Launcher.NotificationListener: onNotificationPosted : com.whatsapp number : 0
07-29 10:28:35.647  5429  5429 I Edge.badge: updateBadge item = com.whatsapp:0 1
07-29 10:28:35.651  3790  3790 W NotifCollection: Ranking update is missing ranking for 0|com.whatsapp|1|KDDWftjoWVLcW6ZewvcdvuiUqSavd5JFIYBuX3DzPJc=
07-29 10:28:35.651  3790  3790 W NotifCollection: Ranking update is missing ranking for 0|com.whatsapp|1|7RogJdyQxpg7encGHUrBKkMmDED31ZWjOaeBLJGvKW0=
07-29 10:28:35.652  3790  3790 W NotifCollection: Ranking update is missing ranking for 0|com.whatsapp|1|g1+MLWul+fwXuB6I3J9pjx6uH8ZN/MKz+69SyC4a/zk=
07-29 10:28:35.652  3790  3790 W NotifCollection: Ranking update is missing ranking for 0|com.whatsapp|1|EN550RdtZR6bXorPyfM9LWSiNDVQHK+X1YIZNstz0KA=
07-29 10:28:35.652  3790  3790 W NotifCollection: Ranking update is missing ranking for 0|com.whatsapp|1|x5MXP6nPBTZr3yKuZK2ViwWB1IvPCEzSKCaONMFp0EQ=
07-29 10:28:35.852  3790  3790 D S.S.N.  : onEntryUpdated 0|com.whatsapp|14|null|10341
07-29 10:28:35.852  3790  3790 D BubblesManager: onEntryUpdated : shouldBubbleUp=false ,key=0|com.whatsapp|14|null|10341
07-29 10:28:35.853  3790  3790 D InterruptionStateProvider:  no Heads up : edgelighting enabled app. 0|com.whatsapp|14|null|10341
07-29 10:28:36.334  1645  4487 D MediaSessionService: dispatchVolumeKeyEvent, pkg=com.whatsapp, opPkg=com.whatsapp, pid=29569, uid=10341, asSystem=true, event=KeyEvent { action=ACTION_DOWN, keyCode=KEYCODE_VOLUME_UP, scanCode=115, metaState=0, flags=0x8, repeatCount=0, eventTime=714435451365000, downTime=714435451365000, deviceId=3, source=0x101, displayId=-1 }, stream=-2147483648, musicOnly=false
07-29 10:28:36.358  1645  2365 D MediaSessionService: dispatchVolumeKeyEvent, pkg=com.whatsapp, opPkg=com.whatsapp, pid=29569, uid=10341, asSystem=true, event=KeyEvent { action=ACTION_UP, keyCode=KEYCODE_VOLUME_UP, scanCode=115, metaState=0, flags=0x8, repeatCount=0, eventTime=714435626841000, downTime=714435451365000, deviceId=3, source=0x101, displayId=-1 }, stream=-2147483648, musicOnly=false
07-29 10:28:36.405  1152  1152 I BufferQueueProducer: [com.whatsapp/com.whatsapp.Conversation$_29569#211788](this:0xb4000075ef521718,id:-1,api:0,p:-1,c:1152) queueBuffer: fps=21.64 dur=1016.75 max=66.86 min=8.07
07-29 10:28:36.426  1152  1152 D SurfaceFlinger:      DEVICE | 0xb40000751f202550 | 0102 | RGBA_8888    |    0.0    0.0 1080.0 2340.0 |    0    0 1080 2340 | com.whatsapp/com.whatsapp.Conversation$_29569#211788
07-29 10:28:36.428  1152  1152 I SurfaceFlinger: operator()(), mtkRenderCntDebug 17829, screenshot (com.whatsapp/com.whatsapp.Conversation$_29569#211788)
07-29 10:28:36.446  1645  2365 D ApplicationPolicy: isStatusBarNotificationAllowedAsUser: packageName = com.whatsapp,userId = 0
07-29 10:28:36.446  1645  2365 D ApplicationPolicy: isStatusBarNotificationAllowedAsUser: packageName = com.whatsapp,userId = 0
07-29 10:28:36.520  1152  2013 I SurfaceFlinger: id=211783 Removed Surface(name=b2879cc com.whatsapp/com.whatsapp.home.ui.HomeActivity)/@0x6c9acc9 - animation-leash of starting_reveal#211783 (167)
07-29 10:28:36.521  1152  1152 I Layer   : id=211783 Destroyed Surface(name=b2879cc com.whatsapp/com.whatsapp.home.ui.HomeActivity)/@0x6c9acc9 - animation-leash of starting_reveal#211783
07-29 10:28:36.569  1645  4487 D MediaSessionService: dispatchVolumeKeyEvent, pkg=com.whatsapp, opPkg=com.whatsapp, pid=29569, uid=10341, asSystem=true, event=KeyEvent { action=ACTION_DOWN, keyCode=KEYCODE_VOLUME_UP, scanCode=115, metaState=0, flags=0x8, repeatCount=0, eventTime=714435707158000, downTime=714435707158000, deviceId=3, source=0x101, displayId=-1 }, stream=-2147483648, musicOnly=false
07-29 10:28:36.571  1645  4487 D MediaSessionService: dispatchVolumeKeyEvent, pkg=com.whatsapp, opPkg=com.whatsapp, pid=29569, uid=10341, asSystem=true, event=KeyEvent { action=ACTION_UP, keyCode=KEYCODE_VOLUME_UP, scanCode=115, metaState=0, flags=0x8, repeatCount=0, eventTime=714435838129000, downTime=714435707158000, deviceId=3, source=0x101, displayId=-1 }, stream=-2147483648, musicOnly=false
07-29 10:28:36.671  5429  5429 I Edge.badge: updateBadge item = com.whatsapp:0 1
07-29 10:28:36.671  2770  2770 I Launcher.NotificationListener: onNotificationPosted : com.whatsapp number : 0
07-29 10:28:36.676  3790  3790 W NotifCollection: Ranking update is missing ranking for 0|com.whatsapp|1|KDDWftjoWVLcW6ZewvcdvuiUqSavd5JFIYBuX3DzPJc=
07-29 10:28:36.677  3790  3790 W NotifCollection: Ranking update is missing ranking for 0|com.whatsapp|1|7RogJdyQxpg7encGHUrBKkMmDED31ZWjOaeBLJGvKW0=
07-29 10:28:36.677  3790  3790 W NotifCollection: Ranking update is missing ranking for 0|com.whatsapp|1|g1+MLWul+fwXuB6I3J9pjx6uH8ZN/MKz+69SyC4a/zk=
07-29 10:28:36.677  3790  3790 W NotifCollection: Ranking update is missing ranking for 0|com.whatsapp|1|EN550RdtZR6bXorPyfM9LWSiNDVQHK+X1YIZNstz0KA=
07-29 10:28:36.677  3790  3790 W NotifCollection: Ranking update is missing ranking for 0|com.whatsapp|1|x5MXP6nPBTZr3yKuZK2ViwWB1IvPCEzSKCaONMFp0EQ=
07-29 10:28:36.813 18171 18294 I ContactsProvider_EventLog: cp_s: [CONTACT con(1571) dat(17471) acc({sim(3)=6, sim2(5)=5, core(11)=73, phone(2)=1, com.google.android.apps.tachyon(8)=532, google(4)=1559, com.whatsapp(7)=1217}) calls([logtype:100 cnt:464, logtype:300 cnt:500, logtype:500 cnt:7, logtype:1000 cnt:1529]) Iso(IN) uId(0) ]
07-29 10:28:36.877  3790  3790 D S.S.N.  : onEntryUpdated 0|com.whatsapp|14|null|10341
07-29 10:28:36.877  3790  3790 D BubblesManager: onEntryUpdated : shouldBubbleUp=false ,key=0|com.whatsapp|14|null|10341
07-29 10:28:36.878  3790  3790 D InterruptionStateProvider:  no Heads up : edgelighting enabled app. 0|com.whatsapp|14|null|10341
07-29 10:28:37.421  1152  1152 I BufferQueueProducer: [com.whatsapp/com.whatsapp.Conversation$_29569#211788](this:0xb4000075ef521718,id:-1,api:0,p:-1,c:1152) queueBuffer: fps=21.65 dur=1016.07 max=58.41 min=24.86
07-29 10:28:37.466  1645  2365 D ApplicationPolicy: isStatusBarNotificationAllowedAsUser: packageName = com.whatsapp,userId = 0
07-29 10:28:37.466  1645  2365 D ApplicationPolicy: isStatusBarNotificationAllowedAsUser: packageName = com.whatsapp,userId = 0
07-29 10:28:37.569  1645  2365 D MediaSessionService: dispatchVolumeKeyEvent, pkg=com.whatsapp, opPkg=com.whatsapp, pid=29569, uid=10341, asSystem=true, event=KeyEvent { action=ACTION_DOWN, keyCode=KEYCODE_VOLUME_DOWN, scanCode=114, metaState=0, flags=0x8, repeatCount=0, eventTime=714436689986000, downTime=714436689986000, deviceId=3, source=0x101, displayId=-1 }, stream=-2147483648, musicOnly=false
07-29 10:28:37.611  1645  2365 D MediaSessionService: dispatchVolumeKeyEvent, pkg=com.whatsapp, opPkg=com.whatsapp, pid=29569, uid=10341, asSystem=true, event=KeyEvent { action=ACTION_UP, keyCode=KEYCODE_VOLUME_DOWN, scanCode=114, metaState=0, flags=0x8, repeatCount=0, eventTime=714436878862000, downTime=714436689986000, deviceId=3, source=0x101, displayId=-1 }, stream=-2147483648, musicOnly=false
07-29 10:28:37.697  2770  2770 I Launcher.NotificationListener: onNotificationPosted : com.whatsapp number : 0
07-29 10:28:37.698  5429  5429 I Edge.badge: updateBadge item = com.whatsapp:0 1
07-29 10:28:37.700  3790  3790 W NotifCollection: Ranking update is missing ranking for 0|com.whatsapp|1|KDDWftjoWVLcW6ZewvcdvuiUqSavd5JFIYBuX3DzPJc=
07-29 10:28:37.701  3790  3790 W NotifCollection: Ranking update is missing ranking for 0|com.whatsapp|1|7RogJdyQxpg7encGHUrBKkMmDED31ZWjOaeBLJGvKW0=
07-29 10:28:37.701  3790  3790 W NotifCollection: Ranking update is missing ranking for 0|com.whatsapp|1|g1+MLWul+fwXuB6I3J9pjx6uH8ZN/MKz+69SyC4a/zk=
07-29 10:28:37.701  3790  3790 W NotifCollection: Ranking update is missing ranking for 0|com.whatsapp|1|EN550RdtZR6bXorPyfM9LWSiNDVQHK+X1YIZNstz0KA=
07-29 10:28:37.701  3790  3790 W NotifCollection: Ranking update is missing ranking for 0|com.whatsapp|1|x5MXP6nPBTZr3yKuZK2ViwWB1IvPCEzSKCaONMFp0EQ=
07-29 10:28:37.902  3790  3790 D S.S.N.  : onEntryUpdated 0|com.whatsapp|14|null|10341
07-29 10:28:37.902  3790  3790 D BubblesManager: onEntryUpdated : shouldBubbleUp=false ,key=0|com.whatsapp|14|null|10341
07-29 10:28:37.902  3790  3790 D InterruptionStateProvider:  no Heads up : edgelighting enabled app. 0|com.whatsapp|14|null|10341
07-29 10:28:38.437  1152  1152 I BufferQueueProducer: [com.whatsapp/com.whatsapp.Conversation$_29569#211788](this:0xb4000075ef521718,id:-1,api:0,p:-1,c:1152) queueBuffer: fps=21.64 dur=1016.44 max=66.78 min=8.26
07-29 10:28:38.483  1645  4487 D ApplicationPolicy: isStatusBarNotificationAllowedAsUser: packageName = com.whatsapp,userId = 0
07-29 10:28:38.483  1645  4487 D ApplicationPolicy: isStatusBarNotificationAllowedAsUser: packageName = com.whatsapp,userId = 0
07-29 10:28:38.616  1645  4487 D MediaSessionService: dispatchVolumeKeyEvent, pkg=com.whatsapp, opPkg=com.whatsapp, pid=29569, uid=10341, asSystem=true, event=KeyEvent { action=ACTION_DOWN, keyCode=KEYCODE_VOLUME_UP, scanCode=115, metaState=0, flags=0x8, repeatCount=0, eventTime=714437736995000, downTime=714437736995000, deviceId=3, source=0x101, displayId=-1 }, stream=-2147483648, musicOnly=false
07-29 10:28:38.622  1645  5379 D MediaSessionService: dispatchVolumeKeyEvent, pkg=com.whatsapp, opPkg=com.whatsapp, pid=29569, uid=10341, asSystem=true, event=KeyEvent { action=ACTION_UP, keyCode=KEYCODE_VOLUME_UP, scanCode=115, metaState=0, flags=0x8, repeatCount=0, eventTime=714437891170000, downTime=714437736995000, deviceId=3, source=0x101, displayId=-1 }, stream=-2147483648, musicOnly=false
07-29 10:28:38.705  5429  5429 I Edge.badge: updateBadge item = com.whatsapp:0 1
07-29 10:28:38.706  2770  2770 I Launcher.NotificationListener: onNotificationPosted : com.whatsapp number : 0
07-29 10:28:38.708  3790  3790 W NotifCollection: Ranking update is missing ranking for 0|com.whatsapp|1|KDDWftjoWVLcW6ZewvcdvuiUqSavd5JFIYBuX3DzPJc=
07-29 10:28:38.709  3790  3790 W NotifCollection: Ranking update is missing ranking for 0|com.whatsapp|1|7RogJdyQxpg7encGHUrBKkMmDED31ZWjOaeBLJGvKW0=
07-29 10:28:38.709  3790  3790 W NotifCollection: Ranking update is missing ranking for 0|com.whatsapp|1|g1+MLWul+fwXuB6I3J9pjx6uH8ZN/MKz+69SyC4a/zk=
07-29 10:28:38.709  3790  3790 W NotifCollection: Ranking update is missing ranking for 0|com.whatsapp|1|EN550RdtZR6bXorPyfM9LWSiNDVQHK+X1YIZNstz0KA=
07-29 10:28:38.709  3790  3790 W NotifCollection: Ranking update is missing ranking for 0|com.whatsapp|1|x5MXP6nPBTZr3yKuZK2ViwWB1IvPCEzSKCaONMFp0EQ=
07-29 10:28:38.909  3790  3790 D S.S.N.  : onEntryUpdated 0|com.whatsapp|14|null|10341
07-29 10:28:38.909  3790  3790 D BubblesManager: onEntryUpdated : shouldBubbleUp=false ,key=0|com.whatsapp|14|null|10341
07-29 10:28:38.909  3790  3790 D InterruptionStateProvider:  no Heads up : edgelighting enabled app. 0|com.whatsapp|14|null|10341
07-29 10:28:39.462  1152  1152 I BufferQueueProducer: [com.whatsapp/com.whatsapp.Conversation$_29569#211788](this:0xb4000075ef521718,id:-1,api:0,p:-1,c:1152) queueBuffer: fps=21.47 dur=1024.85 max=58.37 min=8.28
07-29 10:28:39.502  1645  5379 D ApplicationPolicy: isStatusBarNotificationAllowedAsUser: packageName = com.whatsapp,userId = 0
07-29 10:28:39.502  1645  5379 D ApplicationPolicy: isStatusBarNotificationAllowedAsUser: packageName = com.whatsapp,userId = 0
07-29 10:28:39.724  2770  2770 I Launcher.NotificationListener: onNotificationPosted : com.whatsapp number : 0
07-29 10:28:39.724  5429  5429 I Edge.badge: updateBadge item = com.whatsapp:0 1
07-29 10:28:39.728  3790  3790 W NotifCollection: Ranking update is missing ranking for 0|com.whatsapp|1|KDDWftjoWVLcW6ZewvcdvuiUqSavd5JFIYBuX3DzPJc=
07-29 10:28:39.728  3790  3790 W NotifCollection: Ranking update is missing ranking for 0|com.whatsapp|1|7RogJdyQxpg7encGHUrBKkMmDED31ZWjOaeBLJGvKW0=
07-29 10:28:39.728  3790  3790 W NotifCollection: Ranking update is missing ranking for 0|com.whatsapp|1|g1+MLWul+fwXuB6I3J9pjx6uH8ZN/MKz+69SyC4a/zk=
07-29 10:28:39.729  3790  3790 W NotifCollection: Ranking update is missing ranking for 0|com.whatsapp|1|EN550RdtZR6bXorPyfM9LWSiNDVQHK+X1YIZNstz0KA=
07-29 10:28:39.729  3790  3790 W NotifCollection: Ranking update is missing ranking for 0|com.whatsapp|1|x5MXP6nPBTZr3yKuZK2ViwWB1IvPCEzSKCaONMFp0EQ=
07-29 10:28:39.929  3790  3790 D S.S.N.  : onEntryUpdated 0|com.whatsapp|14|null|10341
07-29 10:28:39.930  3790  3790 D BubblesManager: onEntryUpdated : shouldBubbleUp=false ,key=0|com.whatsapp|14|null|10341
07-29 10:28:39.930  3790  3790 D InterruptionStateProvider:  no Heads up : edgelighting enabled app. 0|com.whatsapp|14|null|10341
07-29 10:28:40.487  1152  1152 I BufferQueueProducer: [com.whatsapp/com.whatsapp.Conversation$_29569#211788](this:0xb4000075ef521718,id:-1,api:0,p:-1,c:1152) queueBuffer: fps=21.47 dur=1024.90 max=66.90 min=16.76
07-29 10:28:40.520  1645  2420 D ApplicationPolicy: isStatusBarNotificationAllowedAsUser: packageName = com.whatsapp,userId = 0
07-29 10:28:40.520  1645  2420 D ApplicationPolicy: isStatusBarNotificationAllowedAsUser: packageName = com.whatsapp,userId = 0
07-29 10:28:40.742  5429  5429 I Edge.badge: updateBadge item = com.whatsapp:0 1
07-29 10:28:40.743  2770  2770 I Launcher.NotificationListener: onNotificationPosted : com.whatsapp number : 0
07-29 10:28:40.747  3790  3790 W NotifCollection: Ranking update is missing ranking for 0|com.whatsapp|1|KDDWftjoWVLcW6ZewvcdvuiUqSavd5JFIYBuX3DzPJc=
07-29 10:28:40.747  3790  3790 W NotifCollection: Ranking update is missing ranking for 0|com.whatsapp|1|7RogJdyQxpg7encGHUrBKkMmDED31ZWjOaeBLJGvKW0=
07-29 10:28:40.747  3790  3790 W NotifCollection: Ranking update is missing ranking for 0|com.whatsapp|1|g1+MLWul+fwXuB6I3J9pjx6uH8ZN/MKz+69SyC4a/zk=
07-29 10:28:40.747  3790  3790 W NotifCollection: Ranking update is missing ranking for 0|com.whatsapp|1|EN550RdtZR6bXorPyfM9LWSiNDVQHK+X1YIZNstz0KA=
07-29 10:28:40.747  3790  3790 W NotifCollection: Ranking update is missing ranking for 0|com.whatsapp|1|x5MXP6nPBTZr3yKuZK2ViwWB1IvPCEzSKCaONMFp0EQ=
07-29 10:28:40.948  3790  3790 D S.S.N.  : onEntryUpdated 0|com.whatsapp|14|null|10341
07-29 10:28:40.948  3790  3790 D BubblesManager: onEntryUpdated : shouldBubbleUp=false ,key=0|com.whatsapp|14|null|10341
07-29 10:28:40.949  3790  3790 D InterruptionStateProvider:  no Heads up : edgelighting enabled app. 0|com.whatsapp|14|null|10341
07-29 10:28:41.504  1152  1152 I BufferQueueProducer: [com.whatsapp/com.whatsapp.Conversation$_29569#211788](this:0xb4000075ef521718,id:-1,api:0,p:-1,c:1152) queueBuffer: fps=22.63 dur=1016.34 max=66.69 min=8.56
07-29 10:28:41.544  1645  2365 D ApplicationPolicy: isStatusBarNotificationAllowedAsUser: packageName = com.whatsapp,userId = 0
07-29 10:28:41.545  1645  2365 D ApplicationPolicy: isStatusBarNotificationAllowedAsUser: packageName = com.whatsapp,userId = 0
07-29 10:28:41.770  2770  2770 I Launcher.NotificationListener: onNotificationPosted : com.whatsapp number : 0
07-29 10:28:41.770  5429  5429 I Edge.badge: updateBadge item = com.whatsapp:0 1
07-29 10:28:41.773  3790  3790 W NotifCollection: Ranking update is missing ranking for 0|com.whatsapp|1|KDDWftjoWVLcW6ZewvcdvuiUqSavd5JFIYBuX3DzPJc=
07-29 10:28:41.774  3790  3790 W NotifCollection: Ranking update is missing ranking for 0|com.whatsapp|1|7RogJdyQxpg7encGHUrBKkMmDED31ZWjOaeBLJGvKW0=
07-29 10:28:41.774  3790  3790 W NotifCollection: Ranking update is missing ranking for 0|com.whatsapp|1|g1+MLWul+fwXuB6I3J9pjx6uH8ZN/MKz+69SyC4a/zk=
07-29 10:28:41.774  3790  3790 W NotifCollection: Ranking update is missing ranking for 0|com.whatsapp|1|EN550RdtZR6bXorPyfM9LWSiNDVQHK+X1YIZNstz0KA=
07-29 10:28:41.774  3790  3790 W NotifCollection: Ranking update is missing ranking for 0|com.whatsapp|1|x5MXP6nPBTZr3yKuZK2ViwWB1IvPCEzSKCaONMFp0EQ=
07-29 10:28:41.977  3790  3790 D S.S.N.  : onEntryUpdated 0|com.whatsapp|14|null|10341
07-29 10:28:41.977  3790  3790 D BubblesManager: onEntryUpdated : shouldBubbleUp=false ,key=0|com.whatsapp|14|null|10341
07-29 10:28:41.977  3790  3790 D InterruptionStateProvider:  no Heads up : edgelighting enabled app. 0|com.whatsapp|14|null|10341
07-29 10:28:42.030  1152  1152 D SurfaceFlinger:      DEVICE | 0xb40000751f1d9570 | 0102 | RGBA_8888    |    0.0    0.0 1080.0 2340.0 |    0    0 1080 2340 | com.whatsapp/com.whatsapp.Conversation$_29569#211788
07-29 10:28:42.520  1152  1152 I BufferQueueProducer: [com.whatsapp/com.whatsapp.Conversation$_29569#211788](this:0xb4000075ef521718,id:-1,api:0,p:-1,c:1152) queueBuffer: fps=21.64 dur=1016.59 max=58.43 min=16.31
07-29 10:28:42.562  1645  2365 D ApplicationPolicy: isStatusBarNotificationAllowedAsUser: packageName = com.whatsapp,userId = 0
07-29 10:28:42.563  1645  2365 D ApplicationPolicy: isStatusBarNotificationAllowedAsUser: packageName = com.whatsapp,userId = 0
07-29 10:28:42.785  2770  2770 I Launcher.NotificationListener: onNotificationPosted : com.whatsapp number : 0
07-29 10:28:42.785  5429  5429 I Edge.badge: updateBadge item = com.whatsapp:0 1
07-29 10:28:42.787  3790  3790 W NotifCollection: Ranking update is missing ranking for 0|com.whatsapp|1|KDDWftjoWVLcW6ZewvcdvuiUqSavd5JFIYBuX3DzPJc=
07-29 10:28:42.788  3790  3790 W NotifCollection: Ranking update is missing ranking for 0|com.whatsapp|1|7RogJdyQxpg7encGHUrBKkMmDED31ZWjOaeBLJGvKW0=
07-29 10:28:42.788  3790  3790 W NotifCollection: Ranking update is missing ranking for 0|com.whatsapp|1|g1+MLWul+fwXuB6I3J9pjx6uH8ZN/MKz+69SyC4a/zk=
07-29 10:28:42.788  3790  3790 W NotifCollection: Ranking update is missing ranking for 0|com.whatsapp|1|EN550RdtZR6bXorPyfM9LWSiNDVQHK+X1YIZNstz0KA=
07-29 10:28:42.788  3790  3790 W NotifCollection: Ranking update is missing ranking for 0|com.whatsapp|1|x5MXP6nPBTZr3yKuZK2ViwWB1IvPCEzSKCaONMFp0EQ=
07-29 10:28:42.990  3790  3790 D S.S.N.  : onEntryUpdated 0|com.whatsapp|14|null|10341
07-29 10:28:42.990  3790  3790 D BubblesManager: onEntryUpdated : shouldBubbleUp=false ,key=0|com.whatsapp|14|null|10341
07-29 10:28:42.991  3790  3790 D InterruptionStateProvider:  no Heads up : edgelighting enabled app. 0|com.whatsapp|14|null|10341
07-29 10:28:43.537  1152  1152 I BufferQueueProducer: [com.whatsapp/com.whatsapp.Conversation$_29569#211788](this:0xb4000075ef521718,id:-1,api:0,p:-1,c:1152) queueBuffer: fps=21.65 dur=1016.40 max=58.52 min=8.35
07-29 10:28:43.576  1645  2420 D ApplicationPolicy: isStatusBarNotificationAllowedAsUser: packageName = com.whatsapp,userId = 0
07-29 10:28:43.577  1645  2420 D ApplicationPolicy: isStatusBarNotificationAllowedAsUser: packageName = com.whatsapp,userId = 0
07-29 10:28:43.799  2770  2770 I Launcher.NotificationListener: onNotificationPosted : com.whatsapp number : 0
07-29 10:28:43.801  3790  3790 W NotifCollection: Ranking update is missing ranking for 0|com.whatsapp|1|KDDWftjoWVLcW6ZewvcdvuiUqSavd5JFIYBuX3DzPJc=
07-29 10:28:43.801  5429  5429 I Edge.badge: updateBadge item = com.whatsapp:0 1
07-29 10:28:43.802  3790  3790 W NotifCollection: Ranking update is missing ranking for 0|com.whatsapp|1|7RogJdyQxpg7encGHUrBKkMmDED31ZWjOaeBLJGvKW0=
07-29 10:28:43.802  3790  3790 W NotifCollection: Ranking update is missing ranking for 0|com.whatsapp|1|g1+MLWul+fwXuB6I3J9pjx6uH8ZN/MKz+69SyC4a/zk=
07-29 10:28:43.802  3790  3790 W NotifCollection: Ranking update is missing ranking for 0|com.whatsapp|1|EN550RdtZR6bXorPyfM9LWSiNDVQHK+X1YIZNstz0KA=
07-29 10:28:43.802  3790  3790 W NotifCollection: Ranking update is missing ranking for 0|com.whatsapp|1|x5MXP6nPBTZr3yKuZK2ViwWB1IvPCEzSKCaONMFp0EQ=
07-29 10:28:44.002  3790  3790 D S.S.N.  : onEntryUpdated 0|com.whatsapp|14|null|10341
07-29 10:28:44.002  3790  3790 D BubblesManager: onEntryUpdated : shouldBubbleUp=false ,key=0|com.whatsapp|14|null|10341
07-29 10:28:44.003  3790  3790 D InterruptionStateProvider:  no Heads up : edgelighting enabled app. 0|com.whatsapp|14|null|10341
07-29 10:28:44.149  5429  6885 I AppsEdge.Badge: key=com.whatsapp:0 count=6
07-29 10:28:44.553  1152  1152 I BufferQueueProducer: [com.whatsapp/com.whatsapp.Conversation$_29569#211788](this:0xb4000075ef521718,id:-1,api:0,p:-1,c:1152) queueBuffer: fps=21.64 dur=1016.66 max=58.77 min=8.40
07-29 10:28:44.592  1645  2365 D ApplicationPolicy: isStatusBarNotificationAllowedAsUser: packageName = com.whatsapp,userId = 0
07-29 10:28:44.592  1645  2365 D ApplicationPolicy: isStatusBarNotificationAllowedAsUser: packageName = com.whatsapp,userId = 0
07-29 10:28:44.814  2770  2770 I Launcher.NotificationListener: onNotificationPosted : com.whatsapp number : 0
07-29 10:28:44.815  5429  5429 I Edge.badge: updateBadge item = com.whatsapp:0 1
07-29 10:28:44.815  3790  3790 W NotifCollection: Ranking update is missing ranking for 0|com.whatsapp|1|KDDWftjoWVLcW6ZewvcdvuiUqSavd5JFIYBuX3DzPJc=
07-29 10:28:44.816  3790  3790 W NotifCollection: Ranking update is missing ranking for 0|com.whatsapp|1|7RogJdyQxpg7encGHUrBKkMmDED31ZWjOaeBLJGvKW0=
07-29 10:28:44.816  3790  3790 W NotifCollection: Ranking update is missing ranking for 0|com.whatsapp|1|g1+MLWul+fwXuB6I3J9pjx6uH8ZN/MKz+69SyC4a/zk=
07-29 10:28:44.816  3790  3790 W NotifCollection: Ranking update is missing ranking for 0|com.whatsapp|1|EN550RdtZR6bXorPyfM9LWSiNDVQHK+X1YIZNstz0KA=
07-29 10:28:44.816  3790  3790 W NotifCollection: Ranking update is missing ranking for 0|com.whatsapp|1|x5MXP6nPBTZr3yKuZK2ViwWB1IvPCEzSKCaONMFp0EQ=
07-29 10:28:45.017  3790  3790 D S.S.N.  : onEntryUpdated 0|com.whatsapp|14|null|10341
07-29 10:28:45.017  3790  3790 D BubblesManager: onEntryUpdated : shouldBubbleUp=false ,key=0|com.whatsapp|14|null|10341
07-29 10:28:45.017  3790  3790 D InterruptionStateProvider:  no Heads up : edgelighting enabled app. 0|com.whatsapp|14|null|10341
07-29 10:28:45.569  1152  1152 I BufferQueueProducer: [com.whatsapp/com.whatsapp.Conversation$_29569#211788](this:0xb4000075ef521718,id:-1,api:0,p:-1,c:1152) queueBuffer: fps=20.66 dur=1016.23 max=58.38 min=24.67
07-29 10:28:45.610  1645  3747 D ApplicationPolicy: isStatusBarNotificationAllowedAsUser: packageName = com.whatsapp,userId = 0
07-29 10:28:45.610  1645  3747 D ApplicationPolicy: isStatusBarNotificationAllowedAsUser: packageName = com.whatsapp,userId = 0
07-29 10:28:45.832  2770  2770 I Launcher.NotificationListener: onNotificationPosted : com.whatsapp number : 0
07-29 10:28:45.832  5429  5429 I Edge.badge: updateBadge item = com.whatsapp:0 1
07-29 10:28:45.835  3790  3790 W NotifCollection: Ranking update is missing ranking for 0|com.whatsapp|1|KDDWftjoWVLcW6ZewvcdvuiUqSavd5JFIYBuX3DzPJc=
07-29 10:28:45.835  3790  3790 W NotifCollection: Ranking update is missing ranking for 0|com.whatsapp|1|7RogJdyQxpg7encGHUrBKkMmDED31ZWjOaeBLJGvKW0=
07-29 10:28:45.835  3790  3790 W NotifCollection: Ranking update is missing ranking for 0|com.whatsapp|1|g1+MLWul+fwXuB6I3J9pjx6uH8ZN/MKz+69SyC4a/zk=
07-29 10:28:45.835  3790  3790 W NotifCollection: Ranking update is missing ranking for 0|com.whatsapp|1|EN550RdtZR6bXorPyfM9LWSiNDVQHK+X1YIZNstz0KA=
07-29 10:28:45.836  3790  3790 W NotifCollection: Ranking update is missing ranking for 0|com.whatsapp|1|x5MXP6nPBTZr3yKuZK2ViwWB1IvPCEzSKCaONMFp0EQ=
07-29 10:28:46.036  3790  3790 D S.S.N.  : onEntryUpdated 0|com.whatsapp|14|null|10341
07-29 10:28:46.036  3790  3790 D BubblesManager: onEntryUpdated : shouldBubbleUp=false ,key=0|com.whatsapp|14|null|10341
07-29 10:28:46.037  3790  3790 D InterruptionStateProvider:  no Heads up : edgelighting enabled app. 0|com.whatsapp|14|null|10341
07-29 10:28:46.586  1152  1152 I BufferQueueProducer: [com.whatsapp/com.whatsapp.Conversation$_29569#211788](this:0xb4000075ef521718,id:-1,api:0,p:-1,c:1152) queueBuffer: fps=21.64 dur=1016.49 max=58.51 min=8.28
07-29 10:28:46.626  1645  3747 D ApplicationPolicy: isStatusBarNotificationAllowedAsUser: packageName = com.whatsapp,userId = 0
07-29 10:28:46.627  1645  3747 D ApplicationPolicy: isStatusBarNotificationAllowedAsUser: packageName = com.whatsapp,userId = 0
07-29 10:28:46.847  2770  2770 I Launcher.NotificationListener: onNotificationPosted : com.whatsapp number : 0
07-29 10:28:46.849  5429  5429 I Edge.badge: updateBadge item = com.whatsapp:0 1
07-29 10:28:46.854  3790  3790 W NotifCollection: Ranking update is missing ranking for 0|com.whatsapp|1|KDDWftjoWVLcW6ZewvcdvuiUqSavd5JFIYBuX3DzPJc=
07-29 10:28:46.855  3790  3790 W NotifCollection: Ranking update is missing ranking for 0|com.whatsapp|1|7RogJdyQxpg7encGHUrBKkMmDED31ZWjOaeBLJGvKW0=
07-29 10:28:46.856  3790  3790 W NotifCollection: Ranking update is missing ranking for 0|com.whatsapp|1|g1+MLWul+fwXuB6I3J9pjx6uH8ZN/MKz+69SyC4a/zk=
07-29 10:28:46.856  3790  3790 W NotifCollection: Ranking update is missing ranking for 0|com.whatsapp|1|EN550RdtZR6bXorPyfM9LWSiNDVQHK+X1YIZNstz0KA=
07-29 10:28:46.857  3790  3790 W NotifCollection: Ranking update is missing ranking for 0|com.whatsapp|1|x5MXP6nPBTZr3yKuZK2ViwWB1IvPCEzSKCaONMFp0EQ=
07-29 10:28:47.055  3790  3790 D S.S.N.  : onEntryUpdated 0|com.whatsapp|14|null|10341
07-29 10:28:47.055  3790  3790 D BubblesManager: onEntryUpdated : shouldBubbleUp=false ,key=0|com.whatsapp|14|null|10341
07-29 10:28:47.055  3790  3790 D InterruptionStateProvider:  no Heads up : edgelighting enabled app. 0|com.whatsapp|14|null|10341
07-29 10:28:47.611  1152  1152 I BufferQueueProducer: [com.whatsapp/com.whatsapp.Conversation$_29569#211788](this:0xb4000075ef521718,id:-1,api:0,p:-1,c:1152) queueBuffer: fps=21.46 dur=1025.12 max=66.94 min=16.58
07-29 10:28:47.645  1645  2365 D ApplicationPolicy: isStatusBarNotificationAllowedAsUser: packageName = com.whatsapp,userId = 0
07-29 10:28:47.645  1645  2365 D ApplicationPolicy: isStatusBarNotificationAllowedAsUser: packageName = com.whatsapp,userId = 0
07-29 10:28:47.865  2770  2770 I Launcher.NotificationListener: onNotificationPosted : com.whatsapp number : 0
07-29 10:28:47.868  5429  5429 I Edge.badge: updateBadge item = com.whatsapp:0 1
07-29 10:28:47.870  3790  3790 W NotifCollection: Ranking update is missing ranking for 0|com.whatsapp|1|KDDWftjoWVLcW6ZewvcdvuiUqSavd5JFIYBuX3DzPJc=
07-29 10:28:47.870  3790  3790 W NotifCollection: Ranking update is missing ranking for 0|com.whatsapp|1|7RogJdyQxpg7encGHUrBKkMmDED31ZWjOaeBLJGvKW0=
07-29 10:28:47.870  3790  3790 W NotifCollection: Ranking update is missing ranking for 0|com.whatsapp|1|g1+MLWul+fwXuB6I3J9pjx6uH8ZN/MKz+69SyC4a/zk=
07-29 10:28:47.870  3790  3790 W NotifCollection: Ranking update is missing ranking for 0|com.whatsapp|1|EN550RdtZR6bXorPyfM9LWSiNDVQHK+X1YIZNstz0KA=
07-29 10:28:47.870  3790  3790 W NotifCollection: Ranking update is missing ranking for 0|com.whatsapp|1|x5MXP6nPBTZr3yKuZK2ViwWB1IvPCEzSKCaONMFp0EQ=
07-29 10:28:48.071  3790  3790 D S.S.N.  : onEntryUpdated 0|com.whatsapp|14|null|10341
07-29 10:28:48.072  3790  3790 D BubblesManager: onEntryUpdated : shouldBubbleUp=false ,key=0|com.whatsapp|14|null|10341
07-29 10:28:48.072  3790  3790 D InterruptionStateProvider:  no Heads up : edgelighting enabled app. 0|com.whatsapp|14|null|10341
07-29 10:28:48.636  1152  1152 I BufferQueueProducer: [com.whatsapp/com.whatsapp.Conversation$_29569#211788](this:0xb4000075ef521718,id:-1,api:0,p:-1,c:1152) queueBuffer: fps=21.47 dur=1024.80 max=58.60 min=8.30
07-29 10:28:48.668  1645  3747 D ApplicationPolicy: isStatusBarNotificationAllowedAsUser: packageName = com.whatsapp,userId = 0
07-29 10:28:48.669  1645  3747 D ApplicationPolicy: isStatusBarNotificationAllowedAsUser: packageName = com.whatsapp,userId = 0
07-29 10:28:48.893  2770  2770 I Launcher.NotificationListener: onNotificationPosted : com.whatsapp number : 0
07-29 10:28:48.893  5429  5429 I Edge.badge: updateBadge item = com.whatsapp:0 1
07-29 10:28:48.898  3790  3790 W NotifCollection: Ranking update is missing ranking for 0|com.whatsapp|1|KDDWftjoWVLcW6ZewvcdvuiUqSavd5JFIYBuX3DzPJc=
07-29 10:28:48.898  3790  3790 W NotifCollection: Ranking update is missing ranking for 0|com.whatsapp|1|7RogJdyQxpg7encGHUrBKkMmDED31ZWjOaeBLJGvKW0=
07-29 10:28:48.898  3790  3790 W NotifCollection: Ranking update is missing ranking for 0|com.whatsapp|1|g1+MLWul+fwXuB6I3J9pjx6uH8ZN/MKz+69SyC4a/zk=
07-29 10:28:48.898  3790  3790 W NotifCollection: Ranking update is missing ranking for 0|com.whatsapp|1|EN550RdtZR6bXorPyfM9LWSiNDVQHK+X1YIZNstz0KA=
07-29 10:28:48.898  3790  3790 W NotifCollection: Ranking update is missing ranking for 0|com.whatsapp|1|x5MXP6nPBTZr3yKuZK2ViwWB1IvPCEzSKCaONMFp0EQ=
07-29 10:28:49.099  3790  3790 D S.S.N.  : onEntryUpdated 0|com.whatsapp|14|null|10341
07-29 10:28:49.099  3790  3790 D BubblesManager: onEntryUpdated : shouldBubbleUp=false ,key=0|com.whatsapp|14|null|10341
07-29 10:28:49.099  3790  3790 D InterruptionStateProvider:  no Heads up : edgelighting enabled app. 0|com.whatsapp|14|null|10341
07-29 10:28:49.644  1152  1152 I BufferQueueProducer: [com.whatsapp/com.whatsapp.Conversation$_29569#211788](this:0xb4000075ef521718,id:-1,api:0,p:-1,c:1152) queueBuffer: fps=21.83 dur=1007.81 max=66.60 min=16.69
07-29 10:28:49.685  1645  3747 D ApplicationPolicy: isStatusBarNotificationAllowedAsUser: packageName = com.whatsapp,userId = 0
07-29 10:28:49.686  1645  3747 D ApplicationPolicy: isStatusBarNotificationAllowedAsUser: packageName = com.whatsapp,userId = 0
07-29 10:28:49.907  5429  5429 I Edge.badge: updateBadge item = com.whatsapp:0 1
07-29 10:28:49.909  2770  2770 I Launcher.NotificationListener: onNotificationPosted : com.whatsapp number : 0
07-29 10:28:49.912  3790  3790 W NotifCollection: Ranking update is missing ranking for 0|com.whatsapp|1|KDDWftjoWVLcW6ZewvcdvuiUqSavd5JFIYBuX3DzPJc=
07-29 10:28:49.912  3790  3790 W NotifCollection: Ranking update is missing ranking for 0|com.whatsapp|1|7RogJdyQxpg7encGHUrBKkMmDED31ZWjOaeBLJGvKW0=
07-29 10:28:49.912  3790  3790 W NotifCollection: Ranking update is missing ranking for 0|com.whatsapp|1|g1+MLWul+fwXuB6I3J9pjx6uH8ZN/MKz+69SyC4a/zk=
07-29 10:28:49.912  3790  3790 W NotifCollection: Ranking update is missing ranking for 0|com.whatsapp|1|EN550RdtZR6bXorPyfM9LWSiNDVQHK+X1YIZNstz0KA=
07-29 10:28:49.913  3790  3790 W NotifCollection: Ranking update is missing ranking for 0|com.whatsapp|1|x5MXP6nPBTZr3yKuZK2ViwWB1IvPCEzSKCaONMFp0EQ=
07-29 10:28:50.113  3790  3790 D S.S.N.  : onEntryUpdated 0|com.whatsapp|14|null|10341
07-29 10:28:50.113  3790  3790 D BubblesManager: onEntryUpdated : shouldBubbleUp=false ,key=0|com.whatsapp|14|null|10341
07-29 10:28:50.114  3790  3790 D InterruptionStateProvider:  no Heads up : edgelighting enabled app. 0|com.whatsapp|14|null|10341
07-29 10:28:50.669  1152  1152 I BufferQueueProducer: [com.whatsapp/com.whatsapp.Conversation$_29569#211788](this:0xb4000075ef521718,id:-1,api:0,p:-1,c:1152) queueBuffer: fps=21.46 dur=1025.02 max=66.91 min=8.11
07-29 10:28:50.703  1645  2365 D ApplicationPolicy: isStatusBarNotificationAllowedAsUser: packageName = com.whatsapp,userId = 0
07-29 10:28:50.703  1645  2365 D ApplicationPolicy: isStatusBarNotificationAllowedAsUser: packageName = com.whatsapp,userId = 0
07-29 10:28:50.926  2770  2770 I Launcher.NotificationListener: onNotificationPosted : com.whatsapp number : 0
07-29 10:28:50.926  5429  5429 I Edge.badge: updateBadge item = com.whatsapp:0 1
07-29 10:28:50.929  3790  3790 W NotifCollection: Ranking update is missing ranking for 0|com.whatsapp|1|KDDWftjoWVLcW6ZewvcdvuiUqSavd5JFIYBuX3DzPJc=
07-29 10:28:50.929  3790  3790 W NotifCollection: Ranking update is missing ranking for 0|com.whatsapp|1|7RogJdyQxpg7encGHUrBKkMmDED31ZWjOaeBLJGvKW0=
07-29 10:28:50.930  3790  3790 W NotifCollection: Ranking update is missing ranking for 0|com.whatsapp|1|g1+MLWul+fwXuB6I3J9pjx6uH8ZN/MKz+69SyC4a/zk=
07-29 10:28:50.930  3790  3790 W NotifCollection: Ranking update is missing ranking for 0|com.whatsapp|1|EN550RdtZR6bXorPyfM9LWSiNDVQHK+X1YIZNstz0KA=
07-29 10:28:50.930  3790  3790 W NotifCollection: Ranking update is missing ranking for 0|com.whatsapp|1|x5MXP6nPBTZr3yKuZK2ViwWB1IvPCEzSKCaONMFp0EQ=
07-29 10:28:51.130  3790  3790 D S.S.N.  : onEntryUpdated 0|com.whatsapp|14|null|10341
07-29 10:28:51.130  3790  3790 D BubblesManager: onEntryUpdated : shouldBubbleUp=false ,key=0|com.whatsapp|14|null|10341
07-29 10:28:51.130  3790  3790 D InterruptionStateProvider:  no Heads up : edgelighting enabled app. 0|com.whatsapp|14|null|10341
07-29 10:28:51.693  1152  1152 I BufferQueueProducer: [com.whatsapp/com.whatsapp.Conversation$_29569#211788](this:0xb4000075ef521718,id:-1,api:0,p:-1,c:1152) queueBuffer: fps=21.47 dur=1024.72 max=58.44 min=8.34
07-29 10:28:51.727  1645  3747 D ApplicationPolicy: isStatusBarNotificationAllowedAsUser: packageName = com.whatsapp,userId = 0
07-29 10:28:51.728  1645  3747 D ApplicationPolicy: isStatusBarNotificationAllowedAsUser: packageName = com.whatsapp,userId = 0
07-29 10:28:51.950  5429  5429 I Edge.badge: updateBadge item = com.whatsapp:0 1
07-29 10:28:51.950  2770  2770 I Launcher.NotificationListener: onNotificationPosted : com.whatsapp number : 0
07-29 10:28:51.953  3790  3790 W NotifCollection: Ranking update is missing ranking for 0|com.whatsapp|1|KDDWftjoWVLcW6ZewvcdvuiUqSavd5JFIYBuX3DzPJc=
07-29 10:28:51.953  3790  3790 W NotifCollection: Ranking update is missing ranking for 0|com.whatsapp|1|7RogJdyQxpg7encGHUrBKkMmDED31ZWjOaeBLJGvKW0=
07-29 10:28:51.953  3790  3790 W NotifCollection: Ranking update is missing ranking for 0|com.whatsapp|1|g1+MLWul+fwXuB6I3J9pjx6uH8ZN/MKz+69SyC4a/zk=
07-29 10:28:51.953  3790  3790 W NotifCollection: Ranking update is missing ranking for 0|com.whatsapp|1|EN550RdtZR6bXorPyfM9LWSiNDVQHK+X1YIZNstz0KA=
07-29 10:28:51.953  3790  3790 W NotifCollection: Ranking update is missing ranking for 0|com.whatsapp|1|x5MXP6nPBTZr3yKuZK2ViwWB1IvPCEzSKCaONMFp0EQ=
07-29 10:28:52.154  3790  3790 D S.S.N.  : onEntryUpdated 0|com.whatsapp|14|null|10341
07-29 10:28:52.154  3790  3790 D BubblesManager: onEntryUpdated : shouldBubbleUp=false ,key=0|com.whatsapp|14|null|10341
07-29 10:28:52.155  3790  3790 D InterruptionStateProvider:  no Heads up : edgelighting enabled app. 0|com.whatsapp|14|null|10341
07-29 10:28:52.701  1152  1152 I BufferQueueProducer: [com.whatsapp/com.whatsapp.Conversation$_29569#211788](this:0xb4000075ef521718,id:-1,api:0,p:-1,c:1152) queueBuffer: fps=21.83 dur=1007.93 max=58.55 min=16.69
07-29 10:28:52.744  1645  4514 D ApplicationPolicy: isStatusBarNotificationAllowedAsUser: packageName = com.whatsapp,userId = 0
07-29 10:28:52.744  1645  4514 D ApplicationPolicy: isStatusBarNotificationAllowedAsUser: packageName = com.whatsapp,userId = 0
07-29 10:28:52.965  2770  2770 I Launcher.NotificationListener: onNotificationPosted : com.whatsapp number : 0
07-29 10:28:52.966  5429  5429 I Edge.badge: updateBadge item = com.whatsapp:0 1
07-29 10:28:52.967  3790  3790 W NotifCollection: Ranking update is missing ranking for 0|com.whatsapp|1|KDDWftjoWVLcW6ZewvcdvuiUqSavd5JFIYBuX3DzPJc=
07-29 10:28:52.967  3790  3790 W NotifCollection: Ranking update is missing ranking for 0|com.whatsapp|1|7RogJdyQxpg7encGHUrBKkMmDED31ZWjOaeBLJGvKW0=
07-29 10:28:52.967  3790  3790 W NotifCollection: Ranking update is missing ranking for 0|com.whatsapp|1|g1+MLWul+fwXuB6I3J9pjx6uH8ZN/MKz+69SyC4a/zk=
07-29 10:28:52.968  3790  3790 W NotifCollection: Ranking update is missing ranking for 0|com.whatsapp|1|EN550RdtZR6bXorPyfM9LWSiNDVQHK+X1YIZNstz0KA=
07-29 10:28:52.968  3790  3790 W NotifCollection: Ranking update is missing ranking for 0|com.whatsapp|1|x5MXP6nPBTZr3yKuZK2ViwWB1IvPCEzSKCaONMFp0EQ=
07-29 10:28:53.168  3790  3790 D S.S.N.  : onEntryUpdated 0|com.whatsapp|14|null|10341
07-29 10:28:53.168  3790  3790 D BubblesManager: onEntryUpdated : shouldBubbleUp=false ,key=0|com.whatsapp|14|null|10341
07-29 10:28:53.169  3790  3790 D InterruptionStateProvider:  no Heads up : edgelighting enabled app. 0|com.whatsapp|14|null|10341
07-29 10:28:53.726  1152  1152 I BufferQueueProducer: [com.whatsapp/com.whatsapp.Conversation$_29569#211788](this:0xb4000075ef521718,id:-1,api:0,p:-1,c:1152) queueBuffer: fps=21.46 dur=1025.08 max=58.55 min=8.43
07-29 10:28:53.759  1645  3747 D ApplicationPolicy: isStatusBarNotificationAllowedAsUser: packageName = com.whatsapp,userId = 0
07-29 10:28:53.759  1645  3747 D ApplicationPolicy: isStatusBarNotificationAllowedAsUser: packageName = com.whatsapp,userId = 0
07-29 10:28:53.982  2770  2770 I Launcher.NotificationListener: onNotificationPosted : com.whatsapp number : 0
07-29 10:28:53.982  5429  5429 I Edge.badge: updateBadge item = com.whatsapp:0 1
07-29 10:28:53.984  3790  3790 W NotifCollection: Ranking update is missing ranking for 0|com.whatsapp|1|KDDWftjoWVLcW6ZewvcdvuiUqSavd5JFIYBuX3DzPJc=
07-29 10:28:53.984  3790  3790 W NotifCollection: Ranking update is missing ranking for 0|com.whatsapp|1|7RogJdyQxpg7encGHUrBKkMmDED31ZWjOaeBLJGvKW0=
07-29 10:28:53.985  3790  3790 W NotifCollection: Ranking update is missing ranking for 0|com.whatsapp|1|g1+MLWul+fwXuB6I3J9pjx6uH8ZN/MKz+69SyC4a/zk=
07-29 10:28:53.985  3790  3790 W NotifCollection: Ranking update is missing ranking for 0|com.whatsapp|1|EN550RdtZR6bXorPyfM9LWSiNDVQHK+X1YIZNstz0KA=
07-29 10:28:53.985  3790  3790 W NotifCollection: Ranking update is missing ranking for 0|com.whatsapp|1|x5MXP6nPBTZr3yKuZK2ViwWB1IvPCEzSKCaONMFp0EQ=
07-29 10:28:54.185  3790  3790 D S.S.N.  : onEntryUpdated 0|com.whatsapp|14|null|10341
07-29 10:28:54.185  3790  3790 D BubblesManager: onEntryUpdated : shouldBubbleUp=false ,key=0|com.whatsapp|14|null|10341
07-29 10:28:54.186  3790  3790 D InterruptionStateProvider:  no Heads up : edgelighting enabled app. 0|com.whatsapp|14|null|10341
07-29 10:28:54.742  1152  1152 I BufferQueueProducer: [com.whatsapp/com.whatsapp.Conversation$_29569#211788](this:0xb4000075ef521718,id:-1,api:0,p:-1,c:1152) queueBuffer: fps=21.65 dur=1016.07 max=58.47 min=8.30
07-29 10:28:54.779  1645  3747 D ApplicationPolicy: isStatusBarNotificationAllowedAsUser: packageName = com.whatsapp,userId = 0
07-29 10:28:54.780  1645  3747 D ApplicationPolicy: isStatusBarNotificationAllowedAsUser: packageName = com.whatsapp,userId = 0
07-29 10:28:55.006  2770  2770 I Launcher.NotificationListener: onNotificationPosted : com.whatsapp number : 0
07-29 10:28:55.007  5429  5429 I Edge.badge: updateBadge item = com.whatsapp:0 1
07-29 10:28:55.007  3790  3790 W NotifCollection: Ranking update is missing ranking for 0|com.whatsapp|1|KDDWftjoWVLcW6ZewvcdvuiUqSavd5JFIYBuX3DzPJc=
07-29 10:28:55.008  3790  3790 W NotifCollection: Ranking update is missing ranking for 0|com.whatsapp|1|7RogJdyQxpg7encGHUrBKkMmDED31ZWjOaeBLJGvKW0=
07-29 10:28:55.008  3790  3790 W NotifCollection: Ranking update is missing ranking for 0|com.whatsapp|1|g1+MLWul+fwXuB6I3J9pjx6uH8ZN/MKz+69SyC4a/zk=
07-29 10:28:55.008  3790  3790 W NotifCollection: Ranking update is missing ranking for 0|com.whatsapp|1|EN550RdtZR6bXorPyfM9LWSiNDVQHK+X1YIZNstz0KA=
07-29 10:28:55.008  3790  3790 W NotifCollection: Ranking update is missing ranking for 0|com.whatsapp|1|x5MXP6nPBTZr3yKuZK2ViwWB1IvPCEzSKCaONMFp0EQ=
07-29 10:28:55.209  3790  3790 D S.S.N.  : onEntryUpdated 0|com.whatsapp|14|null|10341
07-29 10:28:55.210  3790  3790 D BubblesManager: onEntryUpdated : shouldBubbleUp=false ,key=0|com.whatsapp|14|null|10341
07-29 10:28:55.210  3790  3790 D InterruptionStateProvider:  no Heads up : edgelighting enabled app. 0|com.whatsapp|14|null|10341
07-29 10:28:55.759  1152  1152 I BufferQueueProducer: [com.whatsapp/com.whatsapp.Conversation$_29569#211788](this:0xb4000075ef521718,id:-1,api:0,p:-1,c:1152) queueBuffer: fps=21.64 dur=1016.60 max=66.69 min=8.32
07-29 10:28:55.799  1645  4514 D ApplicationPolicy: isStatusBarNotificationAllowedAsUser: packageName = com.whatsapp,userId = 0
07-29 10:28:55.799  1645  4514 D ApplicationPolicy: isStatusBarNotificationAllowedAsUser: packageName = com.whatsapp,userId = 0
07-29 10:28:55.997 29569 29794 I WM-WorkerWrapper: Worker result SUCCESS for Work [ id=0f1ac56a-d783-45eb-abe4-e09b01659b3f, tags={ com.whatsapp.messaging.xmpp.XmppLifecycleWorker } ]
07-29 10:28:56.027  5429  5429 I Edge.badge: updateBadge item = com.whatsapp:0 1
07-29 10:28:56.028  2770  2770 I Launcher.NotificationListener: onNotificationPosted : com.whatsapp number : 0
07-29 10:28:56.030  3790  3790 W NotifCollection: Ranking update is missing ranking for 0|com.whatsapp|1|KDDWftjoWVLcW6ZewvcdvuiUqSavd5JFIYBuX3DzPJc=
07-29 10:28:56.030  3790  3790 W NotifCollection: Ranking update is missing ranking for 0|com.whatsapp|1|7RogJdyQxpg7encGHUrBKkMmDED31ZWjOaeBLJGvKW0=
07-29 10:28:56.030  3790  3790 W NotifCollection: Ranking update is missing ranking for 0|com.whatsapp|1|g1+MLWul+fwXuB6I3J9pjx6uH8ZN/MKz+69SyC4a/zk=
07-29 10:28:56.030  3790  3790 W NotifCollection: Ranking update is missing ranking for 0|com.whatsapp|1|EN550RdtZR6bXorPyfM9LWSiNDVQHK+X1YIZNstz0KA=
07-29 10:28:56.031  3790  3790 W NotifCollection: Ranking update is missing ranking for 0|com.whatsapp|1|x5MXP6nPBTZr3yKuZK2ViwWB1IvPCEzSKCaONMFp0EQ=
07-29 10:28:56.231  3790  3790 D S.S.N.  : onEntryUpdated 0|com.whatsapp|14|null|10341
07-29 10:28:56.231  3790  3790 D BubblesManager: onEntryUpdated : shouldBubbleUp=false ,key=0|com.whatsapp|14|null|10341
07-29 10:28:56.232  3790  3790 D InterruptionStateProvider:  no Heads up : edgelighting enabled app. 0|com.whatsapp|14|null|10341
07-29 10:28:56.767  1152  1152 I BufferQueueProducer: [com.whatsapp/com.whatsapp.Conversation$_29569#211788](this:0xb4000075ef521718,id:-1,api:0,p:-1,c:1152) queueBuffer: fps=21.83 dur=1007.90 max=58.36 min=16.68
07-29 10:28:56.812  1645  1709 D ApplicationPolicy: isStatusBarNotificationAllowedAsUser: packageName = com.whatsapp,userId = 0
07-29 10:28:56.813  1645  1709 D ApplicationPolicy: isStatusBarNotificationAllowedAsUser: packageName = com.whatsapp,userId = 0
07-29 10:28:57.039  2770  2770 I Launcher.NotificationListener: onNotificationPosted : com.whatsapp number : 0
07-29 10:28:57.043  5429  5429 I Edge.badge: updateBadge item = com.whatsapp:0 1
07-29 10:28:57.045  3790  3790 W NotifCollection: Ranking update is missing ranking for 0|com.whatsapp|1|KDDWftjoWVLcW6ZewvcdvuiUqSavd5JFIYBuX3DzPJc=
07-29 10:28:57.046  3790  3790 W NotifCollection: Ranking update is missing ranking for 0|com.whatsapp|1|7RogJdyQxpg7encGHUrBKkMmDED31ZWjOaeBLJGvKW0=
07-29 10:28:57.046  3790  3790 W NotifCollection: Ranking update is missing ranking for 0|com.whatsapp|1|g1+MLWul+fwXuB6I3J9pjx6uH8ZN/MKz+69SyC4a/zk=
07-29 10:28:57.046  3790  3790 W NotifCollection: Ranking update is missing ranking for 0|com.whatsapp|1|EN550RdtZR6bXorPyfM9LWSiNDVQHK+X1YIZNstz0KA=
07-29 10:28:57.046  3790  3790 W NotifCollection: Ranking update is missing ranking for 0|com.whatsapp|1|x5MXP6nPBTZr3yKuZK2ViwWB1IvPCEzSKCaONMFp0EQ=
07-29 10:28:57.247  3790  3790 D S.S.N.  : onEntryUpdated 0|com.whatsapp|14|null|10341
07-29 10:28:57.247  3790  3790 D BubblesManager: onEntryUpdated : shouldBubbleUp=false ,key=0|com.whatsapp|14|null|10341
07-29 10:28:57.247  3790  3790 D InterruptionStateProvider:  no Heads up : edgelighting enabled app. 0|com.whatsapp|14|null|10341
07-29 10:28:57.800  1152  1152 I BufferQueueProducer: [com.whatsapp/com.whatsapp.Conversation$_29569#211788](this:0xb4000075ef521718,id:-1,api:0,p:-1,c:1152) queueBuffer: fps=21.29 dur=1033.29 max=58.47 min=8.48
07-29 10:28:57.834  1645  1953 D ApplicationPolicy: isStatusBarNotificationAllowedAsUser: packageName = com.whatsapp,userId = 0
07-29 10:28:57.834  1645  1953 D ApplicationPolicy: isStatusBarNotificationAllowedAsUser: packageName = com.whatsapp,userId = 0
07-29 10:28:58.056  2770  2770 I Launcher.NotificationListener: onNotificationPosted : com.whatsapp number : 0
07-29 10:28:58.056  5429  5429 I Edge.badge: updateBadge item = com.whatsapp:0 1
07-29 10:28:58.057  3790  3790 W NotifCollection: Ranking update is missing ranking for 0|com.whatsapp|1|KDDWftjoWVLcW6ZewvcdvuiUqSavd5JFIYBuX3DzPJc=
07-29 10:28:58.057  3790  3790 W NotifCollection: Ranking update is missing ranking for 0|com.whatsapp|1|7RogJdyQxpg7encGHUrBKkMmDED31ZWjOaeBLJGvKW0=
07-29 10:28:58.058  3790  3790 W NotifCollection: Ranking update is missing ranking for 0|com.whatsapp|1|g1+MLWul+fwXuB6I3J9pjx6uH8ZN/MKz+69SyC4a/zk=
07-29 10:28:58.058  3790  3790 W NotifCollection: Ranking update is missing ranking for 0|com.whatsapp|1|EN550RdtZR6bXorPyfM9LWSiNDVQHK+X1YIZNstz0KA=
07-29 10:28:58.058  3790  3790 W NotifCollection: Ranking update is missing ranking for 0|com.whatsapp|1|x5MXP6nPBTZr3yKuZK2ViwWB1IvPCEzSKCaONMFp0EQ=
07-29 10:28:58.258  3790  3790 D S.S.N.  : onEntryUpdated 0|com.whatsapp|14|null|10341
07-29 10:28:58.258  3790  3790 D BubblesManager: onEntryUpdated : shouldBubbleUp=false ,key=0|com.whatsapp|14|null|10341
07-29 10:28:58.258  3790  3790 D InterruptionStateProvider:  no Heads up : edgelighting enabled app. 0|com.whatsapp|14|null|10341
07-29 10:28:58.808  1152  1152 I BufferQueueProducer: [com.whatsapp/com.whatsapp.Conversation$_29569#211788](this:0xb4000075ef521718,id:-1,api:0,p:-1,c:1152) queueBuffer: fps=21.82 dur=1008.05 max=58.75 min=16.82
07-29 10:28:58.851  1645  1953 D ApplicationPolicy: isStatusBarNotificationAllowedAsUser: packageName = com.whatsapp,userId = 0
07-29 10:28:58.852  1645  1953 D ApplicationPolicy: isStatusBarNotificationAllowedAsUser: packageName = com.whatsapp,userId = 0
07-29 10:28:59.076  5429  5429 I Edge.badge: updateBadge item = com.whatsapp:0 1
